SELECT tnpoint 'Npoint(1, 0.5)@2000-01-01' #= npoint 'Npoint(1, 0.5)';
         ?column?         
--------------------------
 t@2000-01-01 00:00:00+00
(1 row)

SELECT tnpoint '{Npoint(1, 0.3)@2000-01-01, Npoint(1, 0.5)@2000-01-02, Npoint(1, 0.5)@2000-01-03}' #= npoint 'Npoint(1, 0.5)';
                                    ?column?                                    
--------------------------------------------------------------------------------
 {f@2000-01-01 00:00:00+00, t@2000-01-02 00:00:00+00, t@2000-01-03 00:00:00+00}
(1 row)

SELECT tnpoint '[Npoint(1, 0.2)@2000-01-01, Npoint(1, 0.4)@2000-01-02, Npoint(1, 0.5)@2000-01-03]' #= npoint 'Npoint(1, 0.5)';
                        ?column?                        
--------------------------------------------------------
 {[f@2000-01-01 00:00:00+00, t@2000-01-03 00:00:00+00]}
(1 row)

SELECT tnpoint '{[Npoint(1, 0.2)@2000-01-01, Npoint(1, 0.4)@2000-01-02, Npoint(1, 0.5)@2000-01-03], [Npoint(2, 0.6)@2000-01-04, Npoint(2, 0.6)@2000-01-05]}' #= npoint 'Npoint(1, 0.5)';
                                                   ?column?                                                   
--------------------------------------------------------------------------------------------------------------
 {[f@2000-01-01 00:00:00+00, t@2000-01-03 00:00:00+00], [f@2000-01-04 00:00:00+00, f@2000-01-05 00:00:00+00]}
(1 row)

SELECT npoint 'Npoint(1, 0.5)' #= tnpoint 'Npoint(1, 0.5)@2000-01-01';
         ?column?         
--------------------------
 t@2000-01-01 00:00:00+00
(1 row)

SELECT npoint 'Npoint(1, 0.5)' #= tnpoint '{Npoint(1, 0.3)@2000-01-01, Npoint(1, 0.5)@2000-01-02, Npoint(1, 0.5)@2000-01-03}';
                                    ?column?                                    
--------------------------------------------------------------------------------
 {f@2000-01-01 00:00:00+00, t@2000-01-02 00:00:00+00, t@2000-01-03 00:00:00+00}
(1 row)

SELECT npoint 'Npoint(1, 0.5)' #= tnpoint '[Npoint(1, 0.2)@2000-01-01, Npoint(1, 0.4)@2000-01-02, Npoint(1, 0.5)@2000-01-03]';
                        ?column?                        
--------------------------------------------------------
 {[f@2000-01-01 00:00:00+00, t@2000-01-03 00:00:00+00]}
(1 row)

SELECT npoint 'Npoint(1, 0.5)' #= tnpoint '{[Npoint(1, 0.2)@2000-01-01, Npoint(1, 0.4)@2000-01-02, Npoint(1, 0.5)@2000-01-03], [Npoint(2, 0.6)@2000-01-04, Npoint(2, 0.6)@2000-01-05]}';
                                                   ?column?                                                   
--------------------------------------------------------------------------------------------------------------
 {[f@2000-01-01 00:00:00+00, t@2000-01-03 00:00:00+00], [f@2000-01-04 00:00:00+00, f@2000-01-05 00:00:00+00]}
(1 row)

SELECT tnpoint 'Npoint(1, 0.5)@2000-01-01' #= tnpoint 'Npoint(1, 0.5)@2000-01-01';
         ?column?         
--------------------------
 t@2000-01-01 00:00:00+00
(1 row)

SELECT tnpoint 'Npoint(1, 0.5)@2000-01-01' #= tnpoint '{Npoint(1, 0.3)@2000-01-01, Npoint(1, 0.5)@2000-01-02, Npoint(1, 0.5)@2000-01-03}';
         ?column?         
--------------------------
 f@2000-01-01 00:00:00+00
(1 row)

SELECT tnpoint 'Npoint(1, 0.5)@2000-01-01' #= tnpoint '[Npoint(1, 0.2)@2000-01-01, Npoint(1, 0.4)@2000-01-02, Npoint(1, 0.5)@2000-01-03]';
         ?column?         
--------------------------
 f@2000-01-01 00:00:00+00
(1 row)

SELECT tnpoint 'Npoint(1, 0.5)@2000-01-01' #= tnpoint '{[Npoint(1, 0.2)@2000-01-01, Npoint(1, 0.4)@2000-01-02, Npoint(1, 0.5)@2000-01-03], [Npoint(2, 0.6)@2000-01-04, Npoint(2, 0.6)@2000-01-05]}';
         ?column?         
--------------------------
 f@2000-01-01 00:00:00+00
(1 row)

SELECT tnpoint '{Npoint(1, 0.3)@2000-01-01, Npoint(1, 0.5)@2000-01-02, Npoint(1, 0.5)@2000-01-03}' #= tnpoint 'Npoint(1, 0.5)@2000-01-01';
         ?column?         
--------------------------
 f@2000-01-01 00:00:00+00
(1 row)

SELECT tnpoint '{Npoint(1, 0.3)@2000-01-01, Npoint(1, 0.5)@2000-01-02, Npoint(1, 0.5)@2000-01-03}' #= tnpoint '{Npoint(1, 0.3)@2000-01-01, Npoint(1, 0.5)@2000-01-02, Npoint(1, 0.5)@2000-01-03}';
                                    ?column?                                    
--------------------------------------------------------------------------------
 {t@2000-01-01 00:00:00+00, t@2000-01-02 00:00:00+00, t@2000-01-03 00:00:00+00}
(1 row)

SELECT tnpoint '{Npoint(1, 0.3)@2000-01-01, Npoint(1, 0.5)@2000-01-02, Npoint(1, 0.5)@2000-01-03}' #= tnpoint '[Npoint(1, 0.2)@2000-01-01, Npoint(1, 0.4)@2000-01-02, Npoint(1, 0.5)@2000-01-03]';
                                    ?column?                                    
--------------------------------------------------------------------------------
 {f@2000-01-01 00:00:00+00, f@2000-01-02 00:00:00+00, t@2000-01-03 00:00:00+00}
(1 row)

SELECT tnpoint '{Npoint(1, 0.3)@2000-01-01, Npoint(1, 0.5)@2000-01-02, Npoint(1, 0.5)@2000-01-03}' #= tnpoint '{[Npoint(1, 0.2)@2000-01-01, Npoint(1, 0.4)@2000-01-02, Npoint(1, 0.5)@2000-01-03], [Npoint(2, 0.6)@2000-01-04, Npoint(2, 0.6)@2000-01-05]}';
                                    ?column?                                    
--------------------------------------------------------------------------------
 {f@2000-01-01 00:00:00+00, f@2000-01-02 00:00:00+00, t@2000-01-03 00:00:00+00}
(1 row)

SELECT tnpoint '[Npoint(1, 0.2)@2000-01-01, Npoint(1, 0.4)@2000-01-02, Npoint(1, 0.5)@2000-01-03]' #= tnpoint 'Npoint(1, 0.5)@2000-01-01';
         ?column?         
--------------------------
 f@2000-01-01 00:00:00+00
(1 row)

SELECT tnpoint '[Npoint(1, 0.2)@2000-01-01, Npoint(1, 0.4)@2000-01-02, Npoint(1, 0.5)@2000-01-03]' #= tnpoint '{Npoint(1, 0.3)@2000-01-01, Npoint(1, 0.5)@2000-01-02, Npoint(1, 0.5)@2000-01-03}';
                                    ?column?                                    
--------------------------------------------------------------------------------
 {f@2000-01-01 00:00:00+00, f@2000-01-02 00:00:00+00, t@2000-01-03 00:00:00+00}
(1 row)

SELECT tnpoint '[Npoint(1, 0.2)@2000-01-01, Npoint(1, 0.4)@2000-01-02, Npoint(1, 0.5)@2000-01-03]' #= tnpoint '[Npoint(1, 0.2)@2000-01-01, Npoint(1, 0.4)@2000-01-02, Npoint(1, 0.5)@2000-01-03]';
                       ?column?                       
------------------------------------------------------
 [t@2000-01-01 00:00:00+00, t@2000-01-03 00:00:00+00]
(1 row)

SELECT tnpoint '[Npoint(1, 0.2)@2000-01-01, Npoint(1, 0.4)@2000-01-02, Npoint(1, 0.5)@2000-01-03]' #= tnpoint '{[Npoint(1, 0.2)@2000-01-01, Npoint(1, 0.4)@2000-01-02, Npoint(1, 0.5)@2000-01-03], [Npoint(2, 0.6)@2000-01-04, Npoint(2, 0.6)@2000-01-05]}';
                        ?column?                        
--------------------------------------------------------
 {[t@2000-01-01 00:00:00+00, t@2000-01-03 00:00:00+00]}
(1 row)

SELECT tnpoint '{[Npoint(1, 0.2)@2000-01-01, Npoint(1, 0.4)@2000-01-02, Npoint(1, 0.5)@2000-01-03], [Npoint(2, 0.6)@2000-01-04, Npoint(2, 0.6)@2000-01-05]}' #= tnpoint 'Npoint(1, 0.5)@2000-01-01';
         ?column?         
--------------------------
 f@2000-01-01 00:00:00+00
(1 row)

SELECT tnpoint '{[Npoint(1, 0.2)@2000-01-01, Npoint(1, 0.4)@2000-01-02, Npoint(1, 0.5)@2000-01-03], [Npoint(2, 0.6)@2000-01-04, Npoint(2, 0.6)@2000-01-05]}' #= tnpoint '{Npoint(1, 0.3)@2000-01-01, Npoint(1, 0.5)@2000-01-02, Npoint(1, 0.5)@2000-01-03}';
                                    ?column?                                    
--------------------------------------------------------------------------------
 {f@2000-01-01 00:00:00+00, f@2000-01-02 00:00:00+00, t@2000-01-03 00:00:00+00}
(1 row)

SELECT tnpoint '{[Npoint(1, 0.2)@2000-01-01, Npoint(1, 0.4)@2000-01-02, Npoint(1, 0.5)@2000-01-03], [Npoint(2, 0.6)@2000-01-04, Npoint(2, 0.6)@2000-01-05]}' #= tnpoint '[Npoint(1, 0.2)@2000-01-01, Npoint(1, 0.4)@2000-01-02, Npoint(1, 0.5)@2000-01-03]';
                        ?column?                        
--------------------------------------------------------
 {[t@2000-01-01 00:00:00+00, t@2000-01-03 00:00:00+00]}
(1 row)

SELECT tnpoint '{[Npoint(1, 0.2)@2000-01-01, Npoint(1, 0.4)@2000-01-02, Npoint(1, 0.5)@2000-01-03], [Npoint(2, 0.6)@2000-01-04, Npoint(2, 0.6)@2000-01-05]}' #= tnpoint '{[Npoint(1, 0.2)@2000-01-01, Npoint(1, 0.4)@2000-01-02, Npoint(1, 0.5)@2000-01-03], [Npoint(2, 0.6)@2000-01-04, Npoint(2, 0.6)@2000-01-05]}';
                                                   ?column?                                                   
--------------------------------------------------------------------------------------------------------------
 {[t@2000-01-01 00:00:00+00, t@2000-01-03 00:00:00+00], [t@2000-01-04 00:00:00+00, t@2000-01-05 00:00:00+00]}
(1 row)

SELECT tnpoint 'Npoint(1, 0.5)@2000-01-01' #<> npoint 'Npoint(1, 0.5)';
         ?column?         
--------------------------
 f@2000-01-01 00:00:00+00
(1 row)

SELECT tnpoint '{Npoint(1, 0.3)@2000-01-01, Npoint(1, 0.5)@2000-01-02, Npoint(1, 0.5)@2000-01-03}' #<> npoint 'Npoint(1, 0.5)';
                                    ?column?                                    
--------------------------------------------------------------------------------
 {t@2000-01-01 00:00:00+00, f@2000-01-02 00:00:00+00, f@2000-01-03 00:00:00+00}
(1 row)

SELECT tnpoint '[Npoint(1, 0.2)@2000-01-01, Npoint(1, 0.4)@2000-01-02, Npoint(1, 0.5)@2000-01-03]' #<> npoint 'Npoint(1, 0.5)';
                        ?column?                        
--------------------------------------------------------
 {[t@2000-01-01 00:00:00+00, f@2000-01-03 00:00:00+00]}
(1 row)

SELECT tnpoint '{[Npoint(1, 0.2)@2000-01-01, Npoint(1, 0.4)@2000-01-02, Npoint(1, 0.5)@2000-01-03], [Npoint(2, 0.6)@2000-01-04, Npoint(2, 0.6)@2000-01-05]}' #<> npoint 'Npoint(1, 0.5)';
                                                   ?column?                                                   
--------------------------------------------------------------------------------------------------------------
 {[t@2000-01-01 00:00:00+00, f@2000-01-03 00:00:00+00], [t@2000-01-04 00:00:00+00, t@2000-01-05 00:00:00+00]}
(1 row)

SELECT npoint 'Npoint(1, 0.5)' #<> tnpoint 'Npoint(1, 0.5)@2000-01-01';
         ?column?         
--------------------------
 f@2000-01-01 00:00:00+00
(1 row)

SELECT npoint 'Npoint(1, 0.5)' #<> tnpoint '{Npoint(1, 0.3)@2000-01-01, Npoint(1, 0.5)@2000-01-02, Npoint(1, 0.5)@2000-01-03}';
                                    ?column?                                    
--------------------------------------------------------------------------------
 {t@2000-01-01 00:00:00+00, f@2000-01-02 00:00:00+00, f@2000-01-03 00:00:00+00}
(1 row)

SELECT npoint 'Npoint(1, 0.5)' #<> tnpoint '[Npoint(1, 0.2)@2000-01-01, Npoint(1, 0.4)@2000-01-02, Npoint(1, 0.5)@2000-01-03]';
                        ?column?                        
--------------------------------------------------------
 {[t@2000-01-01 00:00:00+00, f@2000-01-03 00:00:00+00]}
(1 row)

SELECT npoint 'Npoint(1, 0.5)' #<> tnpoint '{[Npoint(1, 0.2)@2000-01-01, Npoint(1, 0.4)@2000-01-02, Npoint(1, 0.5)@2000-01-03], [Npoint(2, 0.6)@2000-01-04, Npoint(2, 0.6)@2000-01-05]}';
                                                   ?column?                                                   
--------------------------------------------------------------------------------------------------------------
 {[t@2000-01-01 00:00:00+00, f@2000-01-03 00:00:00+00], [t@2000-01-04 00:00:00+00, t@2000-01-05 00:00:00+00]}
(1 row)

SELECT tnpoint 'Npoint(1, 0.5)@2000-01-01' #<> tnpoint 'Npoint(1, 0.5)@2000-01-01';
         ?column?         
--------------------------
 f@2000-01-01 00:00:00+00
(1 row)

SELECT tnpoint 'Npoint(1, 0.5)@2000-01-01' #<> tnpoint '{Npoint(1, 0.3)@2000-01-01, Npoint(1, 0.5)@2000-01-02, Npoint(1, 0.5)@2000-01-03}';
         ?column?         
--------------------------
 t@2000-01-01 00:00:00+00
(1 row)

SELECT tnpoint 'Npoint(1, 0.5)@2000-01-01' #<> tnpoint '[Npoint(1, 0.2)@2000-01-01, Npoint(1, 0.4)@2000-01-02, Npoint(1, 0.5)@2000-01-03]';
         ?column?         
--------------------------
 t@2000-01-01 00:00:00+00
(1 row)

SELECT tnpoint 'Npoint(1, 0.5)@2000-01-01' #<> tnpoint '{[Npoint(1, 0.2)@2000-01-01, Npoint(1, 0.4)@2000-01-02, Npoint(1, 0.5)@2000-01-03], [Npoint(2, 0.6)@2000-01-04, Npoint(2, 0.6)@2000-01-05]}';
         ?column?         
--------------------------
 t@2000-01-01 00:00:00+00
(1 row)

SELECT tnpoint '{Npoint(1, 0.3)@2000-01-01, Npoint(1, 0.5)@2000-01-02, Npoint(1, 0.5)@2000-01-03}' #<> tnpoint 'Npoint(1, 0.5)@2000-01-01';
         ?column?         
--------------------------
 t@2000-01-01 00:00:00+00
(1 row)

SELECT tnpoint '{Npoint(1, 0.3)@2000-01-01, Npoint(1, 0.5)@2000-01-02, Npoint(1, 0.5)@2000-01-03}' #<> tnpoint '{Npoint(1, 0.3)@2000-01-01, Npoint(1, 0.5)@2000-01-02, Npoint(1, 0.5)@2000-01-03}';
                                    ?column?                                    
--------------------------------------------------------------------------------
 {f@2000-01-01 00:00:00+00, f@2000-01-02 00:00:00+00, f@2000-01-03 00:00:00+00}
(1 row)

SELECT tnpoint '{Npoint(1, 0.3)@2000-01-01, Npoint(1, 0.5)@2000-01-02, Npoint(1, 0.5)@2000-01-03}' #<> tnpoint '[Npoint(1, 0.2)@2000-01-01, Npoint(1, 0.4)@2000-01-02, Npoint(1, 0.5)@2000-01-03]';
                                    ?column?                                    
--------------------------------------------------------------------------------
 {t@2000-01-01 00:00:00+00, t@2000-01-02 00:00:00+00, f@2000-01-03 00:00:00+00}
(1 row)

SELECT tnpoint '{Npoint(1, 0.3)@2000-01-01, Npoint(1, 0.5)@2000-01-02, Npoint(1, 0.5)@2000-01-03}' #<> tnpoint '{[Npoint(1, 0.2)@2000-01-01, Npoint(1, 0.4)@2000-01-02, Npoint(1, 0.5)@2000-01-03], [Npoint(2, 0.6)@2000-01-04, Npoint(2, 0.6)@2000-01-05]}';
                                    ?column?                                    
--------------------------------------------------------------------------------
 {t@2000-01-01 00:00:00+00, t@2000-01-02 00:00:00+00, f@2000-01-03 00:00:00+00}
(1 row)

SELECT tnpoint '[Npoint(1, 0.2)@2000-01-01, Npoint(1, 0.4)@2000-01-02, Npoint(1, 0.5)@2000-01-03]' #<> tnpoint 'Npoint(1, 0.5)@2000-01-01';
         ?column?         
--------------------------
 t@2000-01-01 00:00:00+00
(1 row)

SELECT tnpoint '[Npoint(1, 0.2)@2000-01-01, Npoint(1, 0.4)@2000-01-02, Npoint(1, 0.5)@2000-01-03]' #<> tnpoint '{Npoint(1, 0.3)@2000-01-01, Npoint(1, 0.5)@2000-01-02, Npoint(1, 0.5)@2000-01-03}';
                                    ?column?                                    
--------------------------------------------------------------------------------
 {t@2000-01-01 00:00:00+00, t@2000-01-02 00:00:00+00, f@2000-01-03 00:00:00+00}
(1 row)

SELECT tnpoint '[Npoint(1, 0.2)@2000-01-01, Npoint(1, 0.4)@2000-01-02, Npoint(1, 0.5)@2000-01-03]' #<> tnpoint '[Npoint(1, 0.2)@2000-01-01, Npoint(1, 0.4)@2000-01-02, Npoint(1, 0.5)@2000-01-03]';
                       ?column?                       
------------------------------------------------------
 [f@2000-01-01 00:00:00+00, f@2000-01-03 00:00:00+00]
(1 row)

SELECT tnpoint '[Npoint(1, 0.2)@2000-01-01, Npoint(1, 0.4)@2000-01-02, Npoint(1, 0.5)@2000-01-03]' #<> tnpoint '{[Npoint(1, 0.2)@2000-01-01, Npoint(1, 0.4)@2000-01-02, Npoint(1, 0.5)@2000-01-03], [Npoint(2, 0.6)@2000-01-04, Npoint(2, 0.6)@2000-01-05]}';
                        ?column?                        
--------------------------------------------------------
 {[f@2000-01-01 00:00:00+00, f@2000-01-03 00:00:00+00]}
(1 row)

SELECT tnpoint '{[Npoint(1, 0.2)@2000-01-01, Npoint(1, 0.4)@2000-01-02, Npoint(1, 0.5)@2000-01-03], [Npoint(2, 0.6)@2000-01-04, Npoint(2, 0.6)@2000-01-05]}' #<> tnpoint 'Npoint(1, 0.5)@2000-01-01';
         ?column?         
--------------------------
 t@2000-01-01 00:00:00+00
(1 row)

SELECT tnpoint '{[Npoint(1, 0.2)@2000-01-01, Npoint(1, 0.4)@2000-01-02, Npoint(1, 0.5)@2000-01-03], [Npoint(2, 0.6)@2000-01-04, Npoint(2, 0.6)@2000-01-05]}' #<> tnpoint '{Npoint(1, 0.3)@2000-01-01, Npoint(1, 0.5)@2000-01-02, Npoint(1, 0.5)@2000-01-03}';
                                    ?column?                                    
--------------------------------------------------------------------------------
 {t@2000-01-01 00:00:00+00, t@2000-01-02 00:00:00+00, f@2000-01-03 00:00:00+00}
(1 row)

SELECT tnpoint '{[Npoint(1, 0.2)@2000-01-01, Npoint(1, 0.4)@2000-01-02, Npoint(1, 0.5)@2000-01-03], [Npoint(2, 0.6)@2000-01-04, Npoint(2, 0.6)@2000-01-05]}' #<> tnpoint '[Npoint(1, 0.2)@2000-01-01, Npoint(1, 0.4)@2000-01-02, Npoint(1, 0.5)@2000-01-03]';
                        ?column?                        
--------------------------------------------------------
 {[f@2000-01-01 00:00:00+00, f@2000-01-03 00:00:00+00]}
(1 row)

SELECT tnpoint '{[Npoint(1, 0.2)@2000-01-01, Npoint(1, 0.4)@2000-01-02, Npoint(1, 0.5)@2000-01-03], [Npoint(2, 0.6)@2000-01-04, Npoint(2, 0.6)@2000-01-05]}' #<> tnpoint '{[Npoint(1, 0.2)@2000-01-01, Npoint(1, 0.4)@2000-01-02, Npoint(1, 0.5)@2000-01-03], [Npoint(2, 0.6)@2000-01-04, Npoint(2, 0.6)@2000-01-05]}';
                                                   ?column?                                                   
--------------------------------------------------------------------------------------------------------------
 {[f@2000-01-01 00:00:00+00, f@2000-01-03 00:00:00+00], [f@2000-01-04 00:00:00+00, f@2000-01-05 00:00:00+00]}
(1 row)

