SELECT point(1.5, 2.5);
   point   
-----------
 (1.5,2.5)
(1 row)

SELECT line(1.5, 2.5, 3.5);
     line      
---------------
 {1.5,2.5,3.5}
(1 row)

SELECT lseg(point(1.5, 2.5), point(3.5, 4.5));
         lseg          
-----------------------
 [(1.5,2.5),(3.5,4.5)]
(1 row)

SELECT box(point(1.5, 2.5), point(3.5, 4.5));
         box         
---------------------
 (3.5,4.5),(1.5,2.5)
(1 row)

SELECT circle(point(1.5, 2.5), 2.5);
     circle      
-----------------
 <(1.5,2.5),2.5>
(1 row)

SELECT path(ARRAY[point(1.5, 1.5), point(2.5, 2.5)]);
         path          
-----------------------
 [(1.5,1.5),(2.5,2.5)]
(1 row)

SELECT path(ARRAY[point(1.5, 1.5), point(2.5, 2.5), point(1.5, 1.5)]);
              path               
---------------------------------
 ((1.5,1.5),(2.5,2.5),(1.5,1.5))
(1 row)

SELECT polygon(ARRAY[point(1.5, 1.5), point(2.5, 2.5), point(1.5, 1.5)]);
             polygon             
---------------------------------
 ((1.5,1.5),(2.5,2.5),(1.5,1.5))
(1 row)

SELECT polygon(ARRAY[point(2.5, 2.5), point(3.5, 1.5), point(1.5, 1.5), point(2.5, 2.5)]);
                  polygon                  
-------------------------------------------
 ((2.5,2.5),(3.5,1.5),(1.5,1.5),(2.5,2.5))
(1 row)

