COPY tbl_intset TO '/tmp/tbl_intset' (FORMAT BINARY);
COPY 1000
DROP TABLE IF EXISTS tbl_intset_tmp;
NOTICE:  table "tbl_intset_tmp" does not exist, skipping
DROP TABLE
CREATE TABLE tbl_intset_tmp AS TABLE tbl_intset WITH NO DATA;
CREATE TABLE AS
COPY tbl_intset_tmp FROM '/tmp/tbl_intset' (FORMAT BINARY);
COPY 1000
SELECT COUNT(*) FROM tbl_intset t1, tbl_intset_tmp t2 WHERE t1.k = t2.k AND t1.i <> t2.i;
 count 
-------
     0
(1 row)

DROP TABLE tbl_intset_tmp;
DROP TABLE
COPY tbl_bigintset TO '/tmp/tbl_bigintset' (FORMAT BINARY);
COPY 1000
DROP TABLE IF EXISTS tbl_bigintset_tmp;
NOTICE:  table "tbl_bigintset_tmp" does not exist, skipping
DROP TABLE
CREATE TABLE tbl_bigintset_tmp AS TABLE tbl_bigintset WITH NO DATA;
CREATE TABLE AS
COPY tbl_bigintset_tmp FROM '/tmp/tbl_bigintset' (FORMAT BINARY);
COPY 1000
SELECT COUNT(*) FROM tbl_bigintset t1, tbl_bigintset_tmp t2 WHERE t1.k = t2.k AND t1.b <> t2.b;
 count 
-------
     0
(1 row)

DROP TABLE tbl_bigintset_tmp;
DROP TABLE
COPY tbl_floatset TO '/tmp/tbl_floatset' (FORMAT BINARY);
COPY 100
DROP TABLE IF EXISTS tbl_floatset_tmp;
NOTICE:  table "tbl_floatset_tmp" does not exist, skipping
DROP TABLE
CREATE TABLE tbl_floatset_tmp AS TABLE tbl_floatset WITH NO DATA;
CREATE TABLE AS
COPY tbl_floatset_tmp FROM '/tmp/tbl_floatset' (FORMAT BINARY);
COPY 100
SELECT COUNT(*) FROM tbl_floatset t1, tbl_floatset_tmp t2 WHERE t1.k = t2.k AND t1.f <> t2.f;
 count 
-------
     0
(1 row)

DROP TABLE tbl_floatset_tmp;
DROP TABLE
COPY tbl_textset TO '/tmp/tbl_textset' (FORMAT BINARY);
COPY 100
DROP TABLE IF EXISTS tbl_textset_tmp;
NOTICE:  table "tbl_textset_tmp" does not exist, skipping
DROP TABLE
CREATE TABLE tbl_textset_tmp AS TABLE tbl_textset WITH NO DATA;
CREATE TABLE AS
COPY tbl_textset_tmp FROM '/tmp/tbl_textset' (FORMAT BINARY);
COPY 100
SELECT COUNT(*) FROM tbl_textset t1, tbl_textset_tmp t2 WHERE t1.k = t2.k AND t1.t <> t2.t;
 count 
-------
     0
(1 row)

DROP TABLE tbl_textset_tmp;
DROP TABLE
COPY tbl_tstzset TO '/tmp/tbl_tstzset' (FORMAT BINARY);
COPY 100
DROP TABLE IF EXISTS tbl_tstzset_tmp;
NOTICE:  table "tbl_tstzset_tmp" does not exist, skipping
DROP TABLE
CREATE TABLE tbl_tstzset_tmp AS TABLE tbl_tstzset WITH NO DATA;
CREATE TABLE AS
COPY tbl_tstzset_tmp FROM '/tmp/tbl_tstzset' (FORMAT BINARY);
COPY 100
SELECT COUNT(*) FROM tbl_tstzset t1, tbl_tstzset_tmp t2 WHERE t1.k = t2.k AND t1.t <> t2.t;
 count 
-------
     0
(1 row)

DROP TABLE tbl_tstzset_tmp;
DROP TABLE
SELECT COUNT(*) FROM tbl_intset WHERE intsetFromBinary(asBinary(i)) <> i;
 count 
-------
     0
(1 row)

SELECT COUNT(*) FROM tbl_bigintset WHERE bigintsetFromBinary(asBinary(b)) <> b;
 count 
-------
     0
(1 row)

SELECT COUNT(*) FROM tbl_floatset WHERE floatsetFromBinary(asBinary(f)) <> f;
 count 
-------
     0
(1 row)

SELECT COUNT(*) FROM tbl_textset WHERE textsetFromBinary(asBinary(t)) <> t;
 count 
-------
     0
(1 row)

SELECT COUNT(*) FROM tbl_tstzset WHERE tstzsetFromBinary(asBinary(t)) <> t;
 count 
-------
     0
(1 row)

SELECT COUNT(*) FROM tbl_intset WHERE intsetFromHexWKB(asHexWKB(i)) <> i;
 count 
-------
     0
(1 row)

SELECT COUNT(*) FROM tbl_bigintset WHERE bigintsetFromHexWKB(asHexWKB(b)) <> b;
 count 
-------
     0
(1 row)

SELECT COUNT(*) FROM tbl_floatset WHERE floatsetFromHexWKB(asHexWKB(f)) <> f;
 count 
-------
     0
(1 row)

SELECT COUNT(*) FROM tbl_tstzset WHERE tstzsetFromHexWKB(asHexWKB(t)) <> t;
 count 
-------
     0
(1 row)

SELECT numValues(set(array_agg(DISTINCT t ORDER BY t))) FROM tbl_timestamptz WHERE t IS NOT NULL;
 numvalues 
-----------
        99
(1 row)

SELECT COUNT(*) FROM tbl_timestamptz WHERE t::tstzset IS NOT NULL;
 count 
-------
    99
(1 row)

SELECT MIN(startValue(round(f, 5))) FROM tbl_floatset;
   min   
---------
 3.88624
(1 row)

SELECT MIN(startValue(shift(i, 5))) FROM tbl_intset;
 min 
-----
   6
(1 row)

SELECT MIN(startValue(shift(b, 5))) FROM tbl_bigintset;
 min 
-----
   7
(1 row)

SELECT MIN(startValue(shift(f, 5))) FROM tbl_floatset;
        min        
-------------------
 8.886242617199674
(1 row)

SELECT MIN(startValue(shift(t, '5 min'))) FROM tbl_tstzset;
          min           
------------------------
 2001-01-02 01:53:00+00
(1 row)

SELECT MAX(memSize(t)) FROM tbl_tstzset;
 max 
-----
  96
(1 row)

SELECT MIN(lower(span(t))) FROM tbl_tstzset;
          min           
------------------------
 2001-01-02 01:48:00+00
(1 row)

SELECT MIN(numValues(t)) FROM tbl_tstzset;
 min 
-----
   1
(1 row)

SELECT MIN(startValue(t)) FROM tbl_tstzset;
          min           
------------------------
 2001-01-02 01:48:00+00
(1 row)

SELECT MIN(endValue(t)) FROM tbl_tstzset;
          min           
------------------------
 2001-01-02 02:09:00+00
(1 row)

SELECT MIN(valueN(t, 1)) FROM tbl_tstzset;
          min           
------------------------
 2001-01-02 01:48:00+00
(1 row)

SELECT MIN(array_length(getValues(t), 1)) FROM tbl_tstzset;
 min 
-----
   1
(1 row)

SELECT numValues(set_union(i)) FROM tbl_int;
 numvalues 
-----------
        60
(1 row)

SELECT numValues(set_union(b)) FROM tbl_bigint;
 numvalues 
-----------
        62
(1 row)

SELECT numValues(set_union(f)) FROM tbl_float;
 numvalues 
-----------
        99
(1 row)

SELECT numValues(set_union(t)) FROM tbl_timestamptz;
 numvalues 
-----------
        99
(1 row)

SELECT numValues(set_union(t)) FROM tbl_text;
 numvalues 
-----------
        99
(1 row)

WITH test1(k, i) AS (
  SELECT k, unnest(i) FROM tbl_intset ),
test2 (k, i) AS (
  SELECT k, set_union(i) FROM test1 GROUP BY k )
SELECT COUNT(*) FROM test2 t1, tbl_intset t2 WHERE t1.k = t2.k AND t1.i <> t2.i;
 count 
-------
     0
(1 row)

WITH test1(k, b) AS (
  SELECT k, unnest(b) FROM tbl_bigintset ),
test2 (k, b) AS (
  SELECT k, set_union(b) FROM test1 GROUP BY k )
SELECT COUNT(*) FROM test2 t1, tbl_bigintset t2 WHERE t1.k = t2.k AND t1.b <> t2.b;
 count 
-------
     0
(1 row)

WITH test1(k, f) AS (
  SELECT k, unnest(f) FROM tbl_floatset ),
test2 (k, f) AS (
  SELECT k, set_union(f) FROM test1 GROUP BY k )
SELECT COUNT(*) FROM test2 t1, tbl_floatset t2 WHERE t1.k = t2.k AND t1.f <> t2.f;
 count 
-------
     0
(1 row)

WITH test1(k, t) AS (
  SELECT k, unnest(t) FROM tbl_tstzset ),
test2 (k, t) AS (
  SELECT k, set_union(t) FROM test1 GROUP BY k )
SELECT COUNT(*) FROM test2 t1, tbl_tstzset t2 WHERE t1.k = t2.k AND t1.t <> t2.t;
 count 
-------
     0
(1 row)

WITH test1(k, t) AS (
  SELECT k, unnest(t) FROM tbl_textset ),
test2 (k, t) AS (
  SELECT k, set_union(t) FROM test1 GROUP BY k )
SELECT COUNT(*) FROM test2 t1, tbl_textset t2 WHERE t1.k = t2.k AND t1.t <> t2.t;
 count 
-------
     0
(1 row)

SELECT COUNT(*) FROM tbl_tstzset t1, tbl_tstzset t2 WHERE set_cmp(t1.t, t2.t) = -1;
 count 
-------
  4851
(1 row)

SELECT COUNT(*) FROM tbl_tstzset t1, tbl_tstzset t2 WHERE t1.t = t2.t;
 count 
-------
    99
(1 row)

SELECT COUNT(*) FROM tbl_tstzset t1, tbl_tstzset t2 WHERE t1.t <> t2.t;
 count 
-------
  9702
(1 row)

SELECT COUNT(*) FROM tbl_tstzset t1, tbl_tstzset t2 WHERE t1.t < t2.t;
 count 
-------
  4851
(1 row)

SELECT COUNT(*) FROM tbl_tstzset t1, tbl_tstzset t2 WHERE t1.t <= t2.t;
 count 
-------
  4950
(1 row)

SELECT COUNT(*) FROM tbl_tstzset t1, tbl_tstzset t2 WHERE t1.t > t2.t;
 count 
-------
  4851
(1 row)

SELECT COUNT(*) FROM tbl_tstzset t1, tbl_tstzset t2 WHERE t1.t >= t2.t;
 count 
-------
  4950
(1 row)

SELECT MAX(set_hash(i)) FROM tbl_intset;
    max     
------------
 2141239878
(1 row)

SELECT MAX(set_hash(b)) FROM tbl_bigintset;
    max     
------------
 2140877551
(1 row)

SELECT MAX(set_hash(f)) FROM tbl_floatset;
    max     
------------
 2055509444
(1 row)

SELECT MAX(set_hash(t)) FROM tbl_tstzset;
    max     
------------
 2092387697
(1 row)

SELECT MAX(set_hash_extended(i, 1)) FROM tbl_intset;
         max         
---------------------
 9215683723210280632
(1 row)

SELECT MAX(set_hash_extended(b, 1)) FROM tbl_bigintset;
         max         
---------------------
 9180839711525586122
(1 row)

SELECT MAX(set_hash_extended(f, 1)) FROM tbl_floatset;
         max         
---------------------
 9019753321429055805
(1 row)

SELECT MAX(set_hash_extended(t, 1)) FROM tbl_tstzset;
         max         
---------------------
 9173177012091756054
(1 row)

SELECT numValues(set_union(i)) FROM tbl_int;
 numvalues 
-----------
        60
(1 row)

SELECT numValues(set_union(b)) FROM tbl_bigint;
 numvalues 
-----------
        62
(1 row)

SELECT numValues(set_union(f)) FROM tbl_float;
 numvalues 
-----------
        99
(1 row)

SELECT numValues(set_union(t)) FROM tbl_text;
 numvalues 
-----------
        99
(1 row)

SELECT k%2, numValues(set_union(i)) FROM tbl_intset GROUP BY k%2 ORDER BY k%2;
 ?column? | numvalues 
----------+-----------
        0 |       936
        1 |       942
(2 rows)

SELECT k%2, numValues(set_union(b)) FROM tbl_bigintset GROUP BY k%2 ORDER BY k%2;
 ?column? | numvalues 
----------+-----------
        0 |       928
        1 |       937
(2 rows)

SELECT k%2, numValues(set_union(f)) FROM tbl_floatset GROUP BY k%2 ORDER BY k%2;
 ?column? | numvalues 
----------+-----------
        0 |       356
        1 |       357
(2 rows)

SELECT k%2, numValues(set_union(t)) FROM tbl_textset GROUP BY k%2 ORDER BY k%2;
 ?column? | numvalues 
----------+-----------
        0 |       296
        1 |       330
(2 rows)

