SELECT COUNT(*) FROM tbl_textset t1, tbl_textset t2 WHERE t1.t && t2.t;
 count 
-------
   191
(1 row)

SELECT COUNT(*) FROM tbl_textset t1, tbl_text t2 WHERE t1.t @> t2.t;
 count 
-------
     6
(1 row)

SELECT COUNT(*) FROM tbl_textset t1, tbl_textset t2 WHERE t1.t @> t2.t;
 count 
-------
    99
(1 row)

SELECT COUNT(*) FROM tbl_text t1, tbl_textset t2 WHERE t1.t <@ t2.t;
 count 
-------
     6
(1 row)

SELECT COUNT(*) FROM tbl_textset t1, tbl_textset t2 WHERE t1.t <@ t2.t;
 count 
-------
    99
(1 row)

SELECT COUNT(*) FROM tbl_textset t1, tbl_text t2 WHERE t1.t << t2.t;
 count 
-------
  1193
(1 row)

SELECT COUNT(*) FROM tbl_textset t1, tbl_textset t2 WHERE t1.t << t2.t;
 count 
-------
    89
(1 row)

SELECT COUNT(*) FROM tbl_textset t1, tbl_text t2 WHERE t1.t &< t2.t;
 count 
-------
  1193
(1 row)

SELECT COUNT(*) FROM tbl_textset t1, tbl_textset t2 WHERE t1.t &< t2.t;
 count 
-------
  4952
(1 row)

SELECT COUNT(*) FROM tbl_textset t1, tbl_text t2 WHERE t1.t >> t2.t;
 count 
-------
  2202
(1 row)

SELECT COUNT(*) FROM tbl_textset t1, tbl_textset t2 WHERE t1.t >> t2.t;
 count 
-------
    89
(1 row)

SELECT COUNT(*) FROM tbl_textset t1, tbl_text t2 WHERE t1.t &> t2.t;
 count 
-------
  2204
(1 row)

SELECT COUNT(*) FROM tbl_textset t1, tbl_textset t2  WHERE t1.t &> t2.t;
 count 
-------
  4955
(1 row)

SELECT COUNT(*) FROM tbl_textset t1, tbl_textset t2 WHERE t1.t = t2.t;
 count 
-------
    99
(1 row)

SELECT COUNT(*) FROM tbl_intset t1, tbl_int t2 WHERE t1.i + t2.i IS NOT NULL;
 count 
-------
 98901
(1 row)

SELECT COUNT(*) FROM tbl_int t1, tbl_intset t2 WHERE t1.i + t2.i IS NOT NULL;
 count 
-------
 98901
(1 row)

SELECT COUNT(*) FROM tbl_intset t1, tbl_intset t2 WHERE t1.i + t2.i IS NOT NULL;
 count  
--------
 998001
(1 row)

SELECT COUNT(*) FROM tbl_bigintset t1, tbl_bigint t2 WHERE t1.b + t2.b IS NOT NULL;
 count 
-------
 98901
(1 row)

SELECT COUNT(*) FROM tbl_bigint t1, tbl_bigintset t2 WHERE t1.b + t2.b IS NOT NULL;
 count 
-------
 98901
(1 row)

SELECT COUNT(*) FROM tbl_bigintset t1, tbl_bigintset t2 WHERE t1.b + t2.b IS NOT NULL;
 count  
--------
 998001
(1 row)

SELECT COUNT(*) FROM tbl_floatset t1, tbl_float t2 WHERE t1.f + t2.f IS NOT NULL;
 count 
-------
  9801
(1 row)

SELECT COUNT(*) FROM tbl_float t1, tbl_floatset t2 WHERE t1.f + t2.f IS NOT NULL;
 count 
-------
  9801
(1 row)

SELECT COUNT(*) FROM tbl_floatset t1, tbl_floatset t2 WHERE t1.f + t2.f IS NOT NULL;
 count 
-------
  9801
(1 row)

SELECT COUNT(*) FROM tbl_tstzset t1, tbl_timestamptz t2 WHERE t1.t + t2.t IS NOT NULL;
 count 
-------
  9801
(1 row)

SELECT COUNT(*) FROM tbl_timestamptz t1, tbl_tstzset t2 WHERE t1.t + t2.t IS NOT NULL;
 count 
-------
  9801
(1 row)

SELECT COUNT(*) FROM tbl_tstzset t1, tbl_tstzset t2 WHERE t1.t + t2.t IS NOT NULL;
 count 
-------
  9801
(1 row)

SELECT COUNT(*) FROM tbl_intset t1, tbl_int t2 WHERE t1.i - t2.i IS NOT NULL;
 count 
-------
 98901
(1 row)

SELECT COUNT(*) FROM tbl_int t1, tbl_intset t2 WHERE t1.i - t2.i IS NOT NULL;
 count 
-------
 98265
(1 row)

SELECT COUNT(*) FROM tbl_intset t1, tbl_intset t2 WHERE t1.i - t2.i IS NOT NULL;
 count  
--------
 997002
(1 row)

SELECT COUNT(*) FROM tbl_bigintset t1, tbl_bigint t2 WHERE t1.b - t2.b IS NOT NULL;
 count 
-------
 98901
(1 row)

SELECT COUNT(*) FROM tbl_bigint t1, tbl_bigintset t2 WHERE t1.b - t2.b IS NOT NULL;
 count 
-------
 98196
(1 row)

SELECT COUNT(*) FROM tbl_bigintset t1, tbl_bigintset t2 WHERE t1.b - t2.b IS NOT NULL;
 count  
--------
 997001
(1 row)

SELECT COUNT(*) FROM tbl_floatset t1, tbl_float t2 WHERE t1.f - t2.f IS NOT NULL;
 count 
-------
  9801
(1 row)

SELECT COUNT(*) FROM tbl_float t1, tbl_floatset t2 WHERE t1.f - t2.f IS NOT NULL;
 count 
-------
  9801
(1 row)

SELECT COUNT(*) FROM tbl_floatset t1, tbl_floatset t2 WHERE t1.f - t2.f IS NOT NULL;
 count 
-------
  9702
(1 row)

SELECT COUNT(*) FROM tbl_tstzset t1, tbl_timestamptz t2 WHERE t1.t - t2.t IS NOT NULL;
 count 
-------
  9801
(1 row)

SELECT COUNT(*) FROM tbl_timestamptz t1, tbl_tstzset t2 WHERE t1.t - t2.t IS NOT NULL;
 count 
-------
  9799
(1 row)

SELECT COUNT(*) FROM tbl_tstzset t1, tbl_tstzset t2 WHERE t1.t - t2.t IS NOT NULL;
 count 
-------
  9702
(1 row)

SELECT COUNT(*) FROM tbl_intset t1, tbl_int t2 WHERE t1.i * t2.i IS NOT NULL;
 count 
-------
   636
(1 row)

SELECT COUNT(*) FROM tbl_int t1, tbl_intset t2 WHERE t1.i * t2.i IS NOT NULL;
 count 
-------
   636
(1 row)

SELECT COUNT(*) FROM tbl_intset t1, tbl_intset t2 WHERE t1.i * t2.i IS NOT NULL;
 count 
-------
 44615
(1 row)

SELECT COUNT(*) FROM tbl_bigintset t1, tbl_bigint t2 WHERE t1.b * t2.b IS NOT NULL;
 count 
-------
   705
(1 row)

SELECT COUNT(*) FROM tbl_bigint t1, tbl_bigintset t2 WHERE t1.b * t2.b IS NOT NULL;
 count 
-------
   705
(1 row)

SELECT COUNT(*) FROM tbl_bigintset t1, tbl_bigintset t2 WHERE t1.b * t2.b IS NOT NULL;
 count 
-------
 44457
(1 row)

SELECT COUNT(*) FROM tbl_floatset t1, tbl_float t2 WHERE t1.f * t2.f IS NOT NULL;
 count 
-------
     0
(1 row)

SELECT COUNT(*) FROM tbl_float t1, tbl_floatset t2 WHERE t1.f * t2.f IS NOT NULL;
 count 
-------
     0
(1 row)

SELECT COUNT(*) FROM tbl_floatset t1, tbl_floatset t2 WHERE t1.f * t2.f IS NOT NULL;
 count 
-------
    99
(1 row)

SELECT COUNT(*) FROM tbl_tstzset t1, tbl_timestamptz t2 WHERE t1.t * t2.t IS NOT NULL;
 count 
-------
     2
(1 row)

SELECT COUNT(*) FROM tbl_timestamptz t1, tbl_tstzset t2 WHERE t1.t * t2.t IS NOT NULL;
 count 
-------
     2
(1 row)

SELECT COUNT(*) FROM tbl_tstzset t1, tbl_tstzset t2 WHERE t1.t * t2.t IS NOT NULL;
 count 
-------
    99
(1 row)

SELECT MIN(t1.i <-> t2.i) FROM tbl_int t1, tbl_intset t2;
 min 
-----
   0
(1 row)

SELECT MIN(t1.i <-> t2.i) FROM tbl_intset t1, tbl_int t2;
 min 
-----
   0
(1 row)

SELECT MIN(t1.i <-> t2.i) FROM tbl_intset t1, tbl_intset t2;
 min 
-----
   0
(1 row)

SELECT MIN(t1.b <-> t2.b) FROM tbl_bigint t1, tbl_bigintset t2;
 min 
-----
   0
(1 row)

SELECT MIN(t1.b <-> t2.b) FROM tbl_bigintset t1, tbl_bigint t2;
 min 
-----
   0
(1 row)

SELECT MIN(t1.b <-> t2.b) FROM tbl_bigintset t1, tbl_bigintset t2;
 min 
-----
   0
(1 row)

SELECT MIN(t1.f <-> t2.f) FROM tbl_float t1, tbl_floatset t2;
 min 
-----
   0
(1 row)

SELECT MIN(t1.f <-> t2.f) FROM tbl_floatset t1, tbl_float t2;
 min 
-----
   0
(1 row)

SELECT MIN(t1.f <-> t2.f) FROM tbl_floatset t1, tbl_floatset t2;
 min 
-----
   0
(1 row)

SELECT MIN(t1.t <-> t2.t) FROM tbl_timestamptz t1, tbl_tstzset t2;
 min 
-----
   0
(1 row)

SELECT MIN(t1.t <-> t2.t) FROM tbl_tstzset t1, tbl_timestamptz t2;
 min 
-----
   0
(1 row)

SELECT MIN(t1.t <-> t2.t) FROM tbl_tstzset t1, tbl_tstzset t2;
 min 
-----
   0
(1 row)

