COPY tbl_intspanset TO '/tmp/tbl_intspanset' (FORMAT BINARY);
COPY 100
DROP TABLE IF EXISTS tbl_intspanset_tmp;
NOTICE:  table "tbl_intspanset_tmp" does not exist, skipping
DROP TABLE
CREATE TABLE tbl_intspanset_tmp AS TABLE tbl_intspanset WITH NO DATA;
CREATE TABLE AS
COPY tbl_intspanset_tmp FROM '/tmp/tbl_intspanset' (FORMAT BINARY);
COPY 100
SELECT COUNT(*) FROM tbl_intspanset t1, tbl_intspanset_tmp t2 WHERE t1.k = t2.k AND t1.i <> t2.i;
 count 
-------
     0
(1 row)

DROP TABLE tbl_intspanset_tmp;
DROP TABLE
COPY tbl_bigintspanset TO '/tmp/tbl_bigintspanset' (FORMAT BINARY);
COPY 100
DROP TABLE IF EXISTS tbl_bigintspanset_tmp;
NOTICE:  table "tbl_bigintspanset_tmp" does not exist, skipping
DROP TABLE
CREATE TABLE tbl_bigintspanset_tmp AS TABLE tbl_bigintspanset WITH NO DATA;
CREATE TABLE AS
COPY tbl_bigintspanset_tmp FROM '/tmp/tbl_bigintspanset' (FORMAT BINARY);
COPY 100
SELECT COUNT(*) FROM tbl_bigintspanset t1, tbl_bigintspanset_tmp t2 WHERE t1.k = t2.k AND t1.b <> t2.b;
 count 
-------
     0
(1 row)

DROP TABLE tbl_bigintspanset_tmp;
DROP TABLE
COPY tbl_floatspanset TO '/tmp/tbl_floatspanset' (FORMAT BINARY);
COPY 100
DROP TABLE IF EXISTS tbl_floatspanset_tmp;
NOTICE:  table "tbl_floatspanset_tmp" does not exist, skipping
DROP TABLE
CREATE TABLE tbl_floatspanset_tmp AS TABLE tbl_floatspanset WITH NO DATA;
CREATE TABLE AS
COPY tbl_floatspanset_tmp FROM '/tmp/tbl_floatspanset' (FORMAT BINARY);
COPY 100
SELECT COUNT(*) FROM tbl_floatspanset t1, tbl_floatspanset_tmp t2 WHERE t1.k = t2.k AND t1.f <> t2.f;
 count 
-------
     0
(1 row)

DROP TABLE tbl_floatspanset_tmp;
DROP TABLE
COPY tbl_tstzspanset TO '/tmp/tbl_tstzspanset' (FORMAT BINARY);
COPY 100
DROP TABLE IF EXISTS tbl_tstzspanset_tmp;
NOTICE:  table "tbl_tstzspanset_tmp" does not exist, skipping
DROP TABLE
CREATE TABLE tbl_tstzspanset_tmp AS TABLE tbl_tstzspanset WITH NO DATA;
CREATE TABLE AS
COPY tbl_tstzspanset_tmp FROM '/tmp/tbl_tstzspanset' (FORMAT BINARY);
COPY 100
SELECT COUNT(*) FROM tbl_tstzspanset t1, tbl_tstzspanset_tmp t2 WHERE t1.k = t2.k AND t1.ps <> t2.ps;
 count 
-------
     0
(1 row)

DROP TABLE tbl_tstzspanset_tmp;
DROP TABLE
SELECT COUNT(*) FROM tbl_intspanset WHERE intspansetFromBinary(asBinary(i)) <> i;
 count 
-------
     0
(1 row)

SELECT COUNT(*) FROM tbl_bigintspanset WHERE bigintspansetFromBinary(asBinary(b)) <> b;
 count 
-------
     0
(1 row)

SELECT COUNT(*) FROM tbl_floatspanset WHERE floatspansetFromBinary(asBinary(f)) <> f;
 count 
-------
     0
(1 row)

SELECT COUNT(*) FROM tbl_tstzspanset WHERE tstzspansetFromBinary(asBinary(ps)) <> ps;
 count 
-------
     0
(1 row)

SELECT COUNT(*) FROM tbl_intspanset WHERE intspansetFromHexWKB(asHexWKB(i)) <> i;
 count 
-------
     0
(1 row)

SELECT COUNT(*) FROM tbl_bigintspanset WHERE bigintspansetFromHexWKB(asHexWKB(b)) <> b;
 count 
-------
     0
(1 row)

SELECT COUNT(*) FROM tbl_floatspanset WHERE floatspansetFromHexWKB(asHexWKB(f)) <> f;
 count 
-------
     0
(1 row)

SELECT COUNT(*) FROM tbl_tstzspanset WHERE tstzspansetFromHexWKB(asHexWKB(ps)) <> ps;
 count 
-------
     0
(1 row)

SELECT MAX(lower(spanset(i))) FROM tbl_intspan;
 max 
-----
  99
(1 row)

SELECT MAX(lower(spanset(f))) FROM tbl_floatspan;
        max        
-------------------
 99.38322069356218
(1 row)

SELECT MAX(lower(spanset(p))) FROM tbl_tstzspan;
          max           
------------------------
 2001-12-29 20:53:00+00
(1 row)

SELECT MAX(lower(span(i))) FROM tbl_intspanset;
 max 
-----
  55
(1 row)

SELECT MAX(lower(span(f))) FROM tbl_floatspanset;
        max         
--------------------
 47.333306414151025
(1 row)

SELECT MAX(lower(span(ps))) FROM tbl_tstzspanset;
          max           
------------------------
 2001-12-30 12:01:00+00
(1 row)

SELECT MAX(lower(round(f, 6))) FROM tbl_floatspanset;
    max    
-----------
 47.333306
(1 row)

SELECT MAX(memSize(i)) FROM tbl_intspanset;
 max 
-----
 280
(1 row)

SELECT MAX(memSize(f)) FROM tbl_floatspanset;
 max 
-----
 280
(1 row)

SELECT MAX(memSize(ps)) FROM tbl_tstzspanset;
 max 
-----
 256
(1 row)

SELECT MAX(lower(i)) FROM tbl_intspanset;
 max 
-----
  55
(1 row)

SELECT round(MAX(lower(f))::numeric, 6) FROM tbl_floatspanset;
   round   
-----------
 47.333306
(1 row)

SELECT MAX(lower(ps)) FROM tbl_tstzspanset;
          max           
------------------------
 2001-12-30 12:01:00+00
(1 row)

SELECT MAX(upper(i)) FROM tbl_intspanset;
 max 
-----
 100
(1 row)

SELECT round(MAX(upper(f))::numeric, 6) FROM tbl_floatspanset;
   round    
------------
 101.049424
(1 row)

SELECT MAX(upper(ps)) FROM tbl_tstzspanset;
          max           
------------------------
 2001-12-30 12:25:00+00
(1 row)

SELECT DISTINCT lower_inc(i) FROM tbl_intspanset;
 lower_inc 
-----------
 
 t
(2 rows)

SELECT DISTINCT lower_inc(f) FROM tbl_floatspanset;
 lower_inc 
-----------
 
 t
(2 rows)

SELECT DISTINCT lower_inc(ps) FROM tbl_tstzspanset;
 lower_inc 
-----------
 f
 
 t
(3 rows)

SELECT DISTINCT upper_inc(i) FROM tbl_intspanset;
 upper_inc 
-----------
 f
 
(2 rows)

SELECT DISTINCT upper_inc(f) FROM tbl_floatspanset;
 upper_inc 
-----------
 f
 
(2 rows)

SELECT DISTINCT upper_inc(ps) FROM tbl_tstzspanset;
 upper_inc 
-----------
 f
 
 t
(3 rows)

SELECT MAX(width(i)) FROM tbl_intspanset;
 max 
-----
  36
(1 row)

SELECT MAX(width(f)) FROM tbl_floatspanset;
        max         
--------------------
 35.939052925331154
(1 row)

SELECT MAX(duration(ps)) FROM tbl_tstzspanset;
   max    
----------
 00:56:00
(1 row)

SELECT MAX(duration(ps, true)) FROM tbl_tstzspanset;
   max    
----------
 01:45:00
(1 row)

SELECT MAX(numSpans(i)) FROM tbl_intspanset;
 max 
-----
  10
(1 row)

SELECT MAX(lower(startSpan(i))) FROM tbl_intspanset;
 max 
-----
  55
(1 row)

SELECT MAX(lower(endSpan(i))) FROM tbl_intspanset;
 max 
-----
  95
(1 row)

SELECT MAX(lower(spanN(i, 1))) FROM tbl_intspanset;
 max 
-----
  55
(1 row)

SELECT MAX(array_length(spans(i),1)) FROM tbl_intspanset;
 max 
-----
  10
(1 row)

SELECT MAX(numSpans(f)) FROM tbl_floatspanset;
 max 
-----
  10
(1 row)

SELECT MAX(lower(startSpan(f))) FROM tbl_floatspanset;
        max         
--------------------
 47.333306414151025
(1 row)

SELECT MAX(lower(endSpan(f))) FROM tbl_floatspanset;
        max        
-------------------
 99.28665091494118
(1 row)

SELECT MAX(lower(spanN(f, 1))) FROM tbl_floatspanset;
        max         
--------------------
 47.333306414151025
(1 row)

SELECT MAX(array_length(spans(f),1)) FROM tbl_floatspanset;
 max 
-----
  10
(1 row)

SELECT MAX(numSpans(ps)) FROM tbl_tstzspanset;
 max 
-----
   9
(1 row)

SELECT MAX(lower(startSpan(ps))) FROM tbl_tstzspanset;
          max           
------------------------
 2001-12-30 12:01:00+00
(1 row)

SELECT MAX(lower(endSpan(ps))) FROM tbl_tstzspanset;
          max           
------------------------
 2001-12-30 12:18:00+00
(1 row)

SELECT MAX(lower(spanN(ps, 1))) FROM tbl_tstzspanset;
          max           
------------------------
 2001-12-30 12:01:00+00
(1 row)

SELECT MAX(array_length(spans(ps),1)) FROM tbl_tstzspanset;
 max 
-----
   9
(1 row)

SELECT MAX(numTimestamps(ps)) FROM tbl_tstzspanset;
 max 
-----
  18
(1 row)

SELECT MAX(startTimestamp(ps)) FROM tbl_tstzspanset;
          max           
------------------------
 2001-12-30 12:01:00+00
(1 row)

SELECT MAX(endTimestamp(ps)) FROM tbl_tstzspanset;
          max           
------------------------
 2001-12-30 12:25:00+00
(1 row)

SELECT MAX(timestampN(ps, 0)) FROM tbl_tstzspanset;
 max 
-----
 
(1 row)

SELECT MAX((timestamps(ps))[1]) FROM tbl_tstzspanset;
          max           
------------------------
 2001-12-30 12:01:00+00
(1 row)

SELECT MAX(startTimestamp(shift(ps, '5 min'))) FROM tbl_tstzspanset;
          max           
------------------------
 2001-12-30 12:06:00+00
(1 row)

SELECT COUNT(*) FROM tbl_intspanset t1, tbl_intspanset t2 WHERE spanset_cmp(t1.i, t2.i) = -1;
 count 
-------
  4851
(1 row)

SELECT COUNT(*) FROM tbl_intspanset t1, tbl_intspanset t2 WHERE t1.i = t2.i;
 count 
-------
    99
(1 row)

SELECT COUNT(*) FROM tbl_intspanset t1, tbl_intspanset t2 WHERE t1.i <> t2.i;
 count 
-------
  9702
(1 row)

SELECT COUNT(*) FROM tbl_intspanset t1, tbl_intspanset t2 WHERE t1.i < t2.i;
 count 
-------
  4851
(1 row)

SELECT COUNT(*) FROM tbl_intspanset t1, tbl_intspanset t2 WHERE t1.i <= t2.i;
 count 
-------
  4950
(1 row)

SELECT COUNT(*) FROM tbl_intspanset t1, tbl_intspanset t2 WHERE t1.i > t2.i;
 count 
-------
  4851
(1 row)

SELECT COUNT(*) FROM tbl_intspanset t1, tbl_intspanset t2 WHERE t1.i >= t2.i;
 count 
-------
  4950
(1 row)

SELECT COUNT(*) FROM tbl_bigintspanset t1, tbl_bigintspanset t2 WHERE spanset_cmp(t1.b, t2.b) = -1;
 count 
-------
  4851
(1 row)

SELECT COUNT(*) FROM tbl_bigintspanset t1, tbl_bigintspanset t2 WHERE t1.b = t2.b;
 count 
-------
    99
(1 row)

SELECT COUNT(*) FROM tbl_bigintspanset t1, tbl_bigintspanset t2 WHERE t1.b <> t2.b;
 count 
-------
  9702
(1 row)

SELECT COUNT(*) FROM tbl_bigintspanset t1, tbl_bigintspanset t2 WHERE t1.b < t2.b;
 count 
-------
  4851
(1 row)

SELECT COUNT(*) FROM tbl_bigintspanset t1, tbl_bigintspanset t2 WHERE t1.b <= t2.b;
 count 
-------
  4950
(1 row)

SELECT COUNT(*) FROM tbl_bigintspanset t1, tbl_bigintspanset t2 WHERE t1.b > t2.b;
 count 
-------
  4851
(1 row)

SELECT COUNT(*) FROM tbl_bigintspanset t1, tbl_bigintspanset t2 WHERE t1.b >= t2.b;
 count 
-------
  4950
(1 row)

SELECT COUNT(*) FROM tbl_floatspanset t1, tbl_floatspanset t2 WHERE spanset_cmp(t1.f, t2.f) = -1;
 count 
-------
  4851
(1 row)

SELECT COUNT(*) FROM tbl_floatspanset t1, tbl_floatspanset t2 WHERE t1.f = t2.f;
 count 
-------
    99
(1 row)

SELECT COUNT(*) FROM tbl_floatspanset t1, tbl_floatspanset t2 WHERE t1.f <> t2.f;
 count 
-------
  9702
(1 row)

SELECT COUNT(*) FROM tbl_floatspanset t1, tbl_floatspanset t2 WHERE t1.f < t2.f;
 count 
-------
  4851
(1 row)

SELECT COUNT(*) FROM tbl_floatspanset t1, tbl_floatspanset t2 WHERE t1.f <= t2.f;
 count 
-------
  4950
(1 row)

SELECT COUNT(*) FROM tbl_floatspanset t1, tbl_floatspanset t2 WHERE t1.f > t2.f;
 count 
-------
  4851
(1 row)

SELECT COUNT(*) FROM tbl_floatspanset t1, tbl_floatspanset t2 WHERE t1.f >= t2.f;
 count 
-------
  4950
(1 row)

SELECT COUNT(*) FROM tbl_tstzspanset t1, tbl_tstzspanset t2 WHERE spanset_cmp(t1.ps, t2.ps) = -1;
 count 
-------
  4851
(1 row)

SELECT COUNT(*) FROM tbl_tstzspanset t1, tbl_tstzspanset t2 WHERE t1.ps = t2.ps;
 count 
-------
    99
(1 row)

SELECT COUNT(*) FROM tbl_tstzspanset t1, tbl_tstzspanset t2 WHERE t1.ps <> t2.ps;
 count 
-------
  9702
(1 row)

SELECT COUNT(*) FROM tbl_tstzspanset t1, tbl_tstzspanset t2 WHERE t1.ps < t2.ps;
 count 
-------
  4851
(1 row)

SELECT COUNT(*) FROM tbl_tstzspanset t1, tbl_tstzspanset t2 WHERE t1.ps <= t2.ps;
 count 
-------
  4950
(1 row)

SELECT COUNT(*) FROM tbl_tstzspanset t1, tbl_tstzspanset t2 WHERE t1.ps > t2.ps;
 count 
-------
  4851
(1 row)

SELECT COUNT(*) FROM tbl_tstzspanset t1, tbl_tstzspanset t2 WHERE t1.ps >= t2.ps;
 count 
-------
  4950
(1 row)

SELECT MAX(spanset_hash(ps)) != 0 FROM tbl_tstzspanset;
 ?column? 
----------
 t
(1 row)

SELECT MAX(spanset_hash_extended(ps, 1)) != 0 FROM tbl_tstzspanset;
 ?column? 
----------
 t
(1 row)

