ANALYZE tbl_tstzspan_big;
ANALYZE
ANALYZE tbl_tstzspanset_big;
ANALYZE
DROP INDEX IF EXISTS tbl_tstzspan_big_rtree_idx;
NOTICE:  index "tbl_tstzspan_big_rtree_idx" does not exist, skipping
DROP INDEX
DROP INDEX IF EXISTS tbl_tstzspanset_big_rtree_idx;
NOTICE:  index "tbl_tstzspanset_big_rtree_idx" does not exist, skipping
DROP INDEX
CREATE INDEX tbl_tstzspan_big_rtree_idx ON tbl_tstzspan_big USING GIST(p);
CREATE INDEX
CREATE INDEX tbl_tstzspanset_big_rtree_idx ON tbl_tstzspanset_big USING GIST(ps);
CREATE INDEX
SELECT COUNT(*) FROM tbl_tstzspan_big WHERE p @> timestamptz '2001-01-01';
 count 
-------
     0
(1 row)

SELECT COUNT(*) FROM tbl_tstzspan_big WHERE p -|- timestamptz '2001-01-01';
 count 
-------
     0
(1 row)

SELECT COUNT(*) FROM tbl_tstzspan_big WHERE p <<# timestamptz '2001-01-01';
 count 
-------
   500
(1 row)

SELECT COUNT(*) FROM tbl_tstzspan_big WHERE p &<# timestamptz '2001-01-01';
 count 
-------
   500
(1 row)

SELECT COUNT(*) FROM tbl_tstzspan_big WHERE p #>> timestamptz '2001-01-01';
 count 
-------
 11880
(1 row)

SELECT COUNT(*) FROM tbl_tstzspan_big WHERE p #&> timestamptz '2001-01-01';
 count 
-------
 11880
(1 row)

SELECT COUNT(*) FROM tbl_tstzspan_big WHERE p && tstzspan '[2001-06-01, 2001-07-01]';
 count 
-------
  1000
(1 row)

SELECT COUNT(*) FROM tbl_tstzspan_big WHERE p @> tstzspan '[2001-06-01, 2001-07-01]';
 count 
-------
     0
(1 row)

SELECT COUNT(*) FROM tbl_tstzspan_big WHERE p <@ tstzspan '[2001-06-01, 2001-07-01]';
 count 
-------
  1000
(1 row)

SELECT COUNT(*) FROM tbl_tstzspan_big WHERE p -|- tstzspan '[2001-06-01, 2001-07-01]';
 count 
-------
     0
(1 row)

SELECT COUNT(*) FROM tbl_tstzspan_big WHERE p <<# tstzspan '[2001-01-01, 2001-02-01]';
 count 
-------
   500
(1 row)

SELECT COUNT(*) FROM tbl_tstzspan_big WHERE p &<# tstzspan '[2001-01-01, 2001-02-01]';
 count 
-------
  1545
(1 row)

SELECT COUNT(*) FROM tbl_tstzspan_big WHERE p #>> tstzspan '[2001-11-01, 2001-12-01]';
 count 
-------
   946
(1 row)

SELECT COUNT(*) FROM tbl_tstzspan_big WHERE p #&> tstzspan '[2001-11-01, 2001-12-01]';
 count 
-------
  1960
(1 row)

SELECT COUNT(*) FROM tbl_tstzspan_big WHERE p && tstzspanset '{[2001-01-01, 2001-02-01]}';
 count 
-------
  1045
(1 row)

SELECT COUNT(*) FROM tbl_tstzspan_big WHERE p @> tstzspanset '{[2001-01-01, 2001-02-01]}';
 count 
-------
     0
(1 row)

SELECT COUNT(*) FROM tbl_tstzspan_big WHERE p <@ tstzspanset '{[2001-01-01, 2001-02-01]}';
 count 
-------
  1045
(1 row)

SELECT COUNT(*) FROM tbl_tstzspan_big WHERE p -|- tstzspanset '{[2001-01-01, 2001-02-01]}';
 count 
-------
     0
(1 row)

SELECT COUNT(*) FROM tbl_tstzspan_big WHERE p <<# tstzspanset '{[2001-01-01, 2001-02-01]}';
 count 
-------
   500
(1 row)

SELECT COUNT(*) FROM tbl_tstzspan_big WHERE p &<# tstzspanset '{[2001-01-01, 2001-02-01]}';
 count 
-------
  1545
(1 row)

SELECT COUNT(*) FROM tbl_tstzspan_big WHERE p #>> tstzspanset '{[2001-01-01, 2001-02-01]}';
 count 
-------
 10835
(1 row)

SELECT COUNT(*) FROM tbl_tstzspan_big WHERE p #&> tstzspanset '{[2001-01-01, 2001-02-01]}';
 count 
-------
 11880
(1 row)

SELECT COUNT(*) FROM tbl_tstzspanset_big WHERE ps && tstzspan '[2001-01-01, 2001-02-01]';
 count 
-------
  1031
(1 row)

SELECT COUNT(*) FROM tbl_tstzspanset_big WHERE ps @> tstzspan '[2001-01-01, 2001-02-01]';
 count 
-------
     0
(1 row)

SELECT COUNT(*) FROM tbl_tstzspanset_big WHERE ps <@ tstzspan '[2001-01-01, 2001-02-01]';
 count 
-------
  1028
(1 row)

SELECT COUNT(*) FROM tbl_tstzspanset_big WHERE ps <<# tstzspan '[2001-01-01, 2001-02-01]';
 count 
-------
     1
(1 row)

SELECT COUNT(*) FROM tbl_tstzspanset_big WHERE ps &<# tstzspan '[2001-01-01, 2001-02-01]';
 count 
-------
  1031
(1 row)

SELECT COUNT(*) FROM tbl_tstzspanset_big WHERE ps #>> tstzspan '[2001-01-01, 2001-02-01]';
 count 
-------
 10848
(1 row)

SELECT COUNT(*) FROM tbl_tstzspanset_big WHERE ps #&> tstzspan '[2001-01-01, 2001-02-01]';
 count 
-------
 11877
(1 row)

DROP INDEX IF EXISTS tbl_tstzspan_big_rtree_idx;
DROP INDEX
DROP INDEX IF EXISTS tbl_tstzspanset_big_rtree_idx;
DROP INDEX
DROP TABLE IF EXISTS tbl_tstzspan_test;
NOTICE:  table "tbl_tstzspan_test" does not exist, skipping
DROP TABLE
CREATE TABLE tbl_tstzspan_test AS
SELECT tstzspan '[2000-01-01,2000-01-02]';
SELECT 1
ANALYZE tbl_tstzspan_test;
ANALYZE
DELETE FROM tbl_tstzspan_test;
DELETE 1
INSERT INTO tbl_tstzspan_test
SELECT NULL::tstzspan UNION SELECT NULL::tstzspan;
INSERT 0 1
ANALYZE tbl_tstzspan_test;
ANALYZE
DROP TABLE tbl_tstzspan_test;
DROP TABLE
