SELECT COUNT(*) FROM tbl_tbool WHERE temp ?= startValue(temp);
 count 
-------
    96
(1 row)

SELECT COUNT(*) FROM tbl_tint WHERE temp ?= startValue(temp);
 count 
-------
    96
(1 row)

SELECT COUNT(*) FROM tbl_tfloat WHERE temp ?= startValue(temp);
 count 
-------
    91
(1 row)

SELECT COUNT(*) FROM tbl_ttext WHERE temp ?= startValue(temp);
 count 
-------
    96
(1 row)

SELECT COUNT(*) FROM tbl_tbool WHERE startValue(temp) ?= temp;
 count 
-------
    96
(1 row)

SELECT COUNT(*) FROM tbl_tint WHERE startValue(temp) ?= temp;
 count 
-------
    96
(1 row)

SELECT COUNT(*) FROM tbl_tfloat WHERE startValue(temp) ?= temp;
 count 
-------
    91
(1 row)

SELECT COUNT(*) FROM tbl_ttext WHERE startValue(temp) ?= temp;
 count 
-------
    96
(1 row)

SELECT COUNT(*) FROM tbl_tbool WHERE temp %= true;
 count 
-------
    14
(1 row)

SELECT COUNT(*) FROM tbl_tint, tbl_int WHERE temp %= i;
 count 
-------
    24
(1 row)

SELECT COUNT(*) FROM tbl_tfloat, tbl_float WHERE temp %= f;
 count 
-------
     0
(1 row)

SELECT COUNT(*) FROM tbl_ttext, tbl_text WHERE temp %= t;
 count 
-------
     1
(1 row)

SELECT COUNT(*) FROM tbl_tbool WHERE true %= temp;
 count 
-------
    14
(1 row)

SELECT COUNT(*) FROM tbl_int, tbl_tint WHERE i %= temp;
 count 
-------
    24
(1 row)

SELECT COUNT(*) FROM tbl_float, tbl_tfloat WHERE f %= temp;
 count 
-------
     0
(1 row)

SELECT COUNT(*) FROM tbl_text, tbl_ttext WHERE t %= temp;
 count 
-------
     1
(1 row)

SELECT COUNT(*) FROM tbl_tbool WHERE temp ?<> startValue(temp);
 count 
-------
    62
(1 row)

SELECT COUNT(*) FROM tbl_tint WHERE temp ?<> startValue(temp);
 count 
-------
    64
(1 row)

SELECT COUNT(*) FROM tbl_tfloat WHERE temp ?<> startValue(temp);
 count 
-------
    58
(1 row)

SELECT COUNT(*) FROM tbl_ttext WHERE temp ?<> startValue(temp);
 count 
-------
    64
(1 row)

SELECT COUNT(*) FROM tbl_tbool WHERE startValue(temp) ?<> temp;
 count 
-------
    62
(1 row)

SELECT COUNT(*) FROM tbl_tint WHERE startValue(temp) ?<> temp;
 count 
-------
    64
(1 row)

SELECT COUNT(*) FROM tbl_tfloat WHERE startValue(temp) ?<> temp;
 count 
-------
    58
(1 row)

SELECT COUNT(*) FROM tbl_ttext WHERE startValue(temp) ?<> temp;
 count 
-------
    64
(1 row)

SELECT COUNT(*) FROM tbl_tbool WHERE temp %<> true;
 count 
-------
    20
(1 row)

SELECT COUNT(*) FROM tbl_tint, tbl_int WHERE temp %<> i;
 count 
-------
  8862
(1 row)

SELECT COUNT(*) FROM tbl_tfloat, tbl_float WHERE temp %<> f;
 count 
-------
  9504
(1 row)

SELECT COUNT(*) FROM tbl_ttext, tbl_text WHERE temp %<> t;
 count 
-------
  9489
(1 row)

SELECT COUNT(*) FROM tbl_tbool WHERE true %<> temp;
 count 
-------
    20
(1 row)

SELECT COUNT(*) FROM tbl_int, tbl_tint WHERE i %<> temp;
 count 
-------
  8862
(1 row)

SELECT COUNT(*) FROM tbl_float, tbl_tfloat WHERE f %<> temp;
 count 
-------
  9504
(1 row)

SELECT COUNT(*) FROM tbl_text, tbl_ttext WHERE t %<> temp;
 count 
-------
  9489
(1 row)

SELECT COUNT(*) FROM tbl_tint WHERE temp ?< startValue(temp);
 count 
-------
    55
(1 row)

SELECT COUNT(*) FROM tbl_tfloat WHERE temp ?< startValue(temp);
 count 
-------
    50
(1 row)

SELECT COUNT(*) FROM tbl_ttext WHERE temp ?< startValue(temp);
 count 
-------
    54
(1 row)

SELECT COUNT(*) FROM tbl_tint WHERE startValue(temp) ?< temp;
 count 
-------
    45
(1 row)

SELECT COUNT(*) FROM tbl_tfloat WHERE startValue(temp) ?< temp;
 count 
-------
    53
(1 row)

SELECT COUNT(*) FROM tbl_ttext WHERE startValue(temp) ?< temp;
 count 
-------
    48
(1 row)

SELECT COUNT(*) FROM tbl_tint, tbl_int WHERE temp %< i;
 count 
-------
  2196
(1 row)

SELECT COUNT(*) FROM tbl_tfloat, tbl_float WHERE temp %< f;
 count 
-------
  2196
(1 row)

SELECT COUNT(*) FROM tbl_ttext, tbl_text WHERE temp %< t;
 count 
-------
  2276
(1 row)

SELECT COUNT(*) FROM tbl_int, tbl_tint WHERE i %< temp;
 count 
-------
  2685
(1 row)

SELECT COUNT(*) FROM tbl_float, tbl_tfloat WHERE f %< temp;
 count 
-------
  2821
(1 row)

SELECT COUNT(*) FROM tbl_text, tbl_ttext WHERE t %< temp;
 count 
-------
  2968
(1 row)

SELECT COUNT(*) FROM tbl_tint WHERE temp ?<= startValue(temp);
 count 
-------
    96
(1 row)

SELECT COUNT(*) FROM tbl_tfloat WHERE temp ?<= startValue(temp);
 count 
-------
    92
(1 row)

SELECT COUNT(*) FROM tbl_ttext WHERE temp ?<= startValue(temp);
 count 
-------
    96
(1 row)

SELECT COUNT(*) FROM tbl_tint WHERE startValue(temp) ?<= temp;
 count 
-------
    96
(1 row)

SELECT COUNT(*) FROM tbl_tfloat WHERE startValue(temp) ?<= temp;
 count 
-------
    92
(1 row)

SELECT COUNT(*) FROM tbl_ttext WHERE startValue(temp) ?<= temp;
 count 
-------
    96
(1 row)

SELECT COUNT(*) FROM tbl_tint, tbl_int WHERE temp %<= i;
 count 
-------
  2268
(1 row)

SELECT COUNT(*) FROM tbl_tfloat, tbl_float WHERE temp %<= f;
 count 
-------
  2196
(1 row)

SELECT COUNT(*) FROM tbl_ttext, tbl_text WHERE temp %<= t;
 count 
-------
  2278
(1 row)

SELECT COUNT(*) FROM tbl_int, tbl_tint WHERE i %<= temp;
 count 
-------
  2784
(1 row)

SELECT COUNT(*) FROM tbl_float, tbl_tfloat WHERE f %<= temp;
 count 
-------
  2821
(1 row)

SELECT COUNT(*) FROM tbl_text, tbl_ttext WHERE t %<= temp;
 count 
-------
  2970
(1 row)

SELECT COUNT(*) FROM tbl_tint WHERE temp ?> startValue(temp);
 count 
-------
    45
(1 row)

SELECT COUNT(*) FROM tbl_tfloat WHERE temp ?> startValue(temp);
 count 
-------
    53
(1 row)

SELECT COUNT(*) FROM tbl_ttext WHERE temp ?> startValue(temp);
 count 
-------
    48
(1 row)

SELECT COUNT(*) FROM tbl_tint WHERE startValue(temp) ?> temp;
 count 
-------
    55
(1 row)

SELECT COUNT(*) FROM tbl_tfloat WHERE startValue(temp) ?> temp;
 count 
-------
    50
(1 row)

SELECT COUNT(*) FROM tbl_ttext WHERE startValue(temp) ?> temp;
 count 
-------
    54
(1 row)

SELECT COUNT(*) FROM tbl_tint, tbl_int WHERE temp %> i;
 count 
-------
  2685
(1 row)

SELECT COUNT(*) FROM tbl_tfloat, tbl_float WHERE temp %> f;
 count 
-------
  2821
(1 row)

SELECT COUNT(*) FROM tbl_ttext, tbl_text WHERE temp %> t;
 count 
-------
  2968
(1 row)

SELECT COUNT(*) FROM tbl_int, tbl_tint WHERE i %> temp;
 count 
-------
  2196
(1 row)

SELECT COUNT(*) FROM tbl_float, tbl_tfloat WHERE f %> temp;
 count 
-------
  2196
(1 row)

SELECT COUNT(*) FROM tbl_text, tbl_ttext WHERE t %> temp;
 count 
-------
  2276
(1 row)

SELECT COUNT(*) FROM tbl_tint WHERE temp ?>= startValue(temp);
 count 
-------
    96
(1 row)

SELECT COUNT(*) FROM tbl_tfloat WHERE temp ?>= startValue(temp);
 count 
-------
    92
(1 row)

SELECT COUNT(*) FROM tbl_ttext WHERE temp ?>= startValue(temp);
 count 
-------
    96
(1 row)

SELECT COUNT(*) FROM tbl_tint WHERE startValue(temp) ?>= temp;
 count 
-------
    96
(1 row)

SELECT COUNT(*) FROM tbl_tfloat WHERE startValue(temp) ?>= temp;
 count 
-------
    92
(1 row)

SELECT COUNT(*) FROM tbl_ttext WHERE startValue(temp) ?>= temp;
 count 
-------
    96
(1 row)

SELECT COUNT(*) FROM tbl_tint, tbl_int WHERE temp %>= i;
 count 
-------
  2784
(1 row)

SELECT COUNT(*) FROM tbl_tfloat, tbl_float WHERE temp %>= f;
 count 
-------
  2821
(1 row)

SELECT COUNT(*) FROM tbl_ttext, tbl_text WHERE temp %>= t;
 count 
-------
  2970
(1 row)

SELECT COUNT(*) FROM tbl_int, tbl_tint WHERE i %>= temp;
 count 
-------
  2268
(1 row)

SELECT COUNT(*) FROM tbl_float, tbl_tfloat WHERE temp %>= temp;
 count 
-------
  9600
(1 row)

SELECT COUNT(*) FROM tbl_text, tbl_ttext WHERE temp %>= temp;
 count 
-------
  9600
(1 row)

CREATE INDEX tbl_tbool_big_rtree_idx ON tbl_tbool_big USING gist(temp);
CREATE INDEX
CREATE INDEX tbl_tint_big_rtree_idx ON tbl_tint_big USING gist(temp);
CREATE INDEX
CREATE INDEX tbl_tfloat_big_rtree_idx ON tbl_tfloat_big USING gist(temp);
CREATE INDEX
CREATE INDEX tbl_ttext_rtree_idx ON tbl_ttext_big USING gist(temp);
CREATE INDEX
SELECT COUNT(*) FROM tbl_tint_big WHERE temp ?= 1;
 count 
-------
   713
(1 row)

SELECT COUNT(*) FROM tbl_tfloat_big WHERE temp ?= 1.5;
 count 
-------
   314
(1 row)

SELECT COUNT(*) FROM tbl_ttext_big WHERE temp ?= text 'AAA';
 count 
-------
     1
(1 row)

SELECT COUNT(*) FROM tbl_tint_big WHERE temp %= 1;
 count 
-------
    37
(1 row)

SELECT COUNT(*) FROM tbl_tfloat_big WHERE temp %= 1.5;
 count 
-------
     0
(1 row)

SELECT COUNT(*) FROM tbl_ttext_big WHERE temp %= text 'AAA';
 count 
-------
     0
(1 row)

DROP INDEX tbl_tbool_big_rtree_idx;
DROP INDEX
DROP INDEX tbl_tint_big_rtree_idx;
DROP INDEX
DROP INDEX tbl_tfloat_big_rtree_idx;
DROP INDEX
DROP INDEX tbl_ttext_rtree_idx;
DROP INDEX
CREATE INDEX tbl_tbool_big_quadtree_idx ON tbl_tbool_big USING spgist(temp);
CREATE INDEX
CREATE INDEX tbl_tint_big_quadtree_idx ON tbl_tint_big USING spgist(temp);
CREATE INDEX
CREATE INDEX tbl_tfloat_big_quadtree_idx ON tbl_tfloat_big USING spgist(temp);
CREATE INDEX
CREATE INDEX tbl_ttext_quadtree_idx ON tbl_ttext_big USING spgist(temp);
CREATE INDEX
SELECT COUNT(*) FROM tbl_tint_big WHERE temp ?= 1;
 count 
-------
   713
(1 row)

SELECT COUNT(*) FROM tbl_tfloat_big WHERE temp ?= 1.5;
 count 
-------
   314
(1 row)

SELECT COUNT(*) FROM tbl_tint_big WHERE temp %= 1;
 count 
-------
    37
(1 row)

SELECT COUNT(*) FROM tbl_tfloat_big WHERE temp %= 1.5;
 count 
-------
     0
(1 row)

DROP INDEX tbl_tbool_big_quadtree_idx;
DROP INDEX
DROP INDEX tbl_tint_big_quadtree_idx;
DROP INDEX
DROP INDEX tbl_tfloat_big_quadtree_idx;
DROP INDEX
DROP INDEX tbl_ttext_quadtree_idx;
DROP INDEX
SELECT COUNT(*) FROM tbl_tbool WHERE true #= temp IS NOT NULL;
 count 
-------
    96
(1 row)

SELECT COUNT(*) FROM tbl_tbool WHERE temp #= true IS NOT NULL;
 count 
-------
    96
(1 row)

SELECT COUNT(*) FROM tbl_tbool t1, tbl_tbool t2 WHERE t1.temp #= t2.temp IS NOT NULL;
 count 
-------
   124
(1 row)

SELECT COUNT(*) FROM tbl_tint, tbl_int WHERE i #= temp IS NOT NULL;
 count 
-------
  9504
(1 row)

SELECT COUNT(*) FROM tbl_tint, tbl_int WHERE temp #= i IS NOT NULL;
 count 
-------
  9504
(1 row)

SELECT COUNT(*) FROM tbl_tfloat, tbl_float WHERE f #= temp IS NOT NULL;
 count 
-------
  9504
(1 row)

SELECT COUNT(*) FROM tbl_tfloat, tbl_float WHERE temp #= f IS NOT NULL;
 count 
-------
  9504
(1 row)

SELECT COUNT(*) FROM tbl_tint t1, tbl_tint t2 WHERE t1.temp #= t2.temp IS NOT NULL;
 count 
-------
   124
(1 row)

SELECT COUNT(*) FROM tbl_tfloat t1, tbl_tfloat t2 WHERE t1.temp #= t2.temp IS NOT NULL;
 count 
-------
   124
(1 row)

/* Roundoff errors */
SELECT DISTINCT (temp #= temp) = (temp #= temp + 1e-16) FROM tbl_tfloat WHERE temp IS NOT NULL;
 ?column? 
----------
 t
(1 row)

SELECT COUNT(*) FROM tbl_ttext, tbl_text WHERE t #= temp IS NOT NULL;
 count 
-------
  9504
(1 row)

SELECT COUNT(*) FROM tbl_ttext, tbl_text WHERE temp #= t IS NOT NULL;
 count 
-------
  9504
(1 row)

SELECT COUNT(*) FROM tbl_ttext t1, tbl_ttext t2 WHERE t1.temp #= t2.temp IS NOT NULL;
 count 
-------
   130
(1 row)

SELECT COUNT(*) FROM tbl_tbool WHERE true #<> temp IS NOT NULL;
 count 
-------
    96
(1 row)

SELECT COUNT(*) FROM tbl_tbool WHERE temp #<> true IS NOT NULL;
 count 
-------
    96
(1 row)

SELECT COUNT(*) FROM tbl_tbool t1, tbl_tbool t2 WHERE t1.temp #<> t2.temp IS NOT NULL;
 count 
-------
   124
(1 row)

SELECT COUNT(*) FROM tbl_tint, tbl_int WHERE i #<> temp IS NOT NULL;
 count 
-------
  9504
(1 row)

SELECT COUNT(*) FROM tbl_tint, tbl_int WHERE temp #<> i IS NOT NULL;
 count 
-------
  9504
(1 row)

SELECT COUNT(*) FROM tbl_tfloat, tbl_float WHERE f #<> temp IS NOT NULL;
 count 
-------
  9504
(1 row)

SELECT COUNT(*) FROM tbl_tfloat, tbl_float WHERE temp #<> f IS NOT NULL;
 count 
-------
  9504
(1 row)

SELECT COUNT(*) FROM tbl_tint t1, tbl_tint t2 WHERE t1.temp #<> t2.temp IS NOT NULL;
 count 
-------
   124
(1 row)

SELECT COUNT(*) FROM tbl_tfloat t1, tbl_tfloat t2 WHERE t1.temp #<> t2.temp IS NOT NULL;
 count 
-------
   124
(1 row)

SELECT COUNT(*) FROM tbl_ttext, tbl_text WHERE t #<> temp IS NOT NULL;
 count 
-------
  9504
(1 row)

SELECT COUNT(*) FROM tbl_ttext, tbl_text WHERE temp #<> t IS NOT NULL;
 count 
-------
  9504
(1 row)

SELECT COUNT(*) FROM tbl_ttext t1, tbl_ttext t2 WHERE t1.temp #<> t2.temp IS NOT NULL;
 count 
-------
   130
(1 row)

SELECT COUNT(*) FROM tbl_tint, tbl_int WHERE i #< temp IS NOT NULL;
 count 
-------
  9504
(1 row)

SELECT COUNT(*) FROM tbl_tint, tbl_int WHERE temp #< i IS NOT NULL;
 count 
-------
  9504
(1 row)

SELECT COUNT(*) FROM tbl_tfloat, tbl_float WHERE f #< temp IS NOT NULL;
 count 
-------
  9504
(1 row)

SELECT COUNT(*) FROM tbl_tfloat, tbl_float WHERE temp #< f IS NOT NULL;
 count 
-------
  9504
(1 row)

SELECT COUNT(*) FROM tbl_tint t1, tbl_tint t2 WHERE t1.temp #< t2.temp IS NOT NULL;
 count 
-------
   124
(1 row)

SELECT COUNT(*) FROM tbl_tfloat t1, tbl_tfloat t2 WHERE t1.temp #< t2.temp IS NOT NULL;
 count 
-------
   124
(1 row)

SELECT COUNT(*) FROM tbl_ttext, tbl_text WHERE t #< temp IS NOT NULL;
 count 
-------
  9504
(1 row)

SELECT COUNT(*) FROM tbl_ttext, tbl_text WHERE temp #< t IS NOT NULL;
 count 
-------
  9504
(1 row)

SELECT COUNT(*) FROM tbl_ttext t1, tbl_ttext t2 WHERE t1.temp #< t2.temp IS NOT NULL;
 count 
-------
   130
(1 row)

SELECT COUNT(*) FROM tbl_tint, tbl_int WHERE i #> temp IS NOT NULL;
 count 
-------
  9504
(1 row)

SELECT COUNT(*) FROM tbl_tint, tbl_int WHERE temp #> i IS NOT NULL;
 count 
-------
  9504
(1 row)

SELECT COUNT(*) FROM tbl_tfloat, tbl_float WHERE f #> temp IS NOT NULL;
 count 
-------
  9504
(1 row)

SELECT COUNT(*) FROM tbl_tfloat, tbl_float WHERE temp #> f IS NOT NULL;
 count 
-------
  9504
(1 row)

SELECT COUNT(*) FROM tbl_tint t1, tbl_tint t2 WHERE t1.temp #> t2.temp IS NOT NULL;
 count 
-------
   124
(1 row)

SELECT COUNT(*) FROM tbl_tfloat t1, tbl_tfloat t2 WHERE t1.temp #> t2.temp IS NOT NULL;
 count 
-------
   124
(1 row)

SELECT COUNT(*) FROM tbl_ttext, tbl_text WHERE t #> temp IS NOT NULL;
 count 
-------
  9504
(1 row)

SELECT COUNT(*) FROM tbl_ttext, tbl_text WHERE temp #> t IS NOT NULL;
 count 
-------
  9504
(1 row)

SELECT COUNT(*) FROM tbl_ttext t1, tbl_ttext t2 WHERE t1.temp #> t2.temp IS NOT NULL;
 count 
-------
   130
(1 row)

SELECT COUNT(*) FROM tbl_tint, tbl_int WHERE i #<= temp IS NOT NULL;
 count 
-------
  9504
(1 row)

SELECT COUNT(*) FROM tbl_tint, tbl_int WHERE temp #<= i IS NOT NULL;
 count 
-------
  9504
(1 row)

SELECT COUNT(*) FROM tbl_tfloat, tbl_float WHERE f #<= temp IS NOT NULL;
 count 
-------
  9504
(1 row)

SELECT COUNT(*) FROM tbl_tfloat, tbl_float WHERE temp #<= f IS NOT NULL;
 count 
-------
  9504
(1 row)

SELECT COUNT(*) FROM tbl_tint t1, tbl_tint t2 WHERE t1.temp #<= t2.temp IS NOT NULL;
 count 
-------
   124
(1 row)

SELECT COUNT(*) FROM tbl_tfloat t1, tbl_tfloat t2 WHERE t1.temp #<= t2.temp IS NOT NULL;
 count 
-------
   124
(1 row)

SELECT COUNT(*) FROM tbl_ttext, tbl_text WHERE t #<= temp IS NOT NULL;
 count 
-------
  9504
(1 row)

SELECT COUNT(*) FROM tbl_ttext, tbl_text WHERE temp #<= t IS NOT NULL;
 count 
-------
  9504
(1 row)

SELECT COUNT(*) FROM tbl_ttext t1, tbl_ttext t2 WHERE t1.temp #<= t2.temp IS NOT NULL;
 count 
-------
   130
(1 row)

SELECT COUNT(*) FROM tbl_tint, tbl_int WHERE i #>= temp IS NOT NULL;
 count 
-------
  9504
(1 row)

SELECT COUNT(*) FROM tbl_tint, tbl_int WHERE temp #>= i IS NOT NULL;
 count 
-------
  9504
(1 row)

SELECT COUNT(*) FROM tbl_tfloat, tbl_float WHERE f #>= temp IS NOT NULL;
 count 
-------
  9504
(1 row)

SELECT COUNT(*) FROM tbl_tfloat, tbl_float WHERE temp #>= f IS NOT NULL;
 count 
-------
  9504
(1 row)

SELECT COUNT(*) FROM tbl_tint t1, tbl_tint t2 WHERE t1.temp #>= t2.temp IS NOT NULL;
 count 
-------
   124
(1 row)

SELECT COUNT(*) FROM tbl_tfloat t1, tbl_tfloat t2 WHERE t1.temp #>= t2.temp IS NOT NULL;
 count 
-------
   124
(1 row)

SELECT COUNT(*) FROM tbl_ttext, tbl_text WHERE t #>= temp IS NOT NULL;
 count 
-------
  9504
(1 row)

SELECT COUNT(*) FROM tbl_ttext, tbl_text WHERE temp #>= t IS NOT NULL;
 count 
-------
  9504
(1 row)

SELECT COUNT(*) FROM tbl_ttext t1, tbl_ttext t2 WHERE t1.temp #>= t2.temp IS NOT NULL;
 count 
-------
   130
(1 row)

