SELECT round(geometry 'SRID=5676;Point(1 1)' <-> tnpoint 'Npoint(1, 0.5)@2000-01-01', 6);
              round               
----------------------------------
 90.386909@2000-01-01 00:00:00+00
(1 row)

SELECT round(geometry 'SRID=5676;Point(1 1)' <-> tnpoint '{Npoint(1, 0.3)@2000-01-01, Npoint(1, 0.5)@2000-01-02, Npoint(1, 0.5)@2000-01-03}', 6);
                                                 round                                                  
--------------------------------------------------------------------------------------------------------
 {100.40563@2000-01-01 00:00:00+00, 90.386909@2000-01-02 00:00:00+00, 90.386909@2000-01-03 00:00:00+00}
(1 row)

SELECT round(geometry 'SRID=5676;Point(1 1)' <-> tnpoint '[Npoint(1, 0.2)@2000-01-01, Npoint(1, 0.4)@2000-01-02, Npoint(1, 0.5)@2000-01-03]', 6);
                                                  round                                                  
---------------------------------------------------------------------------------------------------------
 [105.852042@2000-01-01 00:00:00+00, 95.260955@2000-01-02 00:00:00+00, 90.386909@2000-01-03 00:00:00+00]
(1 row)

SELECT round(geometry 'SRID=5676;Point(1 1)' <-> tnpoint '{[Npoint(1, 0.2)@2000-01-01, Npoint(1, 0.4)@2000-01-02, Npoint(1, 0.5)@2000-01-03], [Npoint(2, 0.6)@2000-01-04, Npoint(2, 0.6)@2000-01-05]}', 6);
                                                                                      round                                                                                      
---------------------------------------------------------------------------------------------------------------------------------------------------------------------------------
 {[105.852042@2000-01-01 00:00:00+00, 95.260955@2000-01-02 00:00:00+00, 90.386909@2000-01-03 00:00:00+00], [81.027522@2000-01-04 00:00:00+00, 81.027522@2000-01-05 00:00:00+00]}
(1 row)

SELECT round(geometry 'SRID=5676;Point empty' <-> tnpoint 'Npoint(1, 0.5)@2000-01-01', 6);
 round 
-------
 
(1 row)

SELECT round(geometry 'SRID=5676;Point empty' <-> tnpoint '{Npoint(1, 0.3)@2000-01-01, Npoint(1, 0.5)@2000-01-02, Npoint(1, 0.5)@2000-01-03}', 6);
 round 
-------
 
(1 row)

SELECT round(geometry 'SRID=5676;Point empty' <-> tnpoint '[Npoint(1, 0.2)@2000-01-01, Npoint(1, 0.4)@2000-01-02, Npoint(1, 0.5)@2000-01-03]', 6);
 round 
-------
 
(1 row)

SELECT round(geometry 'SRID=5676;Point empty' <-> tnpoint '{[Npoint(1, 0.2)@2000-01-01, Npoint(1, 0.4)@2000-01-02, Npoint(1, 0.5)@2000-01-03], [Npoint(2, 0.6)@2000-01-04, Npoint(2, 0.6)@2000-01-05]}', 6);
 round 
-------
 
(1 row)

SELECT round(npoint 'NPoint(1, 0.2)' <-> tnpoint 'Npoint(1, 0.5)@2000-01-01', 6);
              round               
----------------------------------
 21.392016@2000-01-01 00:00:00+00
(1 row)

SELECT round(npoint 'NPoint(1, 0.2)' <-> tnpoint '{Npoint(1, 0.3)@2000-01-01, Npoint(1, 0.5)@2000-01-02, Npoint(1, 0.5)@2000-01-03}', 6);
                                                 round                                                 
-------------------------------------------------------------------------------------------------------
 {7.124928@2000-01-01 00:00:00+00, 21.392016@2000-01-02 00:00:00+00, 21.392016@2000-01-03 00:00:00+00}
(1 row)

SELECT round(npoint 'NPoint(1, 0.2)' <-> tnpoint '[Npoint(1, 0.2)@2000-01-01, Npoint(1, 0.4)@2000-01-02, Npoint(1, 0.5)@2000-01-03]', 6);
                                             round                                              
------------------------------------------------------------------------------------------------
 [0@2000-01-01 00:00:00+00, 14.258297@2000-01-02 00:00:00+00, 21.392016@2000-01-03 00:00:00+00]
(1 row)

SELECT round(npoint 'NPoint(1, 0.2)' <-> tnpoint '{[Npoint(1, 0.2)@2000-01-01, Npoint(1, 0.4)@2000-01-02, Npoint(1, 0.5)@2000-01-03], [Npoint(2, 0.6)@2000-01-04, Npoint(2, 0.6)@2000-01-05]}', 6);
                                                                                 round                                                                                  
------------------------------------------------------------------------------------------------------------------------------------------------------------------------
 {[0@2000-01-01 00:00:00+00, 14.258297@2000-01-02 00:00:00+00, 21.392016@2000-01-03 00:00:00+00], [42.706442@2000-01-04 00:00:00+00, 42.706442@2000-01-05 00:00:00+00]}
(1 row)

SELECT round(tnpoint 'Npoint(1, 0.5)@2000-01-01' <-> npoint 'NPoint(1, 0.2)', 6);
              round               
----------------------------------
 21.392016@2000-01-01 00:00:00+00
(1 row)

SELECT round(tnpoint '{Npoint(1, 0.3)@2000-01-01, Npoint(1, 0.5)@2000-01-02, Npoint(1, 0.5)@2000-01-03}' <-> npoint 'NPoint(1, 0.2)', 6);
                                                 round                                                 
-------------------------------------------------------------------------------------------------------
 {7.124928@2000-01-01 00:00:00+00, 21.392016@2000-01-02 00:00:00+00, 21.392016@2000-01-03 00:00:00+00}
(1 row)

SELECT round(tnpoint '[Npoint(1, 0.2)@2000-01-01, Npoint(1, 0.4)@2000-01-02, Npoint(1, 0.5)@2000-01-03]' <-> npoint 'NPoint(1, 0.2)', 6);
                                             round                                              
------------------------------------------------------------------------------------------------
 [0@2000-01-01 00:00:00+00, 14.258297@2000-01-02 00:00:00+00, 21.392016@2000-01-03 00:00:00+00]
(1 row)

SELECT round(tnpoint '{[Npoint(1, 0.2)@2000-01-01, Npoint(1, 0.4)@2000-01-02, Npoint(1, 0.5)@2000-01-03], [Npoint(2, 0.6)@2000-01-04, Npoint(2, 0.6)@2000-01-05]}' <-> npoint 'NPoint(1, 0.2)', 6);
                                                                                 round                                                                                  
------------------------------------------------------------------------------------------------------------------------------------------------------------------------
 {[0@2000-01-01 00:00:00+00, 14.258297@2000-01-02 00:00:00+00, 21.392016@2000-01-03 00:00:00+00], [42.706442@2000-01-04 00:00:00+00, 42.706442@2000-01-05 00:00:00+00]}
(1 row)

SELECT round(tnpoint 'Npoint(1, 0.5)@2000-01-01' <-> geometry 'SRID=5676;Point(1 1)', 6);
              round               
----------------------------------
 90.386909@2000-01-01 00:00:00+00
(1 row)

SELECT round(tnpoint '{Npoint(1, 0.3)@2000-01-01, Npoint(1, 0.5)@2000-01-02, Npoint(1, 0.5)@2000-01-03}' <-> geometry 'SRID=5676;Point(1 1)', 6);
                                                 round                                                  
--------------------------------------------------------------------------------------------------------
 {100.40563@2000-01-01 00:00:00+00, 90.386909@2000-01-02 00:00:00+00, 90.386909@2000-01-03 00:00:00+00}
(1 row)

SELECT round(tnpoint '[Npoint(1, 0.2)@2000-01-01, Npoint(1, 0.4)@2000-01-02, Npoint(1, 0.5)@2000-01-03]' <-> geometry 'SRID=5676;Point(1 1)', 6);
                                                  round                                                  
---------------------------------------------------------------------------------------------------------
 [105.852042@2000-01-01 00:00:00+00, 95.260955@2000-01-02 00:00:00+00, 90.386909@2000-01-03 00:00:00+00]
(1 row)

SELECT round(tnpoint '{[Npoint(1, 0.2)@2000-01-01, Npoint(1, 0.4)@2000-01-02, Npoint(1, 0.5)@2000-01-03], [Npoint(2, 0.6)@2000-01-04, Npoint(2, 0.6)@2000-01-05]}' <-> geometry 'SRID=5676;Point(1 1)', 6);
                                                                                      round                                                                                      
---------------------------------------------------------------------------------------------------------------------------------------------------------------------------------
 {[105.852042@2000-01-01 00:00:00+00, 95.260955@2000-01-02 00:00:00+00, 90.386909@2000-01-03 00:00:00+00], [81.027522@2000-01-04 00:00:00+00, 81.027522@2000-01-05 00:00:00+00]}
(1 row)

SELECT round(tnpoint 'Npoint(1, 0.5)@2000-01-01' <-> geometry 'SRID=5676;Point empty', 6);
 round 
-------
 
(1 row)

SELECT round(tnpoint '{Npoint(1, 0.3)@2000-01-01, Npoint(1, 0.5)@2000-01-02, Npoint(1, 0.5)@2000-01-03}' <-> geometry 'SRID=5676;Point empty', 6);
 round 
-------
 
(1 row)

SELECT round(tnpoint '[Npoint(1, 0.2)@2000-01-01, Npoint(1, 0.4)@2000-01-02, Npoint(1, 0.5)@2000-01-03]' <-> geometry 'SRID=5676;Point empty', 6);
 round 
-------
 
(1 row)

SELECT round(tnpoint '{[Npoint(1, 0.2)@2000-01-01, Npoint(1, 0.4)@2000-01-02, Npoint(1, 0.5)@2000-01-03], [Npoint(2, 0.6)@2000-01-04, Npoint(2, 0.6)@2000-01-05]}' <-> geometry 'SRID=5676;Point empty', 6);
 round 
-------
 
(1 row)

SELECT round(tnpoint 'Npoint(1, 0.5)@2000-01-01' <-> tnpoint 'Npoint(1, 0.5)@2000-01-01', 6);
          round           
--------------------------
 0@2000-01-01 00:00:00+00
(1 row)

SELECT round(tnpoint '{Npoint(1, 0.3)@2000-01-01, Npoint(1, 0.5)@2000-01-02, Npoint(1, 0.5)@2000-01-03}' <-> tnpoint 'Npoint(1, 0.5)@2000-01-01', 6);
              round               
----------------------------------
 14.267787@2000-01-01 00:00:00+00
(1 row)

SELECT round(tnpoint '[Npoint(1, 0.2)@2000-01-01, Npoint(1, 0.4)@2000-01-02, Npoint(1, 0.5)@2000-01-03]' <-> tnpoint 'Npoint(1, 0.5)@2000-01-01', 6);
              round               
----------------------------------
 21.392016@2000-01-01 00:00:00+00
(1 row)

SELECT round(tnpoint '{[Npoint(1, 0.2)@2000-01-01, Npoint(1, 0.4)@2000-01-02, Npoint(1, 0.5)@2000-01-03], [Npoint(2, 0.6)@2000-01-04, Npoint(2, 0.6)@2000-01-05]}' <-> tnpoint 'Npoint(1, 0.5)@2000-01-01', 6);
              round               
----------------------------------
 21.392016@2000-01-01 00:00:00+00
(1 row)

SELECT round(tnpoint 'Npoint(1, 0.5)@2000-01-01' <-> tnpoint '{Npoint(1, 0.3)@2000-01-01, Npoint(1, 0.5)@2000-01-02, Npoint(1, 0.5)@2000-01-03}', 6);
              round               
----------------------------------
 14.267787@2000-01-01 00:00:00+00
(1 row)

SELECT round(tnpoint '{Npoint(1, 0.3)@2000-01-01, Npoint(1, 0.5)@2000-01-02, Npoint(1, 0.5)@2000-01-03}' <-> tnpoint '{Npoint(1, 0.3)@2000-01-01, Npoint(1, 0.5)@2000-01-02, Npoint(1, 0.5)@2000-01-03}', 6);
                                     round                                      
--------------------------------------------------------------------------------
 {0@2000-01-01 00:00:00+00, 0@2000-01-02 00:00:00+00, 0@2000-01-03 00:00:00+00}
(1 row)

SELECT round(tnpoint '[Npoint(1, 0.2)@2000-01-01, Npoint(1, 0.4)@2000-01-02, Npoint(1, 0.5)@2000-01-03]' <-> tnpoint '{Npoint(1, 0.3)@2000-01-01, Npoint(1, 0.5)@2000-01-02, Npoint(1, 0.5)@2000-01-03}', 6);
                                            round                                             
----------------------------------------------------------------------------------------------
 {7.124928@2000-01-01 00:00:00+00, 7.133893@2000-01-02 00:00:00+00, 0@2000-01-03 00:00:00+00}
(1 row)

SELECT round(tnpoint '{[Npoint(1, 0.2)@2000-01-01, Npoint(1, 0.4)@2000-01-02, Npoint(1, 0.5)@2000-01-03], [Npoint(2, 0.6)@2000-01-04, Npoint(2, 0.6)@2000-01-05]}' <-> tnpoint '{Npoint(1, 0.3)@2000-01-01, Npoint(1, 0.5)@2000-01-02, Npoint(1, 0.5)@2000-01-03}', 6);
                                            round                                             
----------------------------------------------------------------------------------------------
 {7.124928@2000-01-01 00:00:00+00, 7.133893@2000-01-02 00:00:00+00, 0@2000-01-03 00:00:00+00}
(1 row)

SELECT round(tnpoint 'Npoint(1, 0.5)@2000-01-01' <-> tnpoint '[Npoint(1, 0.2)@2000-01-01, Npoint(1, 0.4)@2000-01-02, Npoint(1, 0.5)@2000-01-03]', 6);
              round               
----------------------------------
 21.392016@2000-01-01 00:00:00+00
(1 row)

SELECT round(tnpoint '{Npoint(1, 0.3)@2000-01-01, Npoint(1, 0.5)@2000-01-02, Npoint(1, 0.5)@2000-01-03}' <-> tnpoint '[Npoint(1, 0.2)@2000-01-01, Npoint(1, 0.4)@2000-01-02, Npoint(1, 0.5)@2000-01-03]', 6);
                                            round                                             
----------------------------------------------------------------------------------------------
 {7.124928@2000-01-01 00:00:00+00, 7.133893@2000-01-02 00:00:00+00, 0@2000-01-03 00:00:00+00}
(1 row)

SELECT round(tnpoint '[Npoint(1, 0.2)@2000-01-01, Npoint(1, 0.4)@2000-01-02, Npoint(1, 0.5)@2000-01-03]' <-> tnpoint '[Npoint(1, 0.2)@2000-01-01, Npoint(1, 0.4)@2000-01-02, Npoint(1, 0.5)@2000-01-03]', 6);
                        round                         
------------------------------------------------------
 [0@2000-01-01 00:00:00+00, 0@2000-01-03 00:00:00+00]
(1 row)

SELECT round(tnpoint '{[Npoint(1, 0.2)@2000-01-01, Npoint(1, 0.4)@2000-01-02, Npoint(1, 0.5)@2000-01-03], [Npoint(2, 0.6)@2000-01-04, Npoint(2, 0.6)@2000-01-05]}' <-> tnpoint '[Npoint(1, 0.2)@2000-01-01, Npoint(1, 0.4)@2000-01-02, Npoint(1, 0.5)@2000-01-03]', 6);
                         round                          
--------------------------------------------------------
 {[0@2000-01-01 00:00:00+00, 0@2000-01-03 00:00:00+00]}
(1 row)

SELECT round(tnpoint 'Npoint(1, 0.5)@2000-01-01' <-> tnpoint '{[Npoint(1, 0.2)@2000-01-01, Npoint(1, 0.4)@2000-01-02, Npoint(1, 0.5)@2000-01-03], [Npoint(2, 0.6)@2000-01-04, Npoint(2, 0.6)@2000-01-05]}', 6);
              round               
----------------------------------
 21.392016@2000-01-01 00:00:00+00
(1 row)

SELECT round(tnpoint '{Npoint(1, 0.3)@2000-01-01, Npoint(1, 0.5)@2000-01-02, Npoint(1, 0.5)@2000-01-03}' <-> tnpoint '{[Npoint(1, 0.2)@2000-01-01, Npoint(1, 0.4)@2000-01-02, Npoint(1, 0.5)@2000-01-03], [Npoint(2, 0.6)@2000-01-04, Npoint(2, 0.6)@2000-01-05]}', 6);
                                            round                                             
----------------------------------------------------------------------------------------------
 {7.124928@2000-01-01 00:00:00+00, 7.133893@2000-01-02 00:00:00+00, 0@2000-01-03 00:00:00+00}
(1 row)

SELECT round(tnpoint '[Npoint(1, 0.2)@2000-01-01, Npoint(1, 0.4)@2000-01-02, Npoint(1, 0.5)@2000-01-03]' <-> tnpoint '{[Npoint(1, 0.2)@2000-01-01, Npoint(1, 0.4)@2000-01-02, Npoint(1, 0.5)@2000-01-03], [Npoint(2, 0.6)@2000-01-04, Npoint(2, 0.6)@2000-01-05]}', 6);
                         round                          
--------------------------------------------------------
 {[0@2000-01-01 00:00:00+00, 0@2000-01-03 00:00:00+00]}
(1 row)

SELECT round(tnpoint '{[Npoint(1, 0.2)@2000-01-01, Npoint(1, 0.4)@2000-01-02, Npoint(1, 0.5)@2000-01-03], [Npoint(2, 0.6)@2000-01-04, Npoint(2, 0.6)@2000-01-05]}' <-> tnpoint '{[Npoint(1, 0.2)@2000-01-01, Npoint(1, 0.4)@2000-01-02, Npoint(1, 0.5)@2000-01-03], [Npoint(2, 0.6)@2000-01-04, Npoint(2, 0.6)@2000-01-05]}', 6);
                                                    round                                                     
--------------------------------------------------------------------------------------------------------------
 {[0@2000-01-01 00:00:00+00, 0@2000-01-03 00:00:00+00], [0@2000-01-04 00:00:00+00, 0@2000-01-05 00:00:00+00]}
(1 row)

