set force_parallel_mode=regress;
SET
SELECT DISTINCT SRID(temp) FROM tbl_tgeompoint;
 srid 
------
    0
(1 row)

SELECT DISTINCT SRID(temp) FROM tbl_tgeogpoint;
 srid 
------
 4326
(1 row)

SELECT DISTINCT SRID(temp) FROM tbl_tgeompoint3D;
 srid 
------
    0
(1 row)

SELECT DISTINCT SRID(temp) FROM tbl_tgeogpoint3D;
 srid 
------
 4326
(1 row)

/*
SELECT setSRID(temp,5676) FROM tbl_tgeompoint;
SELECT setSRID(temp,4326) FROM tbl_tgeogpoint;
SELECT setSRID(temp,5676) FROM tbl_tgeompoint3D;
SELECT setSRID(temp,4326) FROM tbl_tgeogpoint3D;
*/
SELECT count(*) FROM tbl_tgeompoint WHERE startValue(transform(setSRID(temp, 5676), 4326)) = st_transform(st_setSRID(startValue(temp), 5676), 4326);
 count 
-------
   100
(1 row)

SELECT count(*) FROM tbl_tgeompoint3D WHERE startValue(transform(setSRID(temp, 5676), 4326)) = st_transform(st_setSRID(startValue(temp), 5676), 4326);
 count 
-------
   100
(1 row)

SELECT round(MAX(ST_X(startValue(transform_gk(temp))))::numeric, 6) FROM tbl_tgeompoint;
      round      
-----------------
 12685412.960367
(1 row)

SELECT round(MAX(ST_X(transform_gk(g)))::numeric, 6) FROM tbl_geompoint LIMIT 10;
      round      
-----------------
 15523281.670409
(1 row)

SELECT round(MAX(ST_X(ST_StartPoint(transform_gk(g))))::numeric, 6) FROM tbl_geomlinestring LIMIT 10;
      round      
-----------------
 13567136.086579
(1 row)

SELECT tgeogpoint(temp) FROM tbl_tgeompoint LIMIT 10;
NOTICE:  Coordinate values were coerced into range [-180 -90, 180 90] for GEOGRAPHY
NOTICE:  Coordinate values were coerced into range [-180 -90, 180 90] for GEOGRAPHY
NOTICE:  Coordinate values were coerced into range [-180 -90, 180 90] for GEOGRAPHY
                                tgeogpoint                                 
---------------------------------------------------------------------------
 0101000020E61000000000D0B7817C3540000046622AB45440@2001-06-11 14:33:00+00
 0101000020E610000000003E85299356400000008A7D1E4B40@2001-08-11 06:38:00+00
 0101000020E61000000000D0B7817C3540000046622AB45440@2001-06-11 14:33:00+00
 0101000020E610000000003E85299356400000008A7D1E4B40@2001-08-11 06:38:00+00
 0101000020E610000000006C0CDBC9444000006808F6425040@2001-12-03 12:05:00+00
 0101000020E61000000000EC7DCCC75040000000274BE04140@2001-08-06 05:33:00+00
 0101000020E610000000008C3BAC024140000022A5D9DF5540@2001-12-03 12:05:00+00
 0101000020E61000000000008AC9664840000028AB24E54340@2001-08-06 05:33:00+00
 0101000020E61000000000A06B28DB1840000078CFBA365240@2001-05-09 14:16:00+00
 0101000020E610000000006C4D92BB4140000018C7FAF53640@2001-10-09 17:44:00+00
(10 rows)

SELECT tgeompoint(temp) FROM tbl_tgeogpoint LIMIT 10;
                                tgeompoint                                 
---------------------------------------------------------------------------
 0101000020E610000000001CC61C8A3B4000007E2CEEA64140@2001-10-16 15:01:00+00
 0101000020E61000000000A0CD090614C00000712AEFA94740@2001-02-15 16:33:00+00
 0101000020E610000000001CC61C8A3B4000007E2CEEA64140@2001-10-16 15:01:00+00
 0101000020E61000000000A0CD090614C00000712AEFA94740@2001-02-15 16:33:00+00
 0101000020E61000000000F818320C30400000AAC489684E40@2001-05-29 06:20:00+00
 0101000020E610000000002CF4799237400000F3C2C82D4640@2001-10-03 06:00:00+00
 0101000020E61000000000988F364E394000004522A6B44E40@2001-05-29 06:20:00+00
 0101000020E61000000000805B63A033400000A98DCA8D5040@2001-10-03 06:00:00+00
 0101000020E6100000000078BAE00C3E400000942579B14840@2001-04-15 09:53:00+00
 0101000020E61000000000600E98AD1CC00000D5707C284640@2001-12-09 09:19:00+00
(10 rows)

SELECT tgeogpoint(temp) FROM tbl_tgeompoint3D LIMIT 10;
NOTICE:  Coordinate values were coerced into range [-180 -90, 180 90] for GEOGRAPHY
NOTICE:  Coordinate values were coerced into range [-180 -90, 180 90] for GEOGRAPHY
                                        tgeogpoint                                         
-------------------------------------------------------------------------------------------
 01010000A0E610000000004453E6914D40000020108B4132400000C02D06D85540@2001-01-01 05:13:00+00
 01010000A0E610000000002804C5DC43400000FC220B16554000003828DE6F5040@2001-11-05 01:52:00+00
 01010000A0E610000000004453E6914D40000020108B4132400000C02D06D85540@2001-01-01 05:13:00+00
 01010000A0E610000000002804C5DC43400000FC220B16554000003828DE6F5040@2001-11-05 01:52:00+00
 01010000A0E610000000005034717141400000B0068CD138400000284C15424B40@2001-05-21 10:03:00+00
 01010000A0E61000000000AC2D7E884A400000306941C3264000004A88FD925540@2001-06-10 14:03:00+00
 01010000A0E61000000000BC726A63524000005CA7FFF8474000007C4D9A835340@2001-05-21 10:03:00+00
 01010000A0E61000000000608E62222E400000E007FF9D2B400000E0609F555540@2001-06-10 14:03:00+00
 01010000A0E61000000000D07887A328400000505C1BE84D40000044AEDCF74540@2001-07-18 13:10:00+00
 01010000A0E610000000005404A91E52400000387402D1414000007069D9784F40@2001-04-26 00:13:00+00
(10 rows)

SELECT tgeompoint(temp) FROM tbl_tgeogpoint3D LIMIT 10;
                                        tgeompoint                                         
-------------------------------------------------------------------------------------------
 01010000A0E6100000000024DA9682374000000012D7AD41400000B00959467A40@2001-06-22 10:37:00+00
 01010000A0E61000000000A8967CE83540000081F860F643400080A2589BD38540@2001-08-30 21:53:00+00
 01010000A0E6100000000024DA9682374000000012D7AD41400000B00959467A40@2001-06-22 10:37:00+00
 01010000A0E61000000000A8967CE83540000081F860F643400080A2589BD38540@2001-08-30 21:53:00+00
 01010000A0E61000000000885B6B312D400000ED0A12084E4000003F26D0318640@2001-03-25 21:59:00+00
 01010000A0E61000000000401948E40EC00000A4E7950A46400000EF6A07FB7140@2001-11-07 18:54:00+00
 01010000A0E61000000000C843043B20400000CF6D9C6F4B400000C398BA0B8A40@2001-03-25 21:59:00+00
 01010000A0E61000000000DC7CFA2D37400000BE28E08641400000AF3EC9E17B40@2001-11-07 18:54:00+00
 01010000A0E6100000000040824C6B02C00000CB9759724B400000A461C73C8E40@2001-12-23 08:21:00+00
 01010000A0E610000000003C6599203F400000C874E33051400000FABA46988140@2001-10-10 18:35:00+00
(10 rows)

SELECT temp::tgeogpoint FROM tbl_tgeompoint LIMIT 10;
NOTICE:  Coordinate values were coerced into range [-180 -90, 180 90] for GEOGRAPHY
NOTICE:  Coordinate values were coerced into range [-180 -90, 180 90] for GEOGRAPHY
NOTICE:  Coordinate values were coerced into range [-180 -90, 180 90] for GEOGRAPHY
                                   temp                                    
---------------------------------------------------------------------------
 0101000020E61000000000D0B7817C3540000046622AB45440@2001-06-11 14:33:00+00
 0101000020E610000000003E85299356400000008A7D1E4B40@2001-08-11 06:38:00+00
 0101000020E61000000000D0B7817C3540000046622AB45440@2001-06-11 14:33:00+00
 0101000020E610000000003E85299356400000008A7D1E4B40@2001-08-11 06:38:00+00
 0101000020E610000000006C0CDBC9444000006808F6425040@2001-12-03 12:05:00+00
 0101000020E61000000000EC7DCCC75040000000274BE04140@2001-08-06 05:33:00+00
 0101000020E610000000008C3BAC024140000022A5D9DF5540@2001-12-03 12:05:00+00
 0101000020E61000000000008AC9664840000028AB24E54340@2001-08-06 05:33:00+00
 0101000020E61000000000A06B28DB1840000078CFBA365240@2001-05-09 14:16:00+00
 0101000020E610000000006C4D92BB4140000018C7FAF53640@2001-10-09 17:44:00+00
(10 rows)

SELECT temp::tgeompoint FROM tbl_tgeogpoint LIMIT 10;
                                   temp                                    
---------------------------------------------------------------------------
 0101000020E610000000001CC61C8A3B4000007E2CEEA64140@2001-10-16 15:01:00+00
 0101000020E61000000000A0CD090614C00000712AEFA94740@2001-02-15 16:33:00+00
 0101000020E610000000001CC61C8A3B4000007E2CEEA64140@2001-10-16 15:01:00+00
 0101000020E61000000000A0CD090614C00000712AEFA94740@2001-02-15 16:33:00+00
 0101000020E61000000000F818320C30400000AAC489684E40@2001-05-29 06:20:00+00
 0101000020E610000000002CF4799237400000F3C2C82D4640@2001-10-03 06:00:00+00
 0101000020E61000000000988F364E394000004522A6B44E40@2001-05-29 06:20:00+00
 0101000020E61000000000805B63A033400000A98DCA8D5040@2001-10-03 06:00:00+00
 0101000020E6100000000078BAE00C3E400000942579B14840@2001-04-15 09:53:00+00
 0101000020E61000000000600E98AD1CC00000D5707C284640@2001-12-09 09:19:00+00
(10 rows)

SELECT temp::tgeogpoint FROM tbl_tgeompoint3D LIMIT 10;
NOTICE:  Coordinate values were coerced into range [-180 -90, 180 90] for GEOGRAPHY
NOTICE:  Coordinate values were coerced into range [-180 -90, 180 90] for GEOGRAPHY
                                           temp                                            
-------------------------------------------------------------------------------------------
 01010000A0E610000000004453E6914D40000020108B4132400000C02D06D85540@2001-01-01 05:13:00+00
 01010000A0E610000000002804C5DC43400000FC220B16554000003828DE6F5040@2001-11-05 01:52:00+00
 01010000A0E610000000004453E6914D40000020108B4132400000C02D06D85540@2001-01-01 05:13:00+00
 01010000A0E610000000002804C5DC43400000FC220B16554000003828DE6F5040@2001-11-05 01:52:00+00
 01010000A0E610000000005034717141400000B0068CD138400000284C15424B40@2001-05-21 10:03:00+00
 01010000A0E61000000000AC2D7E884A400000306941C3264000004A88FD925540@2001-06-10 14:03:00+00
 01010000A0E61000000000BC726A63524000005CA7FFF8474000007C4D9A835340@2001-05-21 10:03:00+00
 01010000A0E61000000000608E62222E400000E007FF9D2B400000E0609F555540@2001-06-10 14:03:00+00
 01010000A0E61000000000D07887A328400000505C1BE84D40000044AEDCF74540@2001-07-18 13:10:00+00
 01010000A0E610000000005404A91E52400000387402D1414000007069D9784F40@2001-04-26 00:13:00+00
(10 rows)

SELECT temp::tgeompoint FROM tbl_tgeogpoint3D LIMIT 10;
                                           temp                                            
-------------------------------------------------------------------------------------------
 01010000A0E6100000000024DA9682374000000012D7AD41400000B00959467A40@2001-06-22 10:37:00+00
 01010000A0E61000000000A8967CE83540000081F860F643400080A2589BD38540@2001-08-30 21:53:00+00
 01010000A0E6100000000024DA9682374000000012D7AD41400000B00959467A40@2001-06-22 10:37:00+00
 01010000A0E61000000000A8967CE83540000081F860F643400080A2589BD38540@2001-08-30 21:53:00+00
 01010000A0E61000000000885B6B312D400000ED0A12084E4000003F26D0318640@2001-03-25 21:59:00+00
 01010000A0E61000000000401948E40EC00000A4E7950A46400000EF6A07FB7140@2001-11-07 18:54:00+00
 01010000A0E61000000000C843043B20400000CF6D9C6F4B400000C398BA0B8A40@2001-03-25 21:59:00+00
 01010000A0E61000000000DC7CFA2D37400000BE28E08641400000AF3EC9E17B40@2001-11-07 18:54:00+00
 01010000A0E6100000000040824C6B02C00000CB9759724B400000A461C73C8E40@2001-12-23 08:21:00+00
 01010000A0E610000000003C6599203F400000C874E33051400000FABA46988140@2001-10-10 18:35:00+00
(10 rows)

SELECT asText(setprecision(temp, 2)) FROM tbl_tgeompoint LIMIT 10;
                  astext                   
-------------------------------------------
 POINT(21.49 97.18)@2001-06-11 14:33:00+00
 POINT(90.3 54.24)@2001-08-11 06:38:00+00
 POINT(21.49 97.18)@2001-06-11 14:33:00+00
 POINT(90.3 54.24)@2001-08-11 06:38:00+00
 POINT(41.58 65.05)@2001-12-03 12:05:00+00
 POINT(67.12 35.75)@2001-08-06 05:33:00+00
 POINT(34.02 92.5)@2001-12-03 12:05:00+00
 POINT(48.8 39.79)@2001-08-06 05:33:00+00
 POINT(6.21 72.86)@2001-05-09 14:16:00+00
 POINT(35.47 22.96)@2001-10-09 17:44:00+00
(10 rows)

SELECT asText(setprecision(temp, 2)) FROM tbl_tgeogpoint LIMIT 10;
                  astext                   
-------------------------------------------
 POINT(27.54 35.3)@2001-10-16 15:01:00+00
 POINT(-5.01 47.33)@2001-02-15 16:33:00+00
 POINT(27.54 35.3)@2001-10-16 15:01:00+00
 POINT(-5.01 47.33)@2001-02-15 16:33:00+00
 POINT(16.05 60.82)@2001-05-29 06:20:00+00
 POINT(23.57 44.36)@2001-10-03 06:00:00+00
 POINT(25.31 61.41)@2001-05-29 06:20:00+00
 POINT(19.63 66.22)@2001-10-03 06:00:00+00
 POINT(30.05 49.39)@2001-04-15 09:53:00+00
 POINT(-7.17 44.32)@2001-12-09 09:19:00+00
(10 rows)

SELECT asText(setprecision(temp, 2)) FROM tbl_tgeompoint3D LIMIT 10;
                       astext                       
----------------------------------------------------
 POINT Z (59.14 18.26 87.38)@2001-01-01 05:13:00+00
 POINT Z (39.72 95.66 65.75)@2001-11-05 01:52:00+00
 POINT Z (59.14 18.26 87.38)@2001-01-01 05:13:00+00
 POINT Z (39.72 95.66 65.75)@2001-11-05 01:52:00+00
 POINT Z (34.89 24.82 54.52)@2001-05-21 10:03:00+00
 POINT Z (53.07 11.38 86.3)@2001-06-10 14:03:00+00
 POINT Z (73.55 47.95 78.06)@2001-05-21 10:03:00+00
 POINT Z (15.07 13.81 85.34)@2001-06-10 14:03:00+00
 POINT Z (12.32 59.81 43.94)@2001-07-18 13:10:00+00
 POINT Z (72.48 35.63 62.94)@2001-04-26 00:13:00+00
(10 rows)

SELECT asText(setprecision(temp, 2)) FROM tbl_tgeogpoint3D LIMIT 10;
                       astext                        
-----------------------------------------------------
 POINT Z (23.51 35.36 420.4)@2001-06-22 10:37:00+00
 POINT Z (21.91 39.92 698.45)@2001-08-30 21:53:00+00
 POINT Z (23.51 35.36 420.4)@2001-06-22 10:37:00+00
 POINT Z (21.91 39.92 698.45)@2001-08-30 21:53:00+00
 POINT Z (14.6 60.06 710.23)@2001-03-25 21:59:00+00
 POINT Z (-3.86 44.08 287.69)@2001-11-07 18:54:00+00
 POINT Z (8.12 54.87 833.47)@2001-03-25 21:59:00+00
 POINT Z (23.18 35.05 446.11)@2001-11-07 18:54:00+00
 POINT Z (-2.3 54.89 967.6)@2001-12-23 08:21:00+00
 POINT Z (31.13 68.76 563.03)@2001-10-10 18:35:00+00
(10 rows)

SELECT trajectory(temp) FROM tbl_tgeompoint ORDER BY k LIMIT 10 ;
                 trajectory                 
--------------------------------------------
 01010000000000D0B7817C35400000BA9DD54B5840
 010100000000003E85299356400000008A7D1E4B40
 01010000000000D0B7817C35400000BA9DD54B5840
 010100000000003E85299356400000008A7D1E4B40
 010100000000006C0CDBC9444000006808F6425040
 01010000000000EC7DCCC75040000000274BE04140
 010100000000008C3BAC0241400000DE5A26205740
 01010000000000008AC9664840000028AB24E54340
 01010000000000A06B28DB1840000078CFBA365240
 010100000000006C4D92BB4140000018C7FAF53640
(10 rows)

SELECT trajectory(temp) FROM tbl_tgeogpoint ORDER BY k LIMIT 10 ;
                     trajectory                     
----------------------------------------------------
 0101000020E610000000001CC61C8A3B4000007E2CEEA64140
 0101000020E61000000000A0CD090614C00000712AEFA94740
 0101000020E610000000001CC61C8A3B4000007E2CEEA64140
 0101000020E61000000000A0CD090614C00000712AEFA94740
 0101000020E61000000000F818320C30400000AAC489684E40
 0101000020E610000000002CF4799237400000F3C2C82D4640
 0101000020E61000000000988F364E394000004522A6B44E40
 0101000020E61000000000805B63A033400000A98DCA8D5040
 0101000020E6100000000078BAE00C3E400000942579B14840
 0101000020E61000000000600E98AD1CC00000D5707C284640
(10 rows)

SELECT trajectory(temp) FROM tbl_tgeompoint3D ORDER BY k LIMIT 10 ;
                         trajectory                         
------------------------------------------------------------
 010100008000004453E6914D40000020108B4132400000C02D06D85540
 010100008000002804C5DC4340000004DDF4E9574000003828DE6F5040
 010100008000004453E6914D40000020108B4132400000C02D06D85540
 010100008000002804C5DC4340000004DDF4E9574000003828DE6F5040
 010100008000005034717141400000B0068CD138400000284C15424B40
 01010000800000AC2D7E884A400000306941C3264000004A88FD925540
 01010000800000BC726A63524000005CA7FFF8474000007C4D9A835340
 01010000800000608E62222E400000E007FF9D2B400000E0609F555540
 01010000800000D07887A328400000505C1BE84D40000044AEDCF74540
 010100008000005404A91E52400000387402D1414000007069D9784F40
(10 rows)

SELECT trajectory(temp) FROM tbl_tgeogpoint3D ORDER BY k LIMIT 10 ;
                             trajectory                             
--------------------------------------------------------------------
 01010000A0E6100000000024DA9682374000000012D7AD41400000B00959467A40
 01010000A0E61000000000A8967CE83540000081F860F643400080A2589BD38540
 01010000A0E6100000000024DA9682374000000012D7AD41400000B00959467A40
 01010000A0E61000000000A8967CE83540000081F860F643400080A2589BD38540
 01010000A0E61000000000885B6B312D400000ED0A12084E4000003F26D0318640
 01010000A0E61000000000401948E40EC00000A4E7950A46400000EF6A07FB7140
 01010000A0E61000000000C843043B20400000CF6D9C6F4B400000C398BA0B8A40
 01010000A0E61000000000DC7CFA2D37400000BE28E08641400000AF3EC9E17B40
 01010000A0E6100000000040824C6B02C00000CB9759724B400000A461C73C8E40
 01010000A0E610000000003C6599203F400000C874E33051400000FABA46988140
(10 rows)

SELECT round(MAX(length(temp))::numeric, 6) FROM tbl_tgeompoint;
    round    
-------------
 2517.034440
(1 row)

SELECT round(MAX(length(temp))::numeric, 6) FROM tbl_tgeompoint3D;
    round    
-------------
 2974.577302
(1 row)

SELECT count(*) FROM tbl_tgeogpoint WHERE length(temp) = ST_Length(trajectory(temp));
 count 
-------
   100
(1 row)

SELECT count(*) FROM tbl_tgeogpoint3D WHERE length(temp) = ST_Length(trajectory(temp));
 count 
-------
   100
(1 row)

SELECT round(MAX(maxValue(cumulativeLength(temp)))::numeric, 6) FROM tbl_tgeompoint;
    round    
-------------
 1781.066337
(1 row)

SELECT round(MAX(maxValue(cumulativeLength(temp)))::numeric, 6) FROM tbl_tgeogpoint;
      round      
-----------------
 67147405.621475
(1 row)

SELECT round(MAX(maxValue(cumulativeLength(temp)))::numeric, 6) FROM tbl_tgeompoint3D;
    round    
-------------
 2974.577302
(1 row)

SELECT round(MAX(maxValue(cumulativeLength(temp)))::numeric, 6) FROM tbl_tgeogpoint3D;
      round      
-----------------
 73304578.740012
(1 row)

SELECT round(MAX(maxValue(speed(temp)))::numeric, 6) FROM tbl_tgeompoint;
  round   
----------
 1.606515
(1 row)

SELECT round(MAX(maxValue(speed(temp)))::numeric, 6) FROM tbl_tgeompoint3D;
  round   
----------
 1.860218
(1 row)

SELECT count(*) FROM tbl_tgeogpoint WHERE startValue(speed(temp)) <> 0 AND startTimestamp(temp) = startTimestamp(speed(temp))
AND abs(startValue(speed(temp)) - st_distance(startValue(temp), getValue(instantN(temp,2))) / EXTRACT(epoch FROM timestampN(temp,2) - startTimestamp(temp))) < 1e-5;
 count 
-------
    43
(1 row)

SELECT count(*) FROM tbl_tgeogpoint3D WHERE startValue(speed(temp)) <> 0 AND startTimestamp(temp) = startTimestamp(speed(temp))
AND abs(startValue(speed(temp)) - st_distance(startValue(temp), getValue(instantN(temp,2))) / EXTRACT(epoch FROM timestampN(temp,2) - startTimestamp(temp))) < 1e-5;
 count 
-------
    37
(1 row)

SELECT st_astext(twcentroid(temp)) FROM tbl_tgeompoint LIMIT 10;
                st_astext                 
------------------------------------------
 POINT(21.4863543398678 97.1849130932242)
 POINT(90.2994092088193 54.2382061481476)
 POINT(21.4863543398678 97.1849130932242)
 POINT(90.2994092088193 54.2382061481476)
 POINT(41.5769973304123 65.0462666526437)
 POINT(67.1218561939895 35.7522934675217)
 POINT(34.0208811219782 92.5023410003632)
 POINT(48.8030254840851 39.7901815362275)
 POINT(6.2140213791281 72.8551520034671)
 POINT(35.465402295813 22.9608578141779)
(10 rows)

SELECT st_astext(twcentroid(temp)) FROM tbl_tgeompoint3D LIMIT 10;
                          st_astext                           
--------------------------------------------------------------
 POINT Z (59.1398414690048 18.2560281828046 87.3753771185875)
 POINT Z (39.7247624583542 95.6555702723563 65.7479343935847)
 POINT Z (59.1398414690048 18.2560281828046 87.3753771185875)
 POINT Z (39.7247624583542 95.6555702723563 65.7479343935847)
 POINT Z (34.8862672224641 24.8185428790748 54.5162749476731)
 POINT Z (53.0663506593555 11.3813584204763 86.2967243883759)
 POINT Z (73.5533720813692 47.9453019332141 78.0562928877771)
 POINT Z (15.0671581737697 13.8085863552988 85.3378526866436)
 POINT Z (12.3193929437548 59.8133349791169 43.9364221412688)
 POINT Z (72.4790659733117 35.6328873895109 62.9441348835826)
(10 rows)

SELECT round(azimuth(temp), 12) FROM tbl_tgeompoint WHERE azimuth(temp) IS NOT NULL LIMIT 10;
                                                                                                                                                                                       round                                                                                                                                                                                       
-----------------------------------------------------------------------------------------------------------------------------------------------------------------------------------------------------------------------------------------------------------------------------------------------------------------------------------------------------------------------------------
 Interp=Stepwise;{[5.682484834077@2001-03-16 23:32:00+00, 3.938383433635@2001-03-16 23:36:00+00, 3.938383433635@2001-03-16 23:38:00+00]}
 Interp=Stepwise;{[0.64788186488@2001-03-29 10:17:00+00, 2.079665467569@2001-03-29 10:22:00+00, 3.43313323779@2001-03-29 10:24:00+00, 5.149295236135@2001-03-29 10:27:00+00, 5.149295236135@2001-03-29 10:31:00+00]}
 Interp=Stepwise;{[5.682484834077@2001-03-16 23:32:00+00, 3.938383433635@2001-03-16 23:36:00+00, 3.938383433635@2001-03-16 23:38:00+00]}
 Interp=Stepwise;{[0.64788186488@2001-03-29 10:17:00+00, 2.079665467569@2001-03-29 10:22:00+00, 3.43313323779@2001-03-29 10:24:00+00, 5.149295236135@2001-03-29 10:27:00+00, 5.149295236135@2001-03-29 10:31:00+00]}
 Interp=Stepwise;{[1.411047875176@2001-11-10 02:19:00+00, 5.635857620546@2001-11-10 02:21:00+00, 1.669596862432@2001-11-10 02:29:00+00, 2.996766121332@2001-11-10 02:36:00+00, 5.792861946506@2001-11-10 02:37:00+00, 5.792861946506@2001-11-10 02:40:00+00)}
 Interp=Stepwise;{[3.986876844293@2001-08-30 06:02:00+00, 2.146278382865@2001-08-30 06:10:00+00, 0.309867351819@2001-08-30 06:15:00+00, 0.309867351819@2001-08-30 06:24:00+00)}
 Interp=Stepwise;{[1.411029057453@2001-11-10 02:19:00+00, 5.635861632446@2001-11-10 02:21:00+00, 1.669616814975@2001-11-10 02:29:00+00, 2.996770541009@2001-11-10 02:36:00+00, 5.792858587097@2001-11-10 02:37:00+00, 5.792858587097@2001-11-10 02:40:00+00)}
 Interp=Stepwise;{[3.986882676756@2001-08-30 06:02:00+00, 2.146289289285@2001-08-30 06:10:00+00, 0.309852369032@2001-08-30 06:15:00+00, 0.309852369032@2001-08-30 06:24:00+00)}
 Interp=Stepwise;{[0.949997543335@2001-11-28 03:47:00+00, 2.932084726277@2001-11-28 03:48:00+00, 4.148063240858@2001-11-28 03:56:00+00, 0.128372890677@2001-11-28 03:57:00+00, 3.552267738939@2001-11-28 04:04:00+00, 0.868390829156@2001-11-28 04:12:00+00, 1.403727675489@2001-11-28 04:14:00+00, 5.452875079848@2001-11-28 04:21:00+00, 5.452875079848@2001-11-28 04:29:00+00)}
 Interp=Stepwise;{(1.938822181347@2001-08-31 02:51:00+00, 6.038264703926@2001-08-31 02:56:00+00, 4.721032914482@2001-08-31 02:59:00+00, 2.078299304014@2001-08-31 03:03:00+00, 0.671878237782@2001-08-31 03:04:00+00, 3.964043565007@2001-08-31 03:13:00+00, 3.964043565007@2001-08-31 03:14:00+00]}
(10 rows)

SELECT round(azimuth(temp), 12) FROM tbl_tgeogpoint WHERE azimuth(temp) IS NOT NULL LIMIT 10;
                                                                                                                                                 round                                                                                                                                                 
-------------------------------------------------------------------------------------------------------------------------------------------------------------------------------------------------------------------------------------------------------------------------------------------------------
 Interp=Stepwise;{[-1.817044157069@2001-07-26 20:33:00+00, 0.319139005472@2001-07-26 20:39:00+00, -2.602826326286@2001-07-26 20:45:00+00, -2.602826326286@2001-07-26 20:54:00+00]}
 Interp=Stepwise;{(-1.31022828751@2001-12-07 15:59:00+00, -1.31022828751@2001-12-07 16:04:00+00]}
 Interp=Stepwise;{[-1.817044157069@2001-07-26 20:33:00+00, 0.319139005472@2001-07-26 20:39:00+00, -2.602826326286@2001-07-26 20:45:00+00, -2.602826326286@2001-07-26 20:54:00+00]}
 Interp=Stepwise;{(-1.31022828751@2001-12-07 15:59:00+00, -1.31022828751@2001-12-07 16:04:00+00]}
 Interp=Stepwise;{(2.666383221048@2001-11-15 04:55:00+00, 0.436017545208@2001-11-15 04:58:00+00, 0.436017545208@2001-11-15 05:00:00+00)}
 Interp=Stepwise;{[2.319397666273@2001-03-31 13:37:00+00, 2.319397666273@2001-03-31 13:41:00+00]}
 Interp=Stepwise;{(2.66632465188@2001-11-15 04:55:00+00, 0.436021460474@2001-11-15 04:58:00+00, 0.436021460474@2001-11-15 05:00:00+00)}
 Interp=Stepwise;{[2.319325244863@2001-03-31 13:37:00+00, 2.319325244863@2001-03-31 13:41:00+00]}
 Interp=Stepwise;{(-2.618193912378@2001-12-17 18:54:00+00, -2.618193912378@2001-12-17 18:56:00+00)}
 Interp=Stepwise;{(-0.967055907283@2001-07-12 08:49:00+00, 1.969269422259@2001-07-12 08:56:00+00, -1.935467088954@2001-07-12 09:03:00+00, -0.31571550998@2001-07-12 09:08:00+00, 0.940711268129@2001-07-12 09:12:00+00, 2.439477645259@2001-07-12 09:15:00+00, 2.439477645259@2001-07-12 09:19:00+00)}
(10 rows)

SELECT round(azimuth(temp), 12) FROM tbl_tgeompoint3D WHERE azimuth(temp) IS NOT NULL LIMIT 10;
                                                                                                                                                                                       round                                                                                                                                                                                       
-----------------------------------------------------------------------------------------------------------------------------------------------------------------------------------------------------------------------------------------------------------------------------------------------------------------------------------------------------------------------------------
 Interp=Stepwise;{(3.84240387867@2001-11-17 01:27:00+00, 3.84240387867@2001-11-17 01:34:00+00)}
 Interp=Stepwise;{(3.84240387867@2001-11-17 01:27:00+00, 3.84240387867@2001-11-17 01:34:00+00)}
 Interp=Stepwise;{[3.046621292552@2001-12-08 04:44:00+00, 0.416786342046@2001-12-08 04:51:00+00, 3.908218462688@2001-12-08 04:59:00+00, 1.41658822281@2001-12-08 05:05:00+00, 3.956344252257@2001-12-08 05:06:00+00, 6.006976082976@2001-12-08 05:14:00+00, 2.381727781025@2001-12-08 05:18:00+00, 0.075083887207@2001-12-08 05:26:00+00, 0.075083887207@2001-12-08 05:29:00+00]}
 Interp=Stepwise;{[5.685589906262@2001-03-12 00:19:00+00, 4.98244749203@2001-03-12 00:22:00+00, 4.98244749203@2001-03-12 00:27:00+00)}
 Interp=Stepwise;{[3.046625237448@2001-12-08 04:44:00+00, 0.416787432339@2001-12-08 04:51:00+00, 3.908222247125@2001-12-08 04:59:00+00, 1.416591001111@2001-12-08 05:05:00+00, 3.956345481931@2001-12-08 05:06:00+00, 6.006971575928@2001-12-08 05:14:00+00, 2.381727229975@2001-12-08 05:18:00+00, 0.075083591823@2001-12-08 05:26:00+00, 0.075083591823@2001-12-08 05:29:00+00]}
 Interp=Stepwise;{[5.685591842472@2001-03-12 00:19:00+00, 4.982452886579@2001-03-12 00:22:00+00, 4.982452886579@2001-03-12 00:27:00+00)}
 Interp=Stepwise;{[3.016455207778@2001-06-04 07:18:00+00, 4.237059416789@2001-06-04 07:21:00+00, 0.322269967884@2001-06-04 07:23:00+00, 0.571063397299@2001-06-04 07:30:00+00, 3.147661458606@2001-06-04 07:37:00+00, 5.414346604359@2001-06-04 07:41:00+00, 5.414346604359@2001-06-04 07:46:00+00)}
 Interp=Stepwise;{(6.156825844368@2001-04-13 13:41:00+00, 2.339023265951@2001-04-13 13:44:00+00, 2.58205701954@2001-04-13 13:53:00+00, 6.239776204337@2001-04-13 13:59:00+00, 3.571534534748@2001-04-13 14:07:00+00, 5.577678585815@2001-04-13 14:14:00+00, 0.305190241847@2001-04-13 14:21:00+00, 2.181963014634@2001-04-13 14:23:00+00, 2.181963014634@2001-04-13 14:29:00+00]}
 Interp=Stepwise;{[3.016455207778@2001-06-04 06:50:00+00, 4.237059416789@2001-06-04 06:53:00+00, 0.322269967884@2001-06-04 06:55:00+00, 0.571063397299@2001-06-04 07:02:00+00, 3.147661458606@2001-06-04 07:09:00+00, 5.414346604359@2001-06-04 07:13:00+00, 5.414346604359@2001-06-04 07:18:00+00)}
 Interp=Stepwise;{(6.156825844368@2001-04-13 12:53:00+00, 2.339023265951@2001-04-13 12:56:00+00, 2.58205701954@2001-04-13 13:05:00+00, 6.239776204337@2001-04-13 13:11:00+00, 3.571534534748@2001-04-13 13:19:00+00, 5.577678585815@2001-04-13 13:26:00+00, 0.305190241847@2001-04-13 13:33:00+00, 2.181963014634@2001-04-13 13:35:00+00, 2.181963014634@2001-04-13 13:41:00+00]}
(10 rows)

SELECT round(azimuth(temp), 12) FROM tbl_tgeogpoint3D WHERE azimuth(temp) IS NOT NULL LIMIT 10;
                                                                                                                                                                                         round                                                                                                                                                                                         
---------------------------------------------------------------------------------------------------------------------------------------------------------------------------------------------------------------------------------------------------------------------------------------------------------------------------------------------------------------------------------------
 Interp=Stepwise;{[-2.955210793806@2001-11-21 07:08:00+00, -2.56511743405@2001-11-21 07:17:00+00, -2.56511743405@2001-11-21 07:20:00+00)}
 Interp=Stepwise;{[-2.955210793806@2001-11-21 07:08:00+00, -2.56511743405@2001-11-21 07:17:00+00, -2.56511743405@2001-11-21 07:20:00+00)}
 Interp=Stepwise;{(3.095143114991@2001-04-14 10:32:00+00, 0.195982611504@2001-04-14 10:33:00+00, 0.195982611504@2001-04-14 10:35:00+00)}
 Interp=Stepwise;{(3.095154360038@2001-04-14 10:32:00+00, 0.195979246773@2001-04-14 10:33:00+00, 0.195979246773@2001-04-14 10:35:00+00)}
 Interp=Stepwise;{[-2.600645297892@2001-11-16 01:58:00+00, 0.176277296976@2001-11-16 02:05:00+00, -2.987483594206@2001-11-16 02:09:00+00, 0.019042102606@2001-11-16 02:13:00+00, -2.986429198483@2001-11-16 02:18:00+00, -0.138130076234@2001-11-16 02:26:00+00, 2.006466005304@2001-11-16 02:33:00+00, 0.278606677152@2001-11-16 02:40:00+00, 0.278606677152@2001-11-16 02:43:00+00]}
 Interp=Stepwise;{(-2.577736555961@2001-08-30 00:03:00+00, 0.008545998951@2001-08-30 00:05:00+00, 0.008545998951@2001-08-30 00:12:00+00]}
 Interp=Stepwise;{[-2.600645297892@2001-11-16 01:13:00+00, 0.176277296976@2001-11-16 01:20:00+00, -2.987483594206@2001-11-16 01:24:00+00, 0.019042102606@2001-11-16 01:28:00+00, -2.986429198483@2001-11-16 01:33:00+00, -0.138130076234@2001-11-16 01:41:00+00, 2.006466005304@2001-11-16 01:48:00+00, 0.278606677152@2001-11-16 01:55:00+00, 0.278606677152@2001-11-16 01:58:00+00]}
 Interp=Stepwise;{(-2.577736555961@2001-08-29 23:54:00+00, 0.008545998951@2001-08-29 23:56:00+00, 0.008545998951@2001-08-30 00:03:00+00]}
 Interp=Stepwise;{[-0.608171190746@2001-04-12 10:29:00+00, -0.204006241428@2001-04-12 10:36:00+00, 1.911468125262@2001-04-12 10:40:00+00, -1.713038270811@2001-04-12 10:49:00+00, 2.467185280458@2001-04-12 10:51:00+00, 0.409522133222@2001-04-12 10:56:00+00, 0.409522133222@2001-04-12 10:59:00+00]}
 Interp=Stepwise;{(-2.232785378099@2001-09-08 14:55:00+00, 0.081361925917@2001-09-08 14:59:00+00, 2.86464661667@2001-09-08 15:06:00+00, 0.129240178194@2001-09-08 15:08:00+00, 0.129240178194@2001-09-08 15:14:00+00)}
(10 rows)

SELECT COUNT(*) FROM tbl_tgeompoint t1, tbl_geometry t2 WHERE

t1.k % 2 = 0 AND temp != merge(atGeometry(temp, g), minusGeometry(temp, g));
 count 
-------
     0
(1 row)

SELECT COUNT(*)  FROM tbl_tgeompoint t1, tbl_stbox t2 WHERE temp != merge(atStbox(temp, b), minusStbox(temp, b));
 count 
-------
     0
(1 row)

SELECT COUNT(*)  FROM tbl_tgeogpoint t1, tbl_geodstbox t2 WHERE temp != merge(atStbox(temp, b), minusStbox(temp, b));
 count 
-------
     0
(1 row)

set force_parallel_mode=off;
SET
