CREATE TABLE test AS
SELECT NULL::tgeompoint FROM generate_series(1, 10);
SELECT 10
ANALYZE test;
ANALYZE
DROP TABLE test;
DROP TABLE
ANALYZE tbl_tgeompoint3D_big;
ANALYZE
ANALYZE tbl_tgeogpoint3D_big;
ANALYZE
DROP INDEX IF EXISTS tbl_tgeompoint3D_big_rtree_idx;
NOTICE:  index "tbl_tgeompoint3d_big_rtree_idx" does not exist, skipping
DROP INDEX
DROP INDEX IF EXISTS tbl_tgeogpoint3D_big_rtree_idx;
NOTICE:  index "tbl_tgeogpoint3d_big_rtree_idx" does not exist, skipping
DROP INDEX
DROP INDEX IF EXISTS tbl_tgeompoint3D_big_quadtree_idx;
NOTICE:  index "tbl_tgeompoint3d_big_quadtree_idx" does not exist, skipping
DROP INDEX
DROP INDEX IF EXISTS tbl_tgeogpoint3D_big_quadtree_idx;
NOTICE:  index "tbl_tgeogpoint3d_big_quadtree_idx" does not exist, skipping
DROP INDEX
CREATE INDEX tbl_tgeompoint3D_big_rtree_idx ON tbl_tgeompoint3D_big USING GIST(temp);
CREATE INDEX
CREATE INDEX tbl_tgeogpoint3D_big_rtree_idx ON tbl_tgeogpoint3D_big USING GIST(temp);
CREATE INDEX
SELECT COUNT(*) FROM tbl_tgeompoint3D_big WHERE temp && geometry 'Linestring(1 1 1,10 10 10)';
 count 
-------
  2199
(1 row)

SELECT COUNT(*) FROM tbl_tgeompoint3D_big WHERE temp @> geometry 'Linestring(1 1 1,10 10 10)';
 count 
-------
   149
(1 row)

SELECT COUNT(*) FROM tbl_tgeompoint3D_big WHERE temp <@ geometry 'Linestring(1 1 1,10 10 10)';
 count 
-------
     0
(1 row)

SELECT COUNT(*) FROM tbl_tgeompoint3D_big WHERE temp ~= geometry 'Linestring(1 1 1,10 10 10)';
 count 
-------
     0
(1 row)

SELECT COUNT(*) FROM tbl_tgeompoint3D_big WHERE temp -|- geometry 'Linestring(1 1 1,10 10 10)';
 count 
-------
     0
(1 row)

SELECT COUNT(*) FROM tbl_tgeompoint3D_big WHERE temp << geometry 'Linestring(1 1 1,10 10 10)';
 count 
-------
    29
(1 row)

SELECT COUNT(*) FROM tbl_tgeompoint3D_big WHERE temp &< geometry 'Linestring(1 1 1,10 10 10)';
 count 
-------
   315
(1 row)

SELECT COUNT(*) FROM tbl_tgeompoint3D_big WHERE temp >> geometry 'Linestring(1 1 1,10 10 10)';
 count 
-------
  5821
(1 row)

SELECT COUNT(*) FROM tbl_tgeompoint3D_big WHERE temp &> geometry 'Linestring(1 1 1,10 10 10)';
 count 
-------
  9322
(1 row)

SELECT COUNT(*) FROM tbl_tgeompoint3D_big WHERE temp <<| geometry 'Linestring(1 1 1,10 10 10)';
 count 
-------
    38
(1 row)

SELECT COUNT(*) FROM tbl_tgeompoint3D_big WHERE temp &<| geometry 'Linestring(1 1 1,10 10 10)';
 count 
-------
   333
(1 row)

SELECT COUNT(*) FROM tbl_tgeompoint3D_big WHERE temp |>> geometry 'Linestring(1 1 1,10 10 10)';
 count 
-------
  5757
(1 row)

SELECT COUNT(*) FROM tbl_tgeompoint3D_big WHERE temp |&> geometry 'Linestring(1 1 1,10 10 10)';
 count 
-------
  9225
(1 row)

SELECT COUNT(*) FROM tbl_tgeompoint3D_big WHERE temp <</ geometry 'Linestring(1 1 1,10 10 10)';
 count 
-------
    27
(1 row)

SELECT COUNT(*) FROM tbl_tgeompoint3D_big WHERE temp &</ geometry 'Linestring(1 1 1,10 10 10)';
 count 
-------
   302
(1 row)

SELECT COUNT(*) FROM tbl_tgeompoint3D_big WHERE temp />> geometry 'Linestring(1 1 1,10 10 10)';
 count 
-------
  5792
(1 row)

SELECT COUNT(*) FROM tbl_tgeompoint3D_big WHERE temp /&> geometry 'Linestring(1 1 1,10 10 10)';
 count 
-------
  9318
(1 row)

SELECT COUNT(*) FROM tbl_tgeompoint3D_big WHERE temp |&> geometry 'Linestring(1 1 1,10 10 10)';
 count 
-------
  9225
(1 row)

SELECT COUNT(*) FROM tbl_tgeompoint3D_big WHERE temp <<# period '[2001-01-01, 2001-02-01]';
 count 
-------
     1
(1 row)

SELECT COUNT(*) FROM tbl_tgeompoint3D_big WHERE temp &<# period '[2001-01-01, 2001-02-01]';
 count 
-------
   824
(1 row)

SELECT COUNT(*) FROM tbl_tgeompoint3D_big WHERE temp #>> period '[2001-01-01, 2001-02-01]';
 count 
-------
  9176
(1 row)

SELECT COUNT(*) FROM tbl_tgeompoint3D_big WHERE temp #&> period '[2001-01-01, 2001-02-01]';
 count 
-------
  9999
(1 row)

SELECT COUNT(*) FROM tbl_tgeompoint3D_big WHERE temp < tgeompoint '[Point(1 1 1)@2000-01-01, Point(10 10 10)@2000-01-02]';
 count 
-------
     0
(1 row)

SELECT COUNT(*) FROM tbl_tgeompoint3D_big WHERE temp <= tgeompoint '[Point(1 1 1)@2000-01-01, Point(10 10 10)@2000-01-02]';
 count 
-------
     0
(1 row)

SELECT COUNT(*) FROM tbl_tgeompoint3D_big WHERE temp > tgeompoint '[Point(1 1 1)@2000-01-01, Point(10 10 10)@2000-01-02]';
 count 
-------
 10100
(1 row)

SELECT COUNT(*) FROM tbl_tgeompoint3D_big WHERE temp >= tgeompoint '[Point(1 1 1)@2000-01-01, Point(10 10 10)@2000-01-02]';
 count 
-------
 10100
(1 row)

SELECT COUNT(*) FROM tbl_tgeompoint3D_big WHERE temp && tgeompoint '[Point(1 1 1)@2000-01-01, Point(10 10 10)@2000-01-02]';
 count 
-------
     0
(1 row)

SELECT COUNT(*) FROM tbl_tgeompoint3D_big WHERE temp @> tgeompoint '[Point(1 1 1)@2000-01-01, Point(10 10 10)@2000-01-02]';
 count 
-------
     0
(1 row)

SELECT COUNT(*) FROM tbl_tgeompoint3D_big WHERE temp <@ tgeompoint '[Point(1 1 1)@2000-01-01, Point(10 10 10)@2000-01-02]';
 count 
-------
     0
(1 row)

SELECT COUNT(*) FROM tbl_tgeompoint3D_big WHERE temp ~= tgeompoint '[Point(1 1 1)@2000-01-01, Point(10 10 10)@2000-01-02]';
 count 
-------
     0
(1 row)

SELECT COUNT(*) FROM tbl_tgeompoint3D_big WHERE temp -|- tgeompoint '[Point(1 1 1)@2000-01-01, Point(10 10 10)@2000-01-02]';
 count 
-------
     0
(1 row)

SELECT COUNT(*) FROM tbl_tgeompoint3D_big WHERE temp << tgeompoint '[Point(1 1 1)@2000-01-01, Point(10 10 10)@2000-01-02]';
 count 
-------
    29
(1 row)

SELECT COUNT(*) FROM tbl_tgeompoint3D_big WHERE temp &< tgeompoint '[Point(1 1 1)@2000-01-01, Point(10 10 10)@2000-01-02]';
 count 
-------
   315
(1 row)

SELECT COUNT(*) FROM tbl_tgeompoint3D_big WHERE temp >> tgeompoint '[Point(1 1 1)@2000-01-01, Point(10 10 10)@2000-01-02]';
 count 
-------
  5821
(1 row)

SELECT COUNT(*) FROM tbl_tgeompoint3D_big WHERE temp &> tgeompoint '[Point(1 1 1)@2000-01-01, Point(10 10 10)@2000-01-02]';
 count 
-------
  9322
(1 row)

SELECT COUNT(*) FROM tbl_tgeompoint3D_big WHERE temp <<| tgeompoint '[Point(1 1 1)@2000-01-01, Point(10 10 10)@2000-01-02]';
 count 
-------
    38
(1 row)

SELECT COUNT(*) FROM tbl_tgeompoint3D_big WHERE temp &<| tgeompoint '[Point(1 1 1)@2000-01-01, Point(10 10 10)@2000-01-02]';
 count 
-------
   333
(1 row)

SELECT COUNT(*) FROM tbl_tgeompoint3D_big WHERE temp |>> tgeompoint '[Point(1 1 1)@2000-01-01, Point(10 10 10)@2000-01-02]';
 count 
-------
  5757
(1 row)

SELECT COUNT(*) FROM tbl_tgeompoint3D_big WHERE temp |&> tgeompoint '[Point(1 1 1)@2000-01-01, Point(10 10 10)@2000-01-02]';
 count 
-------
  9225
(1 row)

SELECT COUNT(*) FROM tbl_tgeompoint3D_big WHERE temp <</ tgeompoint '[Point(1 1 1)@2000-01-01, Point(10 10 10)@2000-01-02]';
 count 
-------
    27
(1 row)

SELECT COUNT(*) FROM tbl_tgeompoint3D_big WHERE temp &</ tgeompoint '[Point(1 1 1)@2000-01-01, Point(10 10 10)@2000-01-02]';
 count 
-------
   302
(1 row)

SELECT COUNT(*) FROM tbl_tgeompoint3D_big WHERE temp />> tgeompoint '[Point(1 1 1)@2000-01-01, Point(10 10 10)@2000-01-02]';
 count 
-------
  5792
(1 row)

SELECT COUNT(*) FROM tbl_tgeompoint3D_big WHERE temp /&> tgeompoint '[Point(1 1 1)@2000-01-01, Point(10 10 10)@2000-01-02]';
 count 
-------
  9318
(1 row)

SELECT COUNT(*) FROM tbl_tgeompoint3D_big WHERE temp |&> tgeompoint '[Point(1 1 1)@2000-01-01, Point(10 10 10)@2000-01-02]';
 count 
-------
  9225
(1 row)

SELECT COUNT(*) FROM tbl_tgeompoint3D_big WHERE temp <<# tgeompoint '[Point(1 1 1)@2000-01-01, Point(10 10 10)@2000-01-02]';
 count 
-------
     0
(1 row)

SELECT COUNT(*) FROM tbl_tgeompoint3D_big WHERE temp &<# tgeompoint '[Point(1 1 1)@2000-01-01, Point(10 10 10)@2000-01-02]';
 count 
-------
     0
(1 row)

SELECT COUNT(*) FROM tbl_tgeompoint3D_big WHERE temp #>> tgeompoint '[Point(1 1 1)@2000-01-01, Point(10 10 10)@2000-01-02]';
 count 
-------
 10100
(1 row)

SELECT COUNT(*) FROM tbl_tgeompoint3D_big WHERE temp #&> tgeompoint '[Point(1 1 1)@2000-01-01, Point(10 10 10)@2000-01-02]';
 count 
-------
 10100
(1 row)

SELECT COUNT(*) FROM tbl_tgeogpoint3D_big WHERE temp && geography 'Linestring(1 1 1,10 10 10)';
 count 
-------
     0
(1 row)

SELECT COUNT(*) FROM tbl_tgeogpoint3D_big WHERE temp @> geography 'Linestring(1 1 1,10 10 10)';
 count 
-------
     0
(1 row)

SELECT COUNT(*) FROM tbl_tgeogpoint3D_big WHERE temp <@ geography 'Linestring(1 1 1,10 10 10)';
 count 
-------
     0
(1 row)

SELECT COUNT(*) FROM tbl_tgeogpoint3D_big WHERE temp ~= geography 'Linestring(1 1 1,10 10 10)';
 count 
-------
     0
(1 row)

SELECT COUNT(*) FROM tbl_tgeogpoint3D_big WHERE temp -|- geography 'Linestring(1 1 1,10 10 10)';
 count 
-------
     0
(1 row)

SELECT COUNT(*) FROM tbl_tgeogpoint3D_big WHERE temp <<# period '[2001-01-01, 2001-02-01]';
 count 
-------
     0
(1 row)

SELECT COUNT(*) FROM tbl_tgeogpoint3D_big WHERE temp &<# period '[2001-01-01, 2001-02-01]';
 count 
-------
   911
(1 row)

SELECT COUNT(*) FROM tbl_tgeogpoint3D_big WHERE temp #>> period '[2001-01-01, 2001-02-01]';
 count 
-------
  9089
(1 row)

SELECT COUNT(*) FROM tbl_tgeogpoint3D_big WHERE temp #&> period '[2001-01-01, 2001-02-01]';
 count 
-------
 10000
(1 row)

SELECT COUNT(*) FROM tbl_tgeogpoint3D_big WHERE temp < tgeogpoint '[Point(1 1 1)@2000-01-01, Point(10 10 10)@2000-01-02]';
 count 
-------
     0
(1 row)

SELECT COUNT(*) FROM tbl_tgeogpoint3D_big WHERE temp <= tgeogpoint '[Point(1 1 1)@2000-01-01, Point(10 10 10)@2000-01-02]';
 count 
-------
     0
(1 row)

SELECT COUNT(*) FROM tbl_tgeogpoint3D_big WHERE temp > tgeogpoint '[Point(1 1 1)@2000-01-01, Point(10 10 10)@2000-01-02]';
 count 
-------
 10000
(1 row)

SELECT COUNT(*) FROM tbl_tgeogpoint3D_big WHERE temp >= tgeogpoint '[Point(1 1 1)@2000-01-01, Point(10 10 10)@2000-01-02]';
 count 
-------
 10000
(1 row)

SELECT COUNT(*) FROM tbl_tgeogpoint3D_big WHERE temp && tgeogpoint '[Point(1 1 1)@2000-01-01, Point(10 10 10)@2000-01-02]';
 count 
-------
     0
(1 row)

SELECT COUNT(*) FROM tbl_tgeogpoint3D_big WHERE temp @> tgeogpoint '[Point(1 1 1)@2000-01-01, Point(10 10 10)@2000-01-02]';
 count 
-------
     0
(1 row)

SELECT COUNT(*) FROM tbl_tgeogpoint3D_big WHERE temp <@ tgeogpoint '[Point(1 1 1)@2000-01-01, Point(10 10 10)@2000-01-02]';
 count 
-------
     0
(1 row)

SELECT COUNT(*) FROM tbl_tgeogpoint3D_big WHERE temp ~= tgeogpoint '[Point(1 1 1)@2000-01-01, Point(10 10 10)@2000-01-02]';
 count 
-------
     0
(1 row)

SELECT COUNT(*) FROM tbl_tgeogpoint3D_big WHERE temp -|- tgeogpoint '[Point(1 1 1)@2000-01-01, Point(10 10 10)@2000-01-02]';
 count 
-------
     0
(1 row)

SELECT COUNT(*) FROM tbl_tgeogpoint3D_big WHERE temp <<# tgeogpoint '[Point(1 1 1)@2000-01-01, Point(10 10 10)@2000-01-02]';
 count 
-------
     0
(1 row)

SELECT COUNT(*) FROM tbl_tgeogpoint3D_big WHERE temp &<# tgeogpoint '[Point(1 1 1)@2000-01-01, Point(10 10 10)@2000-01-02]';
 count 
-------
     0
(1 row)

SELECT COUNT(*) FROM tbl_tgeogpoint3D_big WHERE temp #>> tgeogpoint '[Point(1 1 1)@2000-01-01, Point(10 10 10)@2000-01-02]';
 count 
-------
 10000
(1 row)

SELECT COUNT(*) FROM tbl_tgeogpoint3D_big WHERE temp #&> tgeogpoint '[Point(1 1 1)@2000-01-01, Point(10 10 10)@2000-01-02]';
 count 
-------
 10000
(1 row)

SELECT COUNT(*) FROM tbl_tgeogpoint3D_big WHERE tgeogpoint '[Point(1 1 1)@2000-01-01, Point(10 10 10)@2000-01-02]' <<# temp;
 count 
-------
 10000
(1 row)

SELECT COUNT(*) FROM tbl_tgeogpoint3D_big WHERE tgeogpoint '[Point(1 1 1)@2000-01-01, Point(10 10 10)@2000-01-02]' &<# temp;
 count 
-------
 10000
(1 row)

DROP INDEX IF EXISTS tbl_tgeompoint3D_big_rtree_idx;
DROP INDEX
DROP INDEX IF EXISTS tbl_tgeogpoint3D_big_rtree_idx;
DROP INDEX
CREATE INDEX tbl_tgeompoint3D_big_quadtree_idx ON tbl_tgeompoint3D_big USING SPGIST(temp);
CREATE INDEX
CREATE INDEX tbl_tgeogpoint3D_big_quadtree_idx ON tbl_tgeogpoint3D_big USING SPGIST(temp);
CREATE INDEX
SELECT COUNT(*) FROM tbl_tgeompoint3D_big WHERE temp && geometry 'Linestring(1 1 1,10 10 10)';
 count 
-------
  2199
(1 row)

SELECT COUNT(*) FROM tbl_tgeompoint3D_big WHERE temp @> geometry 'Linestring(1 1 1,10 10 10)';
 count 
-------
   149
(1 row)

SELECT COUNT(*) FROM tbl_tgeompoint3D_big WHERE temp <@ geometry 'Linestring(1 1 1,10 10 10)';
 count 
-------
     0
(1 row)

SELECT COUNT(*) FROM tbl_tgeompoint3D_big WHERE temp ~= geometry 'Linestring(1 1 1,10 10 10)';
 count 
-------
     0
(1 row)

SELECT COUNT(*) FROM tbl_tgeompoint3D_big WHERE temp -|- geometry 'Linestring(1 1 1,10 10 10)';
 count 
-------
     0
(1 row)

SELECT COUNT(*) FROM tbl_tgeompoint3D_big WHERE temp && tgeompoint '[Point(1 1 1)@2000-01-01, Point(10 10 10)@2000-01-02]';
 count 
-------
     0
(1 row)

SELECT COUNT(*) FROM tbl_tgeompoint3D_big WHERE temp @> tgeompoint '[Point(1 1 1)@2000-01-01, Point(10 10 10)@2000-01-02]';
 count 
-------
     0
(1 row)

SELECT COUNT(*) FROM tbl_tgeompoint3D_big WHERE temp <@ tgeompoint '[Point(1 1 1)@2000-01-01, Point(10 10 10)@2000-01-02]';
 count 
-------
     0
(1 row)

SELECT COUNT(*) FROM tbl_tgeompoint3D_big WHERE temp ~= tgeompoint '[Point(1 1 1)@2000-01-01, Point(10 10 10)@2000-01-02]';
 count 
-------
     0
(1 row)

SELECT COUNT(*) FROM tbl_tgeompoint3D_big WHERE temp -|- tgeompoint '[Point(1 1 1)@2000-01-01, Point(10 10 10)@2000-01-02]';
 count 
-------
     0
(1 row)

SELECT COUNT(*) FROM tbl_tgeompoint3D_big WHERE temp << geometry 'Linestring(1 1 1,10 10 10)';
 count 
-------
    29
(1 row)

SELECT COUNT(*) FROM tbl_tgeompoint3D_big WHERE temp &< geometry 'Linestring(1 1 1,10 10 10)';
 count 
-------
   315
(1 row)

SELECT COUNT(*) FROM tbl_tgeompoint3D_big WHERE temp >> geometry 'Linestring(1 1 1,10 10 10)';
 count 
-------
  5821
(1 row)

SELECT COUNT(*) FROM tbl_tgeompoint3D_big WHERE temp &> geometry 'Linestring(1 1 1,10 10 10)';
 count 
-------
  9322
(1 row)

SELECT COUNT(*) FROM tbl_tgeompoint3D_big WHERE temp <<| geometry 'Linestring(1 1 1,10 10 10)';
 count 
-------
    38
(1 row)

SELECT COUNT(*) FROM tbl_tgeompoint3D_big WHERE temp &<| geometry 'Linestring(1 1 1,10 10 10)';
 count 
-------
   333
(1 row)

SELECT COUNT(*) FROM tbl_tgeompoint3D_big WHERE temp |>> geometry 'Linestring(1 1 1,10 10 10)';
 count 
-------
  5757
(1 row)

SELECT COUNT(*) FROM tbl_tgeompoint3D_big WHERE temp |&> geometry 'Linestring(1 1 1,10 10 10)';
 count 
-------
  9225
(1 row)

SELECT COUNT(*) FROM tbl_tgeompoint3D_big WHERE temp <</ geometry 'Linestring(1 1 1,10 10 10)';
 count 
-------
    27
(1 row)

SELECT COUNT(*) FROM tbl_tgeompoint3D_big WHERE temp &</ geometry 'Linestring(1 1 1,10 10 10)';
 count 
-------
   302
(1 row)

SELECT COUNT(*) FROM tbl_tgeompoint3D_big WHERE temp />> geometry 'Linestring(1 1 1,10 10 10)';
 count 
-------
  5792
(1 row)

SELECT COUNT(*) FROM tbl_tgeompoint3D_big WHERE temp /&> geometry 'Linestring(1 1 1,10 10 10)';
 count 
-------
  9318
(1 row)

SELECT COUNT(*) FROM tbl_tgeompoint3D_big WHERE temp |&> geometry 'Linestring(1 1 1,10 10 10)';
 count 
-------
  9225
(1 row)

SELECT COUNT(*) FROM tbl_tgeompoint3D_big WHERE temp <<# period '[2001-01-01, 2001-02-01]';
 count 
-------
     1
(1 row)

SELECT COUNT(*) FROM tbl_tgeompoint3D_big WHERE temp &<# period '[2001-01-01, 2001-02-01]';
 count 
-------
   824
(1 row)

SELECT COUNT(*) FROM tbl_tgeompoint3D_big WHERE temp #>> period '[2001-01-01, 2001-02-01]';
 count 
-------
  9176
(1 row)

SELECT COUNT(*) FROM tbl_tgeompoint3D_big WHERE temp #&> period '[2001-01-01, 2001-02-01]';
 count 
-------
  9999
(1 row)

SELECT COUNT(*) FROM tbl_tgeompoint3D_big WHERE temp << tgeompoint '[Point(1 1 1)@2000-01-01, Point(10 10 10)@2000-01-02]';
 count 
-------
    29
(1 row)

SELECT COUNT(*) FROM tbl_tgeompoint3D_big WHERE temp &< tgeompoint '[Point(1 1 1)@2000-01-01, Point(10 10 10)@2000-01-02]';
 count 
-------
   315
(1 row)

SELECT COUNT(*) FROM tbl_tgeompoint3D_big WHERE temp >> tgeompoint '[Point(1 1 1)@2000-01-01, Point(10 10 10)@2000-01-02]';
 count 
-------
  5821
(1 row)

SELECT COUNT(*) FROM tbl_tgeompoint3D_big WHERE temp &> tgeompoint '[Point(1 1 1)@2000-01-01, Point(10 10 10)@2000-01-02]';
 count 
-------
  9322
(1 row)

SELECT COUNT(*) FROM tbl_tgeompoint3D_big WHERE temp <<| tgeompoint '[Point(1 1 1)@2000-01-01, Point(10 10 10)@2000-01-02]';
 count 
-------
    38
(1 row)

SELECT COUNT(*) FROM tbl_tgeompoint3D_big WHERE temp &<| tgeompoint '[Point(1 1 1)@2000-01-01, Point(10 10 10)@2000-01-02]';
 count 
-------
   333
(1 row)

SELECT COUNT(*) FROM tbl_tgeompoint3D_big WHERE temp |>> tgeompoint '[Point(1 1 1)@2000-01-01, Point(10 10 10)@2000-01-02]';
 count 
-------
  5757
(1 row)

SELECT COUNT(*) FROM tbl_tgeompoint3D_big WHERE temp |&> tgeompoint '[Point(1 1 1)@2000-01-01, Point(10 10 10)@2000-01-02]';
 count 
-------
  9225
(1 row)

SELECT COUNT(*) FROM tbl_tgeompoint3D_big WHERE temp <</ tgeompoint '[Point(1 1 1)@2000-01-01, Point(10 10 10)@2000-01-02]';
 count 
-------
    27
(1 row)

SELECT COUNT(*) FROM tbl_tgeompoint3D_big WHERE temp &</ tgeompoint '[Point(1 1 1)@2000-01-01, Point(10 10 10)@2000-01-02]';
 count 
-------
   302
(1 row)

SELECT COUNT(*) FROM tbl_tgeompoint3D_big WHERE temp />> tgeompoint '[Point(1 1 1)@2000-01-01, Point(10 10 10)@2000-01-02]';
 count 
-------
  5792
(1 row)

SELECT COUNT(*) FROM tbl_tgeompoint3D_big WHERE temp /&> tgeompoint '[Point(1 1 1)@2000-01-01, Point(10 10 10)@2000-01-02]';
 count 
-------
  9318
(1 row)

SELECT COUNT(*) FROM tbl_tgeompoint3D_big WHERE temp |&> tgeompoint '[Point(1 1 1)@2000-01-01, Point(10 10 10)@2000-01-02]';
 count 
-------
  9225
(1 row)

SELECT COUNT(*) FROM tbl_tgeompoint3D_big WHERE temp <<# tgeompoint '[Point(1 1 1)@2000-01-01, Point(10 10 10)@2000-01-02]';
 count 
-------
     0
(1 row)

SELECT COUNT(*) FROM tbl_tgeompoint3D_big WHERE temp &<# tgeompoint '[Point(1 1 1)@2000-01-01, Point(10 10 10)@2000-01-02]';
 count 
-------
     0
(1 row)

SELECT COUNT(*) FROM tbl_tgeompoint3D_big WHERE temp #>> tgeompoint '[Point(1 1 1)@2000-01-01, Point(10 10 10)@2000-01-02]';
 count 
-------
 10100
(1 row)

SELECT COUNT(*) FROM tbl_tgeompoint3D_big WHERE temp #&> tgeompoint '[Point(1 1 1)@2000-01-01, Point(10 10 10)@2000-01-02]';
 count 
-------
 10100
(1 row)

SELECT COUNT(*) FROM tbl_tgeogpoint3D_big WHERE temp && geography 'Linestring(1 1 1,10 10 10)';
 count 
-------
     0
(1 row)

SELECT COUNT(*) FROM tbl_tgeogpoint3D_big WHERE temp @> geography 'Linestring(1 1 1,10 10 10)';
 count 
-------
     0
(1 row)

SELECT COUNT(*) FROM tbl_tgeogpoint3D_big WHERE temp <@ geography 'Linestring(1 1 1,10 10 10)';
 count 
-------
     0
(1 row)

SELECT COUNT(*) FROM tbl_tgeogpoint3D_big WHERE temp ~= geography 'Linestring(1 1 1,10 10 10)';
 count 
-------
     0
(1 row)

SELECT COUNT(*) FROM tbl_tgeogpoint3D_big WHERE temp -|- geography 'Linestring(1 1 1,10 10 10)';
 count 
-------
     0
(1 row)

SELECT COUNT(*) FROM tbl_tgeogpoint3D_big WHERE temp <<# period '[2001-01-01, 2001-02-01]';
 count 
-------
     0
(1 row)

SELECT COUNT(*) FROM tbl_tgeogpoint3D_big WHERE temp &<# period '[2001-01-01, 2001-02-01]';
 count 
-------
   911
(1 row)

SELECT COUNT(*) FROM tbl_tgeogpoint3D_big WHERE temp #>> period '[2001-01-01, 2001-02-01]';
 count 
-------
  9089
(1 row)

SELECT COUNT(*) FROM tbl_tgeogpoint3D_big WHERE temp #&> period '[2001-01-01, 2001-02-01]';
 count 
-------
 10000
(1 row)

SELECT COUNT(*) FROM tbl_tgeogpoint3D_big WHERE temp && tgeogpoint '[Point(1 1 1)@2000-01-01, Point(10 10 10)@2000-01-02]';
 count 
-------
     0
(1 row)

SELECT COUNT(*) FROM tbl_tgeogpoint3D_big WHERE temp @> tgeogpoint '[Point(1 1 1)@2000-01-01, Point(10 10 10)@2000-01-02]';
 count 
-------
     0
(1 row)

SELECT COUNT(*) FROM tbl_tgeogpoint3D_big WHERE temp <@ tgeogpoint '[Point(1 1 1)@2000-01-01, Point(10 10 10)@2000-01-02]';
 count 
-------
     0
(1 row)

SELECT COUNT(*) FROM tbl_tgeogpoint3D_big WHERE temp ~= tgeogpoint '[Point(1 1 1)@2000-01-01, Point(10 10 10)@2000-01-02]';
 count 
-------
     0
(1 row)

SELECT COUNT(*) FROM tbl_tgeogpoint3D_big WHERE temp -|- tgeogpoint '[Point(1 1 1)@2000-01-01, Point(10 10 10)@2000-01-02]';
 count 
-------
     0
(1 row)

SELECT COUNT(*) FROM tbl_tgeogpoint3D_big WHERE temp <<# tgeogpoint '[Point(1 1 1)@2000-01-01, Point(10 10 10)@2000-01-02]';
 count 
-------
     0
(1 row)

SELECT COUNT(*) FROM tbl_tgeogpoint3D_big WHERE temp &<# tgeogpoint '[Point(1 1 1)@2000-01-01, Point(10 10 10)@2000-01-02]';
 count 
-------
     0
(1 row)

SELECT COUNT(*) FROM tbl_tgeogpoint3D_big WHERE temp #>> tgeogpoint '[Point(1 1 1)@2000-01-01, Point(10 10 10)@2000-01-02]';
 count 
-------
 10000
(1 row)

SELECT COUNT(*) FROM tbl_tgeogpoint3D_big WHERE temp #&> tgeogpoint '[Point(1 1 1)@2000-01-01, Point(10 10 10)@2000-01-02]';
 count 
-------
 10000
(1 row)

DROP INDEX IF EXISTS tbl_tgeompoint3D_big_quadtree_idx;
DROP INDEX
DROP INDEX IF EXISTS tbl_tgeogpoint3D_big_quadtree_idx;
DROP INDEX
