SELECT ST_AsText(setPrecision(st_LineInterpolatePoint(geography 'Linestring(4.35 50.85, 37.617222 55.755833)', 0.0), 6));
     st_astext     
-------------------
 POINT(4.35 50.85)
(1 row)

SELECT ST_AsText(setPrecision(st_LineInterpolatePoints(geography 'Linestring(4.35 50.85, 37.617222 55.755833)', 0.0, true), 6));
     st_astext     
-------------------
 POINT(4.35 50.85)
(1 row)

SELECT ST_AsText(setPrecision(st_LineInterpolatePoints(geography 'Linestring(4.35 50.85, 37.617222 55.755833)', 1.0, false), 6));
         st_astext          
----------------------------
 POINT(37.617222 55.755833)
(1 row)

SELECT ST_AsText(setPrecision(st_LineInterpolatePoints(geography 'Linestring(4.35 50.85, 37.617222 55.755833)', 0.1, true), 6));
                                                                                                     st_astext                                                                                                     
-------------------------------------------------------------------------------------------------------------------------------------------------------------------------------------------------------------------
 MULTIPOINT(7.222099 51.720243,10.232588 52.525434,13.373925 53.256689,16.634776 53.905679,19.999858 54.464967,23.45005 54.928333,26.962817 55.291077,30.512938 55.550263,34.073528 55.704869,37.617222 55.755833)
(1 row)

SELECT ST_AsText(setPrecision(st_LineInterpolatePoints(geography 'Linestring empty', 0.1, true), 6));
  st_astext  
-------------
 POINT EMPTY
(1 row)

/* Errors */
SELECT ST_AsText(setPrecision(st_LineInterpolatePoints(geography 'Point(4.35 50.85)', 0.5, true), 6));
ERROR:  line_interpolate_point: 1st arg isn't a line
SELECT ST_AsText(setPrecision(st_LineInterpolatePoints(geography 'Linestring(4.35 50.85, 37.617222 55.755833)', 2, true), 6));
ERROR:  line_interpolate_point: 2nd arg isn't within [0,1]
