DROP INDEX IF EXISTS tbl_tpose_rtree_idx;
NOTICE:  index "tbl_tpose_rtree_idx" does not exist, skipping
DROP INDEX
DROP INDEX IF EXISTS tbl_tpose_quadtree_idx;
NOTICE:  index "tbl_tpose_quadtree_idx" does not exist, skipping
DROP INDEX
DROP INDEX IF EXISTS tbl_tpose_kdtree_idx;
NOTICE:  index "tbl_tpose_kdtree_idx" does not exist, skipping
DROP INDEX
DROP TABLE if exists test_tpose_topops;
NOTICE:  table "test_tpose_topops" does not exist, skipping
DROP TABLE
CREATE TABLE test_tpose_topops(
  op char(3),
  leftarg text,
  rightarg text,
  no_idx BIGINT,
  rtree_idx BIGINT,
  quadtree_idx BIGINT,
  kdtree_idx BIGINT
);
CREATE TABLE
INSERT INTO test_tpose_topops(op, leftarg, rightarg, no_idx)
SELECT '&&', 'tstzspan', 'tpose', COUNT(*) FROM tbl_tstzspan, tbl_tpose2d WHERE t && temp;
INSERT 0 1
INSERT INTO test_tpose_topops(op, leftarg, rightarg, no_idx)
SELECT '@>', 'tstzspan', 'tpose', COUNT(*) FROM tbl_tstzspan, tbl_tpose2d WHERE t @> temp;
INSERT 0 1
INSERT INTO test_tpose_topops(op, leftarg, rightarg, no_idx)
SELECT '<@', 'tstzspan', 'tpose', COUNT(*) FROM tbl_tstzspan, tbl_tpose2d WHERE t <@ temp;
INSERT 0 1
INSERT INTO test_tpose_topops(op, leftarg, rightarg, no_idx)
SELECT '~=', 'tstzspan', 'tpose', COUNT(*) FROM tbl_tstzspan, tbl_tpose2d WHERE t ~= temp;
INSERT 0 1
INSERT INTO test_tpose_topops(op, leftarg, rightarg, no_idx)
SELECT '-|-', 'tstzspan', 'tpose', COUNT(*) FROM tbl_tstzspan, tbl_tpose2d WHERE t -|- temp;
INSERT 0 1
INSERT INTO test_tpose_topops(op, leftarg, rightarg, no_idx)
SELECT '&&', 'stbox', 'tpose', COUNT(*) FROM tbl_stbox, tbl_tpose2d WHERE SetSRID(b, 5676) && temp;
INSERT 0 1
INSERT INTO test_tpose_topops(op, leftarg, rightarg, no_idx)
SELECT '@>', 'stbox', 'tpose', COUNT(*) FROM tbl_stbox, tbl_tpose2d WHERE SetSRID(b, 5676) @> temp;
INSERT 0 1
INSERT INTO test_tpose_topops(op, leftarg, rightarg, no_idx)
SELECT '<@', 'stbox', 'tpose', COUNT(*) FROM tbl_stbox, tbl_tpose2d WHERE SetSRID(b, 5676) <@ temp;
INSERT 0 1
INSERT INTO test_tpose_topops(op, leftarg, rightarg, no_idx)
SELECT '~=', 'stbox', 'tpose', COUNT(*) FROM tbl_stbox, tbl_tpose2d WHERE SetSRID(b, 5676) ~= temp;
INSERT 0 1
INSERT INTO test_tpose_topops(op, leftarg, rightarg, no_idx)
SELECT '-|-', 'stbox', 'tpose', COUNT(*) FROM tbl_stbox, tbl_tpose2d WHERE SetSRID(b, 5676) -|- temp;
INSERT 0 1
INSERT INTO test_tpose_topops(op, leftarg, rightarg, no_idx)
SELECT '&&', 'tpose', 'tstzspan', COUNT(*) FROM tbl_tpose2d, tbl_tstzspan WHERE temp && t;
INSERT 0 1
INSERT INTO test_tpose_topops(op, leftarg, rightarg, no_idx)
SELECT '@>', 'tpose', 'tstzspan', COUNT(*) FROM tbl_tpose2d, tbl_tstzspan WHERE temp @> t;
INSERT 0 1
INSERT INTO test_tpose_topops(op, leftarg, rightarg, no_idx)
SELECT '<@', 'tpose', 'tstzspan', COUNT(*) FROM tbl_tpose2d, tbl_tstzspan WHERE temp <@ t;
INSERT 0 1
INSERT INTO test_tpose_topops(op, leftarg, rightarg, no_idx)
SELECT '~=', 'tpose', 'tstzspan', COUNT(*) FROM tbl_tpose2d, tbl_tstzspan WHERE temp ~= t;
INSERT 0 1
INSERT INTO test_tpose_topops(op, leftarg, rightarg, no_idx)
SELECT '-|-', 'tpose', 'tstzspan', COUNT(*) FROM tbl_tpose2d, tbl_tstzspan WHERE temp -|- t;
INSERT 0 1
INSERT INTO test_tpose_topops(op, leftarg, rightarg, no_idx)
SELECT '&&', 'tpose', 'stbox', COUNT(*) FROM tbl_tpose2d, tbl_stbox WHERE temp && SetSRID(b, 5676);
INSERT 0 1
INSERT INTO test_tpose_topops(op, leftarg, rightarg, no_idx)
SELECT '@>', 'tpose', 'stbox', COUNT(*) FROM tbl_tpose2d, tbl_stbox WHERE temp @> SetSRID(b, 5676);
INSERT 0 1
INSERT INTO test_tpose_topops(op, leftarg, rightarg, no_idx)
SELECT '<@', 'tpose', 'stbox', COUNT(*) FROM tbl_tpose2d, tbl_stbox WHERE temp <@ SetSRID(b, 5676);
INSERT 0 1
INSERT INTO test_tpose_topops(op, leftarg, rightarg, no_idx)
SELECT '~=', 'tpose', 'stbox', COUNT(*) FROM tbl_tpose2d, tbl_stbox WHERE temp ~= SetSRID(b, 5676);
INSERT 0 1
INSERT INTO test_tpose_topops(op, leftarg, rightarg, no_idx)
SELECT '-|-', 'tpose', 'stbox', COUNT(*) FROM tbl_tpose2d, tbl_stbox WHERE temp -|- SetSRID(b, 5676);
INSERT 0 1
INSERT INTO test_tpose_topops(op, leftarg, rightarg, no_idx)
SELECT '&&', 'tpose', 'tpose', COUNT(*) FROM tbl_tpose2d t1, tbl_tpose2d t2 WHERE t1.temp && t2.temp;
INSERT 0 1
INSERT INTO test_tpose_topops(op, leftarg, rightarg, no_idx)
SELECT '@>', 'tpose', 'tpose', COUNT(*) FROM tbl_tpose2d t1, tbl_tpose2d t2 WHERE t1.temp @> t2.temp;
INSERT 0 1
INSERT INTO test_tpose_topops(op, leftarg, rightarg, no_idx)
SELECT '<@', 'tpose', 'tpose', COUNT(*) FROM tbl_tpose2d t1, tbl_tpose2d t2 WHERE t1.temp <@ t2.temp;
INSERT 0 1
INSERT INTO test_tpose_topops(op, leftarg, rightarg, no_idx)
SELECT '~=', 'tpose', 'tpose', COUNT(*) FROM tbl_tpose2d t1, tbl_tpose2d t2 WHERE t1.temp ~= t2.temp;
INSERT 0 1
INSERT INTO test_tpose_topops(op, leftarg, rightarg, no_idx)
SELECT '-|-', 'tpose', 'tpose', COUNT(*) FROM tbl_tpose2d t1, tbl_tpose2d t2 WHERE t1.temp -|- t2.temp;
INSERT 0 1
CREATE INDEX tbl_tpose_rtree_idx ON tbl_tpose2d USING GIST(temp);
CREATE INDEX
UPDATE test_tpose_topops
SET rtree_idx = ( SELECT COUNT(*) FROM tbl_tstzspan, tbl_tpose2d WHERE t && temp )
WHERE op = '&&' and leftarg = 'tstzspan' and rightarg = 'tpose';
UPDATE 1
UPDATE test_tpose_topops
SET rtree_idx = ( SELECT COUNT(*) FROM tbl_tstzspan, tbl_tpose2d WHERE t @> temp )
WHERE op = '@>' and leftarg = 'tstzspan' and rightarg = 'tpose';
UPDATE 1
UPDATE test_tpose_topops
SET rtree_idx = ( SELECT COUNT(*) FROM tbl_tstzspan, tbl_tpose2d WHERE t <@ temp )
WHERE op = '<@' and leftarg = 'tstzspan' and rightarg = 'tpose';
UPDATE 1
UPDATE test_tpose_topops
SET rtree_idx = ( SELECT COUNT(*) FROM tbl_tstzspan, tbl_tpose2d WHERE t ~= temp )
WHERE op = '~=' and leftarg = 'tstzspan' and rightarg = 'tpose';
UPDATE 1
UPDATE test_tpose_topops
SET rtree_idx = ( SELECT COUNT(*) FROM tbl_tstzspan, tbl_tpose2d WHERE t -|- temp )
WHERE op = '-|-' and leftarg = 'tstzspan' and rightarg = 'tpose';
UPDATE 1
UPDATE test_tpose_topops
SET rtree_idx = ( SELECT COUNT(*) FROM tbl_stbox, tbl_tpose2d WHERE SetSRID(b, 5676) && temp )
WHERE op = '&&' and leftarg = 'stbox' and rightarg = 'tpose';
UPDATE 1
UPDATE test_tpose_topops
SET rtree_idx = ( SELECT COUNT(*) FROM tbl_stbox, tbl_tpose2d WHERE SetSRID(b, 5676) @> temp )
WHERE op = '@>' and leftarg = 'stbox' and rightarg = 'tpose';
UPDATE 1
UPDATE test_tpose_topops
SET rtree_idx = ( SELECT COUNT(*) FROM tbl_stbox, tbl_tpose2d WHERE SetSRID(b, 5676) <@ temp )
WHERE op = '<@' and leftarg = 'stbox' and rightarg = 'tpose';
UPDATE 1
UPDATE test_tpose_topops
SET rtree_idx = ( SELECT COUNT(*) FROM tbl_stbox, tbl_tpose2d WHERE SetSRID(b, 5676) ~= temp )
WHERE op = '~=' and leftarg = 'stbox' and rightarg = 'tpose';
UPDATE 1
UPDATE test_tpose_topops
SET rtree_idx = ( SELECT COUNT(*) FROM tbl_stbox, tbl_tpose2d WHERE SetSRID(b, 5676) -|- temp )
WHERE op = '-|-' and leftarg = 'stbox' and rightarg = 'tpose';
UPDATE 1
UPDATE test_tpose_topops
SET rtree_idx = ( SELECT COUNT(*) FROM tbl_tpose2d, tbl_tstzspan WHERE temp && t )
WHERE op = '&&' and leftarg = 'tpose' and rightarg = 'tstzspan';
UPDATE 1
UPDATE test_tpose_topops
SET rtree_idx = ( SELECT COUNT(*) FROM tbl_tpose2d, tbl_tstzspan WHERE temp @> t )
WHERE op = '@>' and leftarg = 'tpose' and rightarg = 'tstzspan';
UPDATE 1
UPDATE test_tpose_topops
SET rtree_idx = ( SELECT COUNT(*) FROM tbl_tpose2d, tbl_tstzspan WHERE temp <@ t )
WHERE op = '<@' and leftarg = 'tpose' and rightarg = 'tstzspan';
UPDATE 1
UPDATE test_tpose_topops
SET rtree_idx = ( SELECT COUNT(*) FROM tbl_tpose2d, tbl_tstzspan WHERE temp ~= t )
WHERE op = '~=' and leftarg = 'tpose' and rightarg = 'tstzspan';
UPDATE 1
UPDATE test_tpose_topops
SET rtree_idx = ( SELECT COUNT(*) FROM tbl_tpose2d, tbl_tstzspan WHERE temp -|- t )
WHERE op = '-|-' and leftarg = 'tpose' and rightarg = 'tstzspan';
UPDATE 1
UPDATE test_tpose_topops
SET rtree_idx = ( SELECT COUNT(*) FROM tbl_tpose2d, tbl_stbox WHERE temp && SetSRID(b, 5676) )
WHERE op = '&&' and leftarg = 'tpose' and rightarg = 'stbox';
UPDATE 1
UPDATE test_tpose_topops
SET rtree_idx = ( SELECT COUNT(*) FROM tbl_tpose2d, tbl_stbox WHERE temp @> SetSRID(b, 5676) )
WHERE op = '@>' and leftarg = 'tpose' and rightarg = 'stbox';
UPDATE 1
UPDATE test_tpose_topops
SET rtree_idx = ( SELECT COUNT(*) FROM tbl_tpose2d, tbl_stbox WHERE temp <@ SetSRID(b, 5676) )
WHERE op = '<@' and leftarg = 'tpose' and rightarg = 'stbox';
UPDATE 1
UPDATE test_tpose_topops
SET rtree_idx = ( SELECT COUNT(*) FROM tbl_tpose2d, tbl_stbox WHERE temp ~= SetSRID(b, 5676) )
WHERE op = '~=' and leftarg = 'tpose' and rightarg = 'stbox';
UPDATE 1
UPDATE test_tpose_topops
SET rtree_idx = ( SELECT COUNT(*) FROM tbl_tpose2d, tbl_stbox WHERE temp -|- SetSRID(b, 5676) )
WHERE op = '-|-' and leftarg = 'tpose' and rightarg = 'stbox';
UPDATE 1
UPDATE test_tpose_topops
SET rtree_idx = ( SELECT COUNT(*) FROM tbl_tpose2d t1, tbl_tpose2d t2 WHERE t1.temp && t2.temp )
WHERE op = '&&' and leftarg = 'tpose' and rightarg = 'tpose';
UPDATE 1
UPDATE test_tpose_topops
SET rtree_idx = ( SELECT COUNT(*) FROM tbl_tpose2d t1, tbl_tpose2d t2 WHERE t1.temp @> t2.temp )
WHERE op = '@>' and leftarg = 'tpose' and rightarg = 'tpose';
UPDATE 1
UPDATE test_tpose_topops
SET rtree_idx = ( SELECT COUNT(*) FROM tbl_tpose2d t1, tbl_tpose2d t2 WHERE t1.temp <@ t2.temp )
WHERE op = '<@' and leftarg = 'tpose' and rightarg = 'tpose';
UPDATE 1
UPDATE test_tpose_topops
SET rtree_idx = ( SELECT COUNT(*) FROM tbl_tpose2d t1, tbl_tpose2d t2 WHERE t1.temp ~= t2.temp )
WHERE op = '~=' and leftarg = 'tpose' and rightarg = 'tpose';
UPDATE 1
UPDATE test_tpose_topops
SET rtree_idx = ( SELECT COUNT(*) FROM tbl_tpose2d t1, tbl_tpose2d t2 WHERE t1.temp -|- t2.temp )
WHERE op = '-|-' and leftarg = 'tpose' and rightarg = 'tpose';
UPDATE 1
DROP INDEX tbl_tpose_rtree_idx;
DROP INDEX
CREATE INDEX tbl_tpose_quadtree_idx ON tbl_tpose2d USING SPGIST(temp);
CREATE INDEX
UPDATE test_tpose_topops
SET quadtree_idx = ( SELECT COUNT(*) FROM tbl_tstzspan, tbl_tpose2d WHERE t && temp )
WHERE op = '&&' and leftarg = 'tstzspan' and rightarg = 'tpose';
UPDATE 1
UPDATE test_tpose_topops
SET quadtree_idx = ( SELECT COUNT(*) FROM tbl_tstzspan, tbl_tpose2d WHERE t @> temp )
WHERE op = '@>' and leftarg = 'tstzspan' and rightarg = 'tpose';
UPDATE 1
UPDATE test_tpose_topops
SET quadtree_idx = ( SELECT COUNT(*) FROM tbl_tstzspan, tbl_tpose2d WHERE t <@ temp )
WHERE op = '<@' and leftarg = 'tstzspan' and rightarg = 'tpose';
UPDATE 1
UPDATE test_tpose_topops
SET quadtree_idx = ( SELECT COUNT(*) FROM tbl_tstzspan, tbl_tpose2d WHERE t ~= temp )
WHERE op = '~=' and leftarg = 'tstzspan' and rightarg = 'tpose';
UPDATE 1
UPDATE test_tpose_topops
SET quadtree_idx = ( SELECT COUNT(*) FROM tbl_tstzspan, tbl_tpose2d WHERE t -|- temp )
WHERE op = '-|-' and leftarg = 'tstzspan' and rightarg = 'tpose';
UPDATE 1
UPDATE test_tpose_topops
SET quadtree_idx = ( SELECT COUNT(*) FROM tbl_stbox, tbl_tpose2d WHERE SetSRID(b, 5676) && temp )
WHERE op = '&&' and leftarg = 'stbox' and rightarg = 'tpose';
UPDATE 1
UPDATE test_tpose_topops
SET quadtree_idx = ( SELECT COUNT(*) FROM tbl_stbox, tbl_tpose2d WHERE SetSRID(b, 5676) @> temp )
WHERE op = '@>' and leftarg = 'stbox' and rightarg = 'tpose';
UPDATE 1
UPDATE test_tpose_topops
SET quadtree_idx = ( SELECT COUNT(*) FROM tbl_stbox, tbl_tpose2d WHERE SetSRID(b, 5676) <@ temp )
WHERE op = '<@' and leftarg = 'stbox' and rightarg = 'tpose';
UPDATE 1
UPDATE test_tpose_topops
SET quadtree_idx = ( SELECT COUNT(*) FROM tbl_stbox, tbl_tpose2d WHERE SetSRID(b, 5676) ~= temp )
WHERE op = '~=' and leftarg = 'stbox' and rightarg = 'tpose';
UPDATE 1
UPDATE test_tpose_topops
SET quadtree_idx = ( SELECT COUNT(*) FROM tbl_stbox, tbl_tpose2d WHERE SetSRID(b, 5676) -|- temp )
WHERE op = '-|-' and leftarg = 'stbox' and rightarg = 'tpose';
UPDATE 1
UPDATE test_tpose_topops
SET quadtree_idx = ( SELECT COUNT(*) FROM tbl_tpose2d, tbl_tstzspan WHERE temp && t )
WHERE op = '&&' and leftarg = 'tpose' and rightarg = 'tstzspan';
UPDATE 1
UPDATE test_tpose_topops
SET quadtree_idx = ( SELECT COUNT(*) FROM tbl_tpose2d, tbl_tstzspan WHERE temp @> t )
WHERE op = '@>' and leftarg = 'tpose' and rightarg = 'tstzspan';
UPDATE 1
UPDATE test_tpose_topops
SET quadtree_idx = ( SELECT COUNT(*) FROM tbl_tpose2d, tbl_tstzspan WHERE temp <@ t )
WHERE op = '<@' and leftarg = 'tpose' and rightarg = 'tstzspan';
UPDATE 1
UPDATE test_tpose_topops
SET quadtree_idx = ( SELECT COUNT(*) FROM tbl_tpose2d, tbl_tstzspan WHERE temp ~= t )
WHERE op = '~=' and leftarg = 'tpose' and rightarg = 'tstzspan';
UPDATE 1
UPDATE test_tpose_topops
SET quadtree_idx = ( SELECT COUNT(*) FROM tbl_tpose2d, tbl_tstzspan WHERE temp -|- t )
WHERE op = '-|-' and leftarg = 'tpose' and rightarg = 'tstzspan';
UPDATE 1
UPDATE test_tpose_topops
SET quadtree_idx = ( SELECT COUNT(*) FROM tbl_tpose2d, tbl_stbox WHERE temp && SetSRID(b, 5676) )
WHERE op = '&&' and leftarg = 'tpose' and rightarg = 'stbox';
UPDATE 1
UPDATE test_tpose_topops
SET quadtree_idx = ( SELECT COUNT(*) FROM tbl_tpose2d, tbl_stbox WHERE temp @> SetSRID(b, 5676) )
WHERE op = '@>' and leftarg = 'tpose' and rightarg = 'stbox';
UPDATE 1
UPDATE test_tpose_topops
SET quadtree_idx = ( SELECT COUNT(*) FROM tbl_tpose2d, tbl_stbox WHERE temp <@ SetSRID(b, 5676) )
WHERE op = '<@' and leftarg = 'tpose' and rightarg = 'stbox';
UPDATE 1
UPDATE test_tpose_topops
SET quadtree_idx = ( SELECT COUNT(*) FROM tbl_tpose2d, tbl_stbox WHERE temp ~= SetSRID(b, 5676) )
WHERE op = '~=' and leftarg = 'tpose' and rightarg = 'stbox';
UPDATE 1
UPDATE test_tpose_topops
SET quadtree_idx = ( SELECT COUNT(*) FROM tbl_tpose2d, tbl_stbox WHERE temp -|- SetSRID(b, 5676) )
WHERE op = '-|-' and leftarg = 'tpose' and rightarg = 'stbox';
UPDATE 1
UPDATE test_tpose_topops
SET quadtree_idx = ( SELECT COUNT(*) FROM tbl_tpose2d t1, tbl_tpose2d t2 WHERE t1.temp && t2.temp )
WHERE op = '&&' and leftarg = 'tpose' and rightarg = 'tpose';
UPDATE 1
UPDATE test_tpose_topops
SET quadtree_idx = ( SELECT COUNT(*) FROM tbl_tpose2d t1, tbl_tpose2d t2 WHERE t1.temp @> t2.temp )
WHERE op = '@>' and leftarg = 'tpose' and rightarg = 'tpose';
UPDATE 1
UPDATE test_tpose_topops
SET quadtree_idx = ( SELECT COUNT(*) FROM tbl_tpose2d t1, tbl_tpose2d t2 WHERE t1.temp <@ t2.temp )
WHERE op = '<@' and leftarg = 'tpose' and rightarg = 'tpose';
UPDATE 1
UPDATE test_tpose_topops
SET quadtree_idx = ( SELECT COUNT(*) FROM tbl_tpose2d t1, tbl_tpose2d t2 WHERE t1.temp ~= t2.temp )
WHERE op = '~=' and leftarg = 'tpose' and rightarg = 'tpose';
UPDATE 1
UPDATE test_tpose_topops
SET quadtree_idx = ( SELECT COUNT(*) FROM tbl_tpose2d t1, tbl_tpose2d t2 WHERE t1.temp -|- t2.temp )
WHERE op = '-|-' and leftarg = 'tpose' and rightarg = 'tpose';
UPDATE 1
DROP INDEX tbl_tpose_quadtree_idx;
DROP INDEX
CREATE INDEX tbl_tpose_kdtree_idx ON tbl_tpose2d USING SPGIST(temp tpose_kdtree_ops);
CREATE INDEX
UPDATE test_tpose_topops
SET kdtree_idx = ( SELECT COUNT(*) FROM tbl_tstzspan, tbl_tpose2d WHERE t && temp )
WHERE op = '&&' and leftarg = 'tstzspan' and rightarg = 'tpose';
UPDATE 1
UPDATE test_tpose_topops
SET kdtree_idx = ( SELECT COUNT(*) FROM tbl_tstzspan, tbl_tpose2d WHERE t @> temp )
WHERE op = '@>' and leftarg = 'tstzspan' and rightarg = 'tpose';
UPDATE 1
UPDATE test_tpose_topops
SET kdtree_idx = ( SELECT COUNT(*) FROM tbl_tstzspan, tbl_tpose2d WHERE t <@ temp )
WHERE op = '<@' and leftarg = 'tstzspan' and rightarg = 'tpose';
UPDATE 1
UPDATE test_tpose_topops
SET kdtree_idx = ( SELECT COUNT(*) FROM tbl_tstzspan, tbl_tpose2d WHERE t ~= temp )
WHERE op = '~=' and leftarg = 'tstzspan' and rightarg = 'tpose';
UPDATE 1
UPDATE test_tpose_topops
SET kdtree_idx = ( SELECT COUNT(*) FROM tbl_tstzspan, tbl_tpose2d WHERE t -|- temp )
WHERE op = '-|-' and leftarg = 'tstzspan' and rightarg = 'tpose';
UPDATE 1
UPDATE test_tpose_topops
SET kdtree_idx = ( SELECT COUNT(*) FROM tbl_stbox, tbl_tpose2d WHERE SetSRID(b, 5676) && temp )
WHERE op = '&&' and leftarg = 'stbox' and rightarg = 'tpose';
UPDATE 1
UPDATE test_tpose_topops
SET kdtree_idx = ( SELECT COUNT(*) FROM tbl_stbox, tbl_tpose2d WHERE SetSRID(b, 5676) @> temp )
WHERE op = '@>' and leftarg = 'stbox' and rightarg = 'tpose';
UPDATE 1
UPDATE test_tpose_topops
SET kdtree_idx = ( SELECT COUNT(*) FROM tbl_stbox, tbl_tpose2d WHERE SetSRID(b, 5676) <@ temp )
WHERE op = '<@' and leftarg = 'stbox' and rightarg = 'tpose';
UPDATE 1
UPDATE test_tpose_topops
SET kdtree_idx = ( SELECT COUNT(*) FROM tbl_stbox, tbl_tpose2d WHERE SetSRID(b, 5676) ~= temp )
WHERE op = '~=' and leftarg = 'stbox' and rightarg = 'tpose';
UPDATE 1
UPDATE test_tpose_topops
SET kdtree_idx = ( SELECT COUNT(*) FROM tbl_stbox, tbl_tpose2d WHERE SetSRID(b, 5676) -|- temp )
WHERE op = '-|-' and leftarg = 'stbox' and rightarg = 'tpose';
UPDATE 1
UPDATE test_tpose_topops
SET kdtree_idx = ( SELECT COUNT(*) FROM tbl_tpose2d, tbl_tstzspan WHERE temp && t )
WHERE op = '&&' and leftarg = 'tpose' and rightarg = 'tstzspan';
UPDATE 1
UPDATE test_tpose_topops
SET kdtree_idx = ( SELECT COUNT(*) FROM tbl_tpose2d, tbl_tstzspan WHERE temp @> t )
WHERE op = '@>' and leftarg = 'tpose' and rightarg = 'tstzspan';
UPDATE 1
UPDATE test_tpose_topops
SET kdtree_idx = ( SELECT COUNT(*) FROM tbl_tpose2d, tbl_tstzspan WHERE temp <@ t )
WHERE op = '<@' and leftarg = 'tpose' and rightarg = 'tstzspan';
UPDATE 1
UPDATE test_tpose_topops
SET kdtree_idx = ( SELECT COUNT(*) FROM tbl_tpose2d, tbl_tstzspan WHERE temp ~= t )
WHERE op = '~=' and leftarg = 'tpose' and rightarg = 'tstzspan';
UPDATE 1
UPDATE test_tpose_topops
SET kdtree_idx = ( SELECT COUNT(*) FROM tbl_tpose2d, tbl_tstzspan WHERE temp -|- t )
WHERE op = '-|-' and leftarg = 'tpose' and rightarg = 'tstzspan';
UPDATE 1
UPDATE test_tpose_topops
SET kdtree_idx = ( SELECT COUNT(*) FROM tbl_tpose2d, tbl_stbox WHERE temp && SetSRID(b, 5676) )
WHERE op = '&&' and leftarg = 'tpose' and rightarg = 'stbox';
UPDATE 1
UPDATE test_tpose_topops
SET kdtree_idx = ( SELECT COUNT(*) FROM tbl_tpose2d, tbl_stbox WHERE temp @> SetSRID(b, 5676) )
WHERE op = '@>' and leftarg = 'tpose' and rightarg = 'stbox';
UPDATE 1
UPDATE test_tpose_topops
SET kdtree_idx = ( SELECT COUNT(*) FROM tbl_tpose2d, tbl_stbox WHERE temp <@ SetSRID(b, 5676) )
WHERE op = '<@' and leftarg = 'tpose' and rightarg = 'stbox';
UPDATE 1
UPDATE test_tpose_topops
SET kdtree_idx = ( SELECT COUNT(*) FROM tbl_tpose2d, tbl_stbox WHERE temp ~= SetSRID(b, 5676) )
WHERE op = '~=' and leftarg = 'tpose' and rightarg = 'stbox';
UPDATE 1
UPDATE test_tpose_topops
SET kdtree_idx = ( SELECT COUNT(*) FROM tbl_tpose2d, tbl_stbox WHERE temp -|- SetSRID(b, 5676) )
WHERE op = '-|-' and leftarg = 'tpose' and rightarg = 'stbox';
UPDATE 1
UPDATE test_tpose_topops
SET kdtree_idx = ( SELECT COUNT(*) FROM tbl_tpose2d t1, tbl_tpose2d t2 WHERE t1.temp && t2.temp )
WHERE op = '&&' and leftarg = 'tpose' and rightarg = 'tpose';
UPDATE 1
UPDATE test_tpose_topops
SET kdtree_idx = ( SELECT COUNT(*) FROM tbl_tpose2d t1, tbl_tpose2d t2 WHERE t1.temp @> t2.temp )
WHERE op = '@>' and leftarg = 'tpose' and rightarg = 'tpose';
UPDATE 1
UPDATE test_tpose_topops
SET kdtree_idx = ( SELECT COUNT(*) FROM tbl_tpose2d t1, tbl_tpose2d t2 WHERE t1.temp <@ t2.temp )
WHERE op = '<@' and leftarg = 'tpose' and rightarg = 'tpose';
UPDATE 1
UPDATE test_tpose_topops
SET kdtree_idx = ( SELECT COUNT(*) FROM tbl_tpose2d t1, tbl_tpose2d t2 WHERE t1.temp ~= t2.temp )
WHERE op = '~=' and leftarg = 'tpose' and rightarg = 'tpose';
UPDATE 1
UPDATE test_tpose_topops
SET kdtree_idx = ( SELECT COUNT(*) FROM tbl_tpose2d t1, tbl_tpose2d t2 WHERE t1.temp -|- t2.temp )
WHERE op = '-|-' and leftarg = 'tpose' and rightarg = 'tpose';
UPDATE 1
DROP INDEX tbl_tpose_kdtree_idx;
DROP INDEX
SELECT * FROM test_tpose_topops
WHERE no_idx <> rtree_idx OR no_idx <> quadtree_idx OR
  no_idx IS NULL OR rtree_idx IS NULL OR quadtree_idx IS NULL OR kdtree_idx IS NULL
ORDER BY op, leftarg, rightarg;
 op | leftarg | rightarg | no_idx | rtree_idx | quadtree_idx | kdtree_idx 
----+---------+----------+--------+-----------+--------------+------------
(0 rows)

DROP TABLE test_tpose_topops;
DROP TABLE
