SELECT tcbuffer 'Cbuffer(Point(1 1), 0.5)@2000-01-01' #= cbuffer 'Cbuffer(Point(1 1), 0.5)';
            ?column?            
--------------------------------
 t@Sat Jan 01 00:00:00 2000 PST
(1 row)

SELECT tcbuffer '{Cbuffer(Point(1 1), 0.3)@2000-01-01, Cbuffer(Point(1 1), 0.5)@2000-01-02, Cbuffer(Point(1 1), 0.5)@2000-01-03}' #= cbuffer 'Cbuffer(Point(1 1), 0.5)';
                                             ?column?                                             
--------------------------------------------------------------------------------------------------
 {f@Sat Jan 01 00:00:00 2000 PST, t@Sun Jan 02 00:00:00 2000 PST, t@Mon Jan 03 00:00:00 2000 PST}
(1 row)

SELECT tcbuffer '[Cbuffer(Point(1 1), 0.2)@2000-01-01, Cbuffer(Point(1 1), 0.4)@2000-01-02, Cbuffer(Point(1 1), 0.5)@2000-01-03]' #= cbuffer 'Cbuffer(Point(1 1), 0.5)';
                              ?column?                              
--------------------------------------------------------------------
 {[f@Sat Jan 01 00:00:00 2000 PST, t@Mon Jan 03 00:00:00 2000 PST]}
(1 row)

SELECT tcbuffer '{[Cbuffer(Point(1 1), 0.2)@2000-01-01, Cbuffer(Point(1 1), 0.4)@2000-01-02, Cbuffer(Point(1 1), 0.5)@2000-01-03], [Cbuffer(Point(2 2), 0.6)@2000-01-04, Cbuffer(Point(2 2), 0.6)@2000-01-05]}' #= cbuffer 'Cbuffer(Point(1 1), 0.5)';
                                                               ?column?                                                               
--------------------------------------------------------------------------------------------------------------------------------------
 {[f@Sat Jan 01 00:00:00 2000 PST, t@Mon Jan 03 00:00:00 2000 PST], [f@Tue Jan 04 00:00:00 2000 PST, f@Wed Jan 05 00:00:00 2000 PST]}
(1 row)

SELECT cbuffer 'Cbuffer(Point(1 1), 0.5)' #= tcbuffer 'Cbuffer(Point(1 1), 0.5)@2000-01-01';
            ?column?            
--------------------------------
 t@Sat Jan 01 00:00:00 2000 PST
(1 row)

SELECT cbuffer 'Cbuffer(Point(1 1), 0.5)' #= tcbuffer '{Cbuffer(Point(1 1), 0.3)@2000-01-01, Cbuffer(Point(1 1), 0.5)@2000-01-02, Cbuffer(Point(1 1), 0.5)@2000-01-03}';
                                             ?column?                                             
--------------------------------------------------------------------------------------------------
 {f@Sat Jan 01 00:00:00 2000 PST, t@Sun Jan 02 00:00:00 2000 PST, t@Mon Jan 03 00:00:00 2000 PST}
(1 row)

SELECT cbuffer 'Cbuffer(Point(1 1), 0.5)' #= tcbuffer '[Cbuffer(Point(1 1), 0.2)@2000-01-01, Cbuffer(Point(1 1), 0.4)@2000-01-02, Cbuffer(Point(1 1), 0.5)@2000-01-03]';
                              ?column?                              
--------------------------------------------------------------------
 {[f@Sat Jan 01 00:00:00 2000 PST, t@Mon Jan 03 00:00:00 2000 PST]}
(1 row)

SELECT cbuffer 'Cbuffer(Point(1 1), 0.5)' #= tcbuffer '{[Cbuffer(Point(1 1), 0.2)@2000-01-01, Cbuffer(Point(1 1), 0.4)@2000-01-02, Cbuffer(Point(1 1), 0.5)@2000-01-03], [Cbuffer(Point(2 2), 0.6)@2000-01-04, Cbuffer(Point(2 2), 0.6)@2000-01-05]}';
                                                               ?column?                                                               
--------------------------------------------------------------------------------------------------------------------------------------
 {[f@Sat Jan 01 00:00:00 2000 PST, t@Mon Jan 03 00:00:00 2000 PST], [f@Tue Jan 04 00:00:00 2000 PST, f@Wed Jan 05 00:00:00 2000 PST]}
(1 row)

SELECT tcbuffer 'Cbuffer(Point(1 1), 0.5)@2000-01-01' #= tcbuffer 'Cbuffer(Point(1 1), 0.5)@2000-01-01';
            ?column?            
--------------------------------
 t@Sat Jan 01 00:00:00 2000 PST
(1 row)

SELECT tcbuffer 'Cbuffer(Point(1 1), 0.5)@2000-01-01' #= tcbuffer '{Cbuffer(Point(1 1), 0.3)@2000-01-01, Cbuffer(Point(1 1), 0.5)@2000-01-02, Cbuffer(Point(1 1), 0.5)@2000-01-03}';
            ?column?            
--------------------------------
 f@Sat Jan 01 00:00:00 2000 PST
(1 row)

SELECT tcbuffer 'Cbuffer(Point(1 1), 0.5)@2000-01-01' #= tcbuffer '[Cbuffer(Point(1 1), 0.2)@2000-01-01, Cbuffer(Point(1 1), 0.4)@2000-01-02, Cbuffer(Point(1 1), 0.5)@2000-01-03]';
            ?column?            
--------------------------------
 f@Sat Jan 01 00:00:00 2000 PST
(1 row)

SELECT tcbuffer 'Cbuffer(Point(1 1), 0.5)@2000-01-01' #= tcbuffer '{[Cbuffer(Point(1 1), 0.2)@2000-01-01, Cbuffer(Point(1 1), 0.4)@2000-01-02, Cbuffer(Point(1 1), 0.5)@2000-01-03], [Cbuffer(Point(2 2), 0.6)@2000-01-04, Cbuffer(Point(2 2), 0.6)@2000-01-05]}';
            ?column?            
--------------------------------
 f@Sat Jan 01 00:00:00 2000 PST
(1 row)

SELECT tcbuffer '{Cbuffer(Point(1 1), 0.3)@2000-01-01, Cbuffer(Point(1 1), 0.5)@2000-01-02, Cbuffer(Point(1 1), 0.5)@2000-01-03}' #= tcbuffer 'Cbuffer(Point(1 1), 0.5)@2000-01-01';
            ?column?            
--------------------------------
 f@Sat Jan 01 00:00:00 2000 PST
(1 row)

SELECT tcbuffer '{Cbuffer(Point(1 1), 0.3)@2000-01-01, Cbuffer(Point(1 1), 0.5)@2000-01-02, Cbuffer(Point(1 1), 0.5)@2000-01-03}' #= tcbuffer '{Cbuffer(Point(1 1), 0.3)@2000-01-01, Cbuffer(Point(1 1), 0.5)@2000-01-02, Cbuffer(Point(1 1), 0.5)@2000-01-03}';
                                             ?column?                                             
--------------------------------------------------------------------------------------------------
 {t@Sat Jan 01 00:00:00 2000 PST, t@Sun Jan 02 00:00:00 2000 PST, t@Mon Jan 03 00:00:00 2000 PST}
(1 row)

SELECT tcbuffer '{Cbuffer(Point(1 1), 0.3)@2000-01-01, Cbuffer(Point(1 1), 0.5)@2000-01-02, Cbuffer(Point(1 1), 0.5)@2000-01-03}' #= tcbuffer '[Cbuffer(Point(1 1), 0.2)@2000-01-01, Cbuffer(Point(1 1), 0.4)@2000-01-02, Cbuffer(Point(1 1), 0.5)@2000-01-03]';
                                             ?column?                                             
--------------------------------------------------------------------------------------------------
 {f@Sat Jan 01 00:00:00 2000 PST, f@Sun Jan 02 00:00:00 2000 PST, t@Mon Jan 03 00:00:00 2000 PST}
(1 row)

SELECT tcbuffer '{Cbuffer(Point(1 1), 0.3)@2000-01-01, Cbuffer(Point(1 1), 0.5)@2000-01-02, Cbuffer(Point(1 1), 0.5)@2000-01-03}' #= tcbuffer '{[Cbuffer(Point(1 1), 0.2)@2000-01-01, Cbuffer(Point(1 1), 0.4)@2000-01-02, Cbuffer(Point(1 1), 0.5)@2000-01-03], [Cbuffer(Point(2 2), 0.6)@2000-01-04, Cbuffer(Point(2 2), 0.6)@2000-01-05]}';
                                             ?column?                                             
--------------------------------------------------------------------------------------------------
 {f@Sat Jan 01 00:00:00 2000 PST, f@Sun Jan 02 00:00:00 2000 PST, t@Mon Jan 03 00:00:00 2000 PST}
(1 row)

SELECT tcbuffer '[Cbuffer(Point(1 1), 0.2)@2000-01-01, Cbuffer(Point(1 1), 0.4)@2000-01-02, Cbuffer(Point(1 1), 0.5)@2000-01-03]' #= tcbuffer 'Cbuffer(Point(1 1), 0.5)@2000-01-01';
            ?column?            
--------------------------------
 f@Sat Jan 01 00:00:00 2000 PST
(1 row)

SELECT tcbuffer '[Cbuffer(Point(1 1), 0.2)@2000-01-01, Cbuffer(Point(1 1), 0.4)@2000-01-02, Cbuffer(Point(1 1), 0.5)@2000-01-03]' #= tcbuffer '{Cbuffer(Point(1 1), 0.3)@2000-01-01, Cbuffer(Point(1 1), 0.5)@2000-01-02, Cbuffer(Point(1 1), 0.5)@2000-01-03}';
                                             ?column?                                             
--------------------------------------------------------------------------------------------------
 {f@Sat Jan 01 00:00:00 2000 PST, f@Sun Jan 02 00:00:00 2000 PST, t@Mon Jan 03 00:00:00 2000 PST}
(1 row)

SELECT tcbuffer '[Cbuffer(Point(1 1), 0.2)@2000-01-01, Cbuffer(Point(1 1), 0.4)@2000-01-02, Cbuffer(Point(1 1), 0.5)@2000-01-03]' #= tcbuffer '[Cbuffer(Point(1 1), 0.2)@2000-01-01, Cbuffer(Point(1 1), 0.4)@2000-01-02, Cbuffer(Point(1 1), 0.5)@2000-01-03]';
                             ?column?                             
------------------------------------------------------------------
 [t@Sat Jan 01 00:00:00 2000 PST, t@Mon Jan 03 00:00:00 2000 PST]
(1 row)

SELECT tcbuffer '[Cbuffer(Point(1 1), 0.2)@2000-01-01, Cbuffer(Point(1 1), 0.4)@2000-01-02, Cbuffer(Point(1 1), 0.5)@2000-01-03]' #= tcbuffer '{[Cbuffer(Point(1 1), 0.2)@2000-01-01, Cbuffer(Point(1 1), 0.4)@2000-01-02, Cbuffer(Point(1 1), 0.5)@2000-01-03], [Cbuffer(Point(2 2), 0.6)@2000-01-04, Cbuffer(Point(2 2), 0.6)@2000-01-05]}';
                              ?column?                              
--------------------------------------------------------------------
 {[t@Sat Jan 01 00:00:00 2000 PST, t@Mon Jan 03 00:00:00 2000 PST]}
(1 row)

SELECT tcbuffer '{[Cbuffer(Point(1 1), 0.2)@2000-01-01, Cbuffer(Point(1 1), 0.4)@2000-01-02, Cbuffer(Point(1 1), 0.5)@2000-01-03], [Cbuffer(Point(2 2), 0.6)@2000-01-04, Cbuffer(Point(2 2), 0.6)@2000-01-05]}' #= tcbuffer 'Cbuffer(Point(1 1), 0.5)@2000-01-01';
            ?column?            
--------------------------------
 f@Sat Jan 01 00:00:00 2000 PST
(1 row)

SELECT tcbuffer '{[Cbuffer(Point(1 1), 0.2)@2000-01-01, Cbuffer(Point(1 1), 0.4)@2000-01-02, Cbuffer(Point(1 1), 0.5)@2000-01-03], [Cbuffer(Point(2 2), 0.6)@2000-01-04, Cbuffer(Point(2 2), 0.6)@2000-01-05]}' #= tcbuffer '{Cbuffer(Point(1 1), 0.3)@2000-01-01, Cbuffer(Point(1 1), 0.5)@2000-01-02, Cbuffer(Point(1 1), 0.5)@2000-01-03}';
                                             ?column?                                             
--------------------------------------------------------------------------------------------------
 {f@Sat Jan 01 00:00:00 2000 PST, f@Sun Jan 02 00:00:00 2000 PST, t@Mon Jan 03 00:00:00 2000 PST}
(1 row)

SELECT tcbuffer '{[Cbuffer(Point(1 1), 0.2)@2000-01-01, Cbuffer(Point(1 1), 0.4)@2000-01-02, Cbuffer(Point(1 1), 0.5)@2000-01-03], [Cbuffer(Point(2 2), 0.6)@2000-01-04, Cbuffer(Point(2 2), 0.6)@2000-01-05]}' #= tcbuffer '[Cbuffer(Point(1 1), 0.2)@2000-01-01, Cbuffer(Point(1 1), 0.4)@2000-01-02, Cbuffer(Point(1 1), 0.5)@2000-01-03]';
                              ?column?                              
--------------------------------------------------------------------
 {[t@Sat Jan 01 00:00:00 2000 PST, t@Mon Jan 03 00:00:00 2000 PST]}
(1 row)

SELECT tcbuffer '{[Cbuffer(Point(1 1), 0.2)@2000-01-01, Cbuffer(Point(1 1), 0.4)@2000-01-02, Cbuffer(Point(1 1), 0.5)@2000-01-03], [Cbuffer(Point(2 2), 0.6)@2000-01-04, Cbuffer(Point(2 2), 0.6)@2000-01-05]}' #= tcbuffer '{[Cbuffer(Point(1 1), 0.2)@2000-01-01, Cbuffer(Point(1 1), 0.4)@2000-01-02, Cbuffer(Point(1 1), 0.5)@2000-01-03], [Cbuffer(Point(2 2), 0.6)@2000-01-04, Cbuffer(Point(2 2), 0.6)@2000-01-05]}';
                                                               ?column?                                                               
--------------------------------------------------------------------------------------------------------------------------------------
 {[t@Sat Jan 01 00:00:00 2000 PST, t@Mon Jan 03 00:00:00 2000 PST], [t@Tue Jan 04 00:00:00 2000 PST, t@Wed Jan 05 00:00:00 2000 PST]}
(1 row)

SELECT tcbuffer 'Cbuffer(Point(1 1), 0.5)@2000-01-01' #<> cbuffer 'Cbuffer(Point(1 1), 0.5)';
            ?column?            
--------------------------------
 f@Sat Jan 01 00:00:00 2000 PST
(1 row)

SELECT tcbuffer '{Cbuffer(Point(1 1), 0.3)@2000-01-01, Cbuffer(Point(1 1), 0.5)@2000-01-02, Cbuffer(Point(1 1), 0.5)@2000-01-03}' #<> cbuffer 'Cbuffer(Point(1 1), 0.5)';
                                             ?column?                                             
--------------------------------------------------------------------------------------------------
 {t@Sat Jan 01 00:00:00 2000 PST, f@Sun Jan 02 00:00:00 2000 PST, f@Mon Jan 03 00:00:00 2000 PST}
(1 row)

SELECT tcbuffer '[Cbuffer(Point(1 1), 0.2)@2000-01-01, Cbuffer(Point(1 1), 0.4)@2000-01-02, Cbuffer(Point(1 1), 0.5)@2000-01-03]' #<> cbuffer 'Cbuffer(Point(1 1), 0.5)';
                              ?column?                              
--------------------------------------------------------------------
 {[t@Sat Jan 01 00:00:00 2000 PST, f@Mon Jan 03 00:00:00 2000 PST]}
(1 row)

SELECT tcbuffer '{[Cbuffer(Point(1 1), 0.2)@2000-01-01, Cbuffer(Point(1 1), 0.4)@2000-01-02, Cbuffer(Point(1 1), 0.5)@2000-01-03], [Cbuffer(Point(2 2), 0.6)@2000-01-04, Cbuffer(Point(2 2), 0.6)@2000-01-05]}' #<> cbuffer 'Cbuffer(Point(1 1), 0.5)';
                                                               ?column?                                                               
--------------------------------------------------------------------------------------------------------------------------------------
 {[t@Sat Jan 01 00:00:00 2000 PST, f@Mon Jan 03 00:00:00 2000 PST], [t@Tue Jan 04 00:00:00 2000 PST, t@Wed Jan 05 00:00:00 2000 PST]}
(1 row)

SELECT cbuffer 'Cbuffer(Point(1 1), 0.5)' #<> tcbuffer 'Cbuffer(Point(1 1), 0.5)@2000-01-01';
            ?column?            
--------------------------------
 f@Sat Jan 01 00:00:00 2000 PST
(1 row)

SELECT cbuffer 'Cbuffer(Point(1 1), 0.5)' #<> tcbuffer '{Cbuffer(Point(1 1), 0.3)@2000-01-01, Cbuffer(Point(1 1), 0.5)@2000-01-02, Cbuffer(Point(1 1), 0.5)@2000-01-03}';
                                             ?column?                                             
--------------------------------------------------------------------------------------------------
 {t@Sat Jan 01 00:00:00 2000 PST, f@Sun Jan 02 00:00:00 2000 PST, f@Mon Jan 03 00:00:00 2000 PST}
(1 row)

SELECT cbuffer 'Cbuffer(Point(1 1), 0.5)' #<> tcbuffer '[Cbuffer(Point(1 1), 0.2)@2000-01-01, Cbuffer(Point(1 1), 0.4)@2000-01-02, Cbuffer(Point(1 1), 0.5)@2000-01-03]';
                              ?column?                              
--------------------------------------------------------------------
 {[t@Sat Jan 01 00:00:00 2000 PST, f@Mon Jan 03 00:00:00 2000 PST]}
(1 row)

SELECT cbuffer 'Cbuffer(Point(1 1), 0.5)' #<> tcbuffer '{[Cbuffer(Point(1 1), 0.2)@2000-01-01, Cbuffer(Point(1 1), 0.4)@2000-01-02, Cbuffer(Point(1 1), 0.5)@2000-01-03], [Cbuffer(Point(2 2), 0.6)@2000-01-04, Cbuffer(Point(2 2), 0.6)@2000-01-05]}';
                                                               ?column?                                                               
--------------------------------------------------------------------------------------------------------------------------------------
 {[t@Sat Jan 01 00:00:00 2000 PST, f@Mon Jan 03 00:00:00 2000 PST], [t@Tue Jan 04 00:00:00 2000 PST, t@Wed Jan 05 00:00:00 2000 PST]}
(1 row)

SELECT tcbuffer 'Cbuffer(Point(1 1), 0.5)@2000-01-01' #<> tcbuffer 'Cbuffer(Point(1 1), 0.5)@2000-01-01';
            ?column?            
--------------------------------
 f@Sat Jan 01 00:00:00 2000 PST
(1 row)

SELECT tcbuffer 'Cbuffer(Point(1 1), 0.5)@2000-01-01' #<> tcbuffer '{Cbuffer(Point(1 1), 0.3)@2000-01-01, Cbuffer(Point(1 1), 0.5)@2000-01-02, Cbuffer(Point(1 1), 0.5)@2000-01-03}';
            ?column?            
--------------------------------
 t@Sat Jan 01 00:00:00 2000 PST
(1 row)

SELECT tcbuffer 'Cbuffer(Point(1 1), 0.5)@2000-01-01' #<> tcbuffer '[Cbuffer(Point(1 1), 0.2)@2000-01-01, Cbuffer(Point(1 1), 0.4)@2000-01-02, Cbuffer(Point(1 1), 0.5)@2000-01-03]';
            ?column?            
--------------------------------
 t@Sat Jan 01 00:00:00 2000 PST
(1 row)

SELECT tcbuffer 'Cbuffer(Point(1 1), 0.5)@2000-01-01' #<> tcbuffer '{[Cbuffer(Point(1 1), 0.2)@2000-01-01, Cbuffer(Point(1 1), 0.4)@2000-01-02, Cbuffer(Point(1 1), 0.5)@2000-01-03], [Cbuffer(Point(2 2), 0.6)@2000-01-04, Cbuffer(Point(2 2), 0.6)@2000-01-05]}';
            ?column?            
--------------------------------
 t@Sat Jan 01 00:00:00 2000 PST
(1 row)

SELECT tcbuffer '{Cbuffer(Point(1 1), 0.3)@2000-01-01, Cbuffer(Point(1 1), 0.5)@2000-01-02, Cbuffer(Point(1 1), 0.5)@2000-01-03}' #<> tcbuffer 'Cbuffer(Point(1 1), 0.5)@2000-01-01';
            ?column?            
--------------------------------
 t@Sat Jan 01 00:00:00 2000 PST
(1 row)

SELECT tcbuffer '{Cbuffer(Point(1 1), 0.3)@2000-01-01, Cbuffer(Point(1 1), 0.5)@2000-01-02, Cbuffer(Point(1 1), 0.5)@2000-01-03}' #<> tcbuffer '{Cbuffer(Point(1 1), 0.3)@2000-01-01, Cbuffer(Point(1 1), 0.5)@2000-01-02, Cbuffer(Point(1 1), 0.5)@2000-01-03}';
                                             ?column?                                             
--------------------------------------------------------------------------------------------------
 {f@Sat Jan 01 00:00:00 2000 PST, f@Sun Jan 02 00:00:00 2000 PST, f@Mon Jan 03 00:00:00 2000 PST}
(1 row)

SELECT tcbuffer '{Cbuffer(Point(1 1), 0.3)@2000-01-01, Cbuffer(Point(1 1), 0.5)@2000-01-02, Cbuffer(Point(1 1), 0.5)@2000-01-03}' #<> tcbuffer '[Cbuffer(Point(1 1), 0.2)@2000-01-01, Cbuffer(Point(1 1), 0.4)@2000-01-02, Cbuffer(Point(1 1), 0.5)@2000-01-03]';
                                             ?column?                                             
--------------------------------------------------------------------------------------------------
 {t@Sat Jan 01 00:00:00 2000 PST, t@Sun Jan 02 00:00:00 2000 PST, f@Mon Jan 03 00:00:00 2000 PST}
(1 row)

SELECT tcbuffer '{Cbuffer(Point(1 1), 0.3)@2000-01-01, Cbuffer(Point(1 1), 0.5)@2000-01-02, Cbuffer(Point(1 1), 0.5)@2000-01-03}' #<> tcbuffer '{[Cbuffer(Point(1 1), 0.2)@2000-01-01, Cbuffer(Point(1 1), 0.4)@2000-01-02, Cbuffer(Point(1 1), 0.5)@2000-01-03], [Cbuffer(Point(2 2), 0.6)@2000-01-04, Cbuffer(Point(2 2), 0.6)@2000-01-05]}';
                                             ?column?                                             
--------------------------------------------------------------------------------------------------
 {t@Sat Jan 01 00:00:00 2000 PST, t@Sun Jan 02 00:00:00 2000 PST, f@Mon Jan 03 00:00:00 2000 PST}
(1 row)

SELECT tcbuffer '[Cbuffer(Point(1 1), 0.2)@2000-01-01, Cbuffer(Point(1 1), 0.4)@2000-01-02, Cbuffer(Point(1 1), 0.5)@2000-01-03]' #<> tcbuffer 'Cbuffer(Point(1 1), 0.5)@2000-01-01';
            ?column?            
--------------------------------
 t@Sat Jan 01 00:00:00 2000 PST
(1 row)

SELECT tcbuffer '[Cbuffer(Point(1 1), 0.2)@2000-01-01, Cbuffer(Point(1 1), 0.4)@2000-01-02, Cbuffer(Point(1 1), 0.5)@2000-01-03]' #<> tcbuffer '{Cbuffer(Point(1 1), 0.3)@2000-01-01, Cbuffer(Point(1 1), 0.5)@2000-01-02, Cbuffer(Point(1 1), 0.5)@2000-01-03}';
                                             ?column?                                             
--------------------------------------------------------------------------------------------------
 {t@Sat Jan 01 00:00:00 2000 PST, t@Sun Jan 02 00:00:00 2000 PST, f@Mon Jan 03 00:00:00 2000 PST}
(1 row)

SELECT tcbuffer '[Cbuffer(Point(1 1), 0.2)@2000-01-01, Cbuffer(Point(1 1), 0.4)@2000-01-02, Cbuffer(Point(1 1), 0.5)@2000-01-03]' #<> tcbuffer '[Cbuffer(Point(1 1), 0.2)@2000-01-01, Cbuffer(Point(1 1), 0.4)@2000-01-02, Cbuffer(Point(1 1), 0.5)@2000-01-03]';
                             ?column?                             
------------------------------------------------------------------
 [f@Sat Jan 01 00:00:00 2000 PST, f@Mon Jan 03 00:00:00 2000 PST]
(1 row)

SELECT tcbuffer '[Cbuffer(Point(1 1), 0.2)@2000-01-01, Cbuffer(Point(1 1), 0.4)@2000-01-02, Cbuffer(Point(1 1), 0.5)@2000-01-03]' #<> tcbuffer '{[Cbuffer(Point(1 1), 0.2)@2000-01-01, Cbuffer(Point(1 1), 0.4)@2000-01-02, Cbuffer(Point(1 1), 0.5)@2000-01-03], [Cbuffer(Point(2 2), 0.6)@2000-01-04, Cbuffer(Point(2 2), 0.6)@2000-01-05]}';
                              ?column?                              
--------------------------------------------------------------------
 {[f@Sat Jan 01 00:00:00 2000 PST, f@Mon Jan 03 00:00:00 2000 PST]}
(1 row)

SELECT tcbuffer '{[Cbuffer(Point(1 1), 0.2)@2000-01-01, Cbuffer(Point(1 1), 0.4)@2000-01-02, Cbuffer(Point(1 1), 0.5)@2000-01-03], [Cbuffer(Point(2 2), 0.6)@2000-01-04, Cbuffer(Point(2 2), 0.6)@2000-01-05]}' #<> tcbuffer 'Cbuffer(Point(1 1), 0.5)@2000-01-01';
            ?column?            
--------------------------------
 t@Sat Jan 01 00:00:00 2000 PST
(1 row)

SELECT tcbuffer '{[Cbuffer(Point(1 1), 0.2)@2000-01-01, Cbuffer(Point(1 1), 0.4)@2000-01-02, Cbuffer(Point(1 1), 0.5)@2000-01-03], [Cbuffer(Point(2 2), 0.6)@2000-01-04, Cbuffer(Point(2 2), 0.6)@2000-01-05]}' #<> tcbuffer '{Cbuffer(Point(1 1), 0.3)@2000-01-01, Cbuffer(Point(1 1), 0.5)@2000-01-02, Cbuffer(Point(1 1), 0.5)@2000-01-03}';
                                             ?column?                                             
--------------------------------------------------------------------------------------------------
 {t@Sat Jan 01 00:00:00 2000 PST, t@Sun Jan 02 00:00:00 2000 PST, f@Mon Jan 03 00:00:00 2000 PST}
(1 row)

SELECT tcbuffer '{[Cbuffer(Point(1 1), 0.2)@2000-01-01, Cbuffer(Point(1 1), 0.4)@2000-01-02, Cbuffer(Point(1 1), 0.5)@2000-01-03], [Cbuffer(Point(2 2), 0.6)@2000-01-04, Cbuffer(Point(2 2), 0.6)@2000-01-05]}' #<> tcbuffer '[Cbuffer(Point(1 1), 0.2)@2000-01-01, Cbuffer(Point(1 1), 0.4)@2000-01-02, Cbuffer(Point(1 1), 0.5)@2000-01-03]';
                              ?column?                              
--------------------------------------------------------------------
 {[f@Sat Jan 01 00:00:00 2000 PST, f@Mon Jan 03 00:00:00 2000 PST]}
(1 row)

SELECT tcbuffer '{[Cbuffer(Point(1 1), 0.2)@2000-01-01, Cbuffer(Point(1 1), 0.4)@2000-01-02, Cbuffer(Point(1 1), 0.5)@2000-01-03], [Cbuffer(Point(2 2), 0.6)@2000-01-04, Cbuffer(Point(2 2), 0.6)@2000-01-05]}' #<> tcbuffer '{[Cbuffer(Point(1 1), 0.2)@2000-01-01, Cbuffer(Point(1 1), 0.4)@2000-01-02, Cbuffer(Point(1 1), 0.5)@2000-01-03], [Cbuffer(Point(2 2), 0.6)@2000-01-04, Cbuffer(Point(2 2), 0.6)@2000-01-05]}';
                                                               ?column?                                                               
--------------------------------------------------------------------------------------------------------------------------------------
 {[f@Sat Jan 01 00:00:00 2000 PST, f@Mon Jan 03 00:00:00 2000 PST], [f@Tue Jan 04 00:00:00 2000 PST, f@Wed Jan 05 00:00:00 2000 PST]}
(1 row)

