set force_parallel_mode=regress;
SET
SELECT DISTINCT SRID(temp) FROM tbl_tgeompoint;
 srid 
------
    0
(1 row)

SELECT DISTINCT SRID(temp) FROM tbl_tgeogpoint;
 srid 
------
 4326
(1 row)

SELECT DISTINCT SRID(temp) FROM tbl_tgeompoint3D;
 srid 
------
    0
(1 row)

SELECT DISTINCT SRID(temp) FROM tbl_tgeogpoint3D;
 srid 
------
 4326
(1 row)

/*
SELECT setSRID(temp,5676) FROM tbl_tgeompoint;
SELECT setSRID(temp,4326) FROM tbl_tgeogpoint;
SELECT setSRID(temp,5676) FROM tbl_tgeompoint3D;
SELECT setSRID(temp,4326) FROM tbl_tgeogpoint3D;
*/
SELECT COUNT(*) FROM tbl_tgeompoint WHERE startValue(transform(setSRID(temp, 5676), 4326)) = st_transform(st_setSRID(startValue(temp), 5676), 4326);
 count 
-------
   100
(1 row)

SELECT COUNT(*) FROM tbl_tgeompoint3D WHERE startValue(transform(setSRID(temp, 5676), 4326)) = st_transform(st_setSRID(startValue(temp), 5676), 4326);
 count 
-------
   100
(1 row)

SELECT ST_AsText(transform_gk(geometry 'Linestring empty'));
    st_astext     
------------------
 LINESTRING EMPTY
(1 row)

SELECT round(MAX(ST_X(startValue(transform_gk(temp))))::numeric, 6) FROM tbl_tgeompoint;
      round      
-----------------
 12685412.960367
(1 row)

SELECT round(MAX(ST_X(transform_gk(g)))::numeric, 6) FROM tbl_geom_point LIMIT 10;
      round      
-----------------
 15523281.670409
(1 row)

SELECT round(MAX(ST_X(ST_StartPoint(transform_gk(g))))::numeric, 6) FROM tbl_geom_linestring WHERE NOT ST_IsEmpty(g) LIMIT 10;
      round      
-----------------
 13567136.086579
(1 row)

SELECT tgeogpoint(temp) FROM tbl_tgeompoint LIMIT 10;
NOTICE:  Coordinate values were coerced into range [-180 -90, 180 90] for GEOGRAPHY
NOTICE:  Coordinate values were coerced into range [-180 -90, 180 90] for GEOGRAPHY
NOTICE:  Coordinate values were coerced into range [-180 -90, 180 90] for GEOGRAPHY
                                tgeogpoint                                 
---------------------------------------------------------------------------
 0101000020E61000000000D0B7817C3540000046622AB45440@2001-06-11 14:33:00+00
 0101000020E610000000003E85299356400000008A7D1E4B40@2001-08-11 06:38:00+00
 0101000020E61000000000D0B7817C3540000046622AB45440@2001-06-11 14:33:00+00
 0101000020E610000000003E85299356400000008A7D1E4B40@2001-08-11 06:38:00+00
 0101000020E610000000006C0CDBC9444000006808F6425040@2001-12-03 12:05:00+00
 0101000020E61000000000EC7DCCC75040000000274BE04140@2001-08-06 05:33:00+00
 0101000020E610000000008C3BAC024140000022A5D9DF5540@2001-12-03 12:05:00+00
 0101000020E61000000000008AC9664840000028AB24E54340@2001-08-06 05:33:00+00
 0101000020E61000000000A06B28DB1840000078CFBA365240@2001-05-09 14:16:00+00
 0101000020E610000000006C4D92BB4140000018C7FAF53640@2001-10-09 17:44:00+00
(10 rows)

SELECT tgeompoint(temp) FROM tbl_tgeogpoint LIMIT 10;
                                tgeompoint                                 
---------------------------------------------------------------------------
 0101000020E610000000001CC61C8A3B4000007E2CEEA64140@2001-10-16 15:01:00+00
 0101000020E61000000000A0CD090614C00000712AEFA94740@2001-02-15 16:33:00+00
 0101000020E610000000001CC61C8A3B4000007E2CEEA64140@2001-10-16 15:01:00+00
 0101000020E61000000000A0CD090614C00000712AEFA94740@2001-02-15 16:33:00+00
 0101000020E61000000000F818320C30400000AAC489684E40@2001-05-29 06:20:00+00
 0101000020E610000000002CF4799237400000F3C2C82D4640@2001-10-03 06:00:00+00
 0101000020E61000000000988F364E394000004522A6B44E40@2001-05-29 06:20:00+00
 0101000020E61000000000805B63A033400000A98DCA8D5040@2001-10-03 06:00:00+00
 0101000020E6100000000078BAE00C3E400000942579B14840@2001-04-15 09:53:00+00
 0101000020E61000000000600E98AD1CC00000D5707C284640@2001-12-09 09:19:00+00
(10 rows)

SELECT tgeogpoint(temp) FROM tbl_tgeompoint3D LIMIT 10;
NOTICE:  Coordinate values were coerced into range [-180 -90, 180 90] for GEOGRAPHY
NOTICE:  Coordinate values were coerced into range [-180 -90, 180 90] for GEOGRAPHY
                                        tgeogpoint                                         
-------------------------------------------------------------------------------------------
 01010000A0E610000000004453E6914D40000020108B4132400000C02D06D85540@2001-01-01 05:13:00+00
 01010000A0E610000000002804C5DC43400000FC220B16554000003828DE6F5040@2001-11-05 01:52:00+00
 01010000A0E610000000004453E6914D40000020108B4132400000C02D06D85540@2001-01-01 05:13:00+00
 01010000A0E610000000002804C5DC43400000FC220B16554000003828DE6F5040@2001-11-05 01:52:00+00
 01010000A0E610000000005034717141400000B0068CD138400000284C15424B40@2001-05-21 10:03:00+00
 01010000A0E61000000000AC2D7E884A400000306941C3264000004A88FD925540@2001-06-10 14:03:00+00
 01010000A0E61000000000BC726A63524000005CA7FFF8474000007C4D9A835340@2001-05-21 10:03:00+00
 01010000A0E61000000000608E62222E400000E007FF9D2B400000E0609F555540@2001-06-10 14:03:00+00
 01010000A0E61000000000D07887A328400000505C1BE84D40000044AEDCF74540@2001-07-18 13:10:00+00
 01010000A0E610000000005404A91E52400000387402D1414000007069D9784F40@2001-04-26 00:13:00+00
(10 rows)

SELECT tgeompoint(temp) FROM tbl_tgeogpoint3D LIMIT 10;
                                        tgeompoint                                         
-------------------------------------------------------------------------------------------
 01010000A0E6100000000024DA9682374000000012D7AD41400000B00959467A40@2001-06-22 10:37:00+00
 01010000A0E61000000000A8967CE83540000081F860F643400080A2589BD38540@2001-08-30 21:53:00+00
 01010000A0E6100000000024DA9682374000000012D7AD41400000B00959467A40@2001-06-22 10:37:00+00
 01010000A0E61000000000A8967CE83540000081F860F643400080A2589BD38540@2001-08-30 21:53:00+00
 01010000A0E61000000000885B6B312D400000ED0A12084E4000003F26D0318640@2001-03-25 21:59:00+00
 01010000A0E61000000000401948E40EC00000A4E7950A46400000EF6A07FB7140@2001-11-07 18:54:00+00
 01010000A0E61000000000C843043B20400000CF6D9C6F4B400000C398BA0B8A40@2001-03-25 21:59:00+00
 01010000A0E61000000000DC7CFA2D37400000BE28E08641400000AF3EC9E17B40@2001-11-07 18:54:00+00
 01010000A0E6100000000040824C6B02C00000CB9759724B400000A461C73C8E40@2001-12-23 08:21:00+00
 01010000A0E610000000003C6599203F400000C874E33051400000FABA46988140@2001-10-10 18:35:00+00
(10 rows)

SELECT temp::tgeogpoint FROM tbl_tgeompoint LIMIT 10;
NOTICE:  Coordinate values were coerced into range [-180 -90, 180 90] for GEOGRAPHY
NOTICE:  Coordinate values were coerced into range [-180 -90, 180 90] for GEOGRAPHY
NOTICE:  Coordinate values were coerced into range [-180 -90, 180 90] for GEOGRAPHY
                                   temp                                    
---------------------------------------------------------------------------
 0101000020E61000000000D0B7817C3540000046622AB45440@2001-06-11 14:33:00+00
 0101000020E610000000003E85299356400000008A7D1E4B40@2001-08-11 06:38:00+00
 0101000020E61000000000D0B7817C3540000046622AB45440@2001-06-11 14:33:00+00
 0101000020E610000000003E85299356400000008A7D1E4B40@2001-08-11 06:38:00+00
 0101000020E610000000006C0CDBC9444000006808F6425040@2001-12-03 12:05:00+00
 0101000020E61000000000EC7DCCC75040000000274BE04140@2001-08-06 05:33:00+00
 0101000020E610000000008C3BAC024140000022A5D9DF5540@2001-12-03 12:05:00+00
 0101000020E61000000000008AC9664840000028AB24E54340@2001-08-06 05:33:00+00
 0101000020E61000000000A06B28DB1840000078CFBA365240@2001-05-09 14:16:00+00
 0101000020E610000000006C4D92BB4140000018C7FAF53640@2001-10-09 17:44:00+00
(10 rows)

SELECT temp::tgeompoint FROM tbl_tgeogpoint LIMIT 10;
                                   temp                                    
---------------------------------------------------------------------------
 0101000020E610000000001CC61C8A3B4000007E2CEEA64140@2001-10-16 15:01:00+00
 0101000020E61000000000A0CD090614C00000712AEFA94740@2001-02-15 16:33:00+00
 0101000020E610000000001CC61C8A3B4000007E2CEEA64140@2001-10-16 15:01:00+00
 0101000020E61000000000A0CD090614C00000712AEFA94740@2001-02-15 16:33:00+00
 0101000020E61000000000F818320C30400000AAC489684E40@2001-05-29 06:20:00+00
 0101000020E610000000002CF4799237400000F3C2C82D4640@2001-10-03 06:00:00+00
 0101000020E61000000000988F364E394000004522A6B44E40@2001-05-29 06:20:00+00
 0101000020E61000000000805B63A033400000A98DCA8D5040@2001-10-03 06:00:00+00
 0101000020E6100000000078BAE00C3E400000942579B14840@2001-04-15 09:53:00+00
 0101000020E61000000000600E98AD1CC00000D5707C284640@2001-12-09 09:19:00+00
(10 rows)

SELECT temp::tgeogpoint FROM tbl_tgeompoint3D LIMIT 10;
NOTICE:  Coordinate values were coerced into range [-180 -90, 180 90] for GEOGRAPHY
NOTICE:  Coordinate values were coerced into range [-180 -90, 180 90] for GEOGRAPHY
                                           temp                                            
-------------------------------------------------------------------------------------------
 01010000A0E610000000004453E6914D40000020108B4132400000C02D06D85540@2001-01-01 05:13:00+00
 01010000A0E610000000002804C5DC43400000FC220B16554000003828DE6F5040@2001-11-05 01:52:00+00
 01010000A0E610000000004453E6914D40000020108B4132400000C02D06D85540@2001-01-01 05:13:00+00
 01010000A0E610000000002804C5DC43400000FC220B16554000003828DE6F5040@2001-11-05 01:52:00+00
 01010000A0E610000000005034717141400000B0068CD138400000284C15424B40@2001-05-21 10:03:00+00
 01010000A0E61000000000AC2D7E884A400000306941C3264000004A88FD925540@2001-06-10 14:03:00+00
 01010000A0E61000000000BC726A63524000005CA7FFF8474000007C4D9A835340@2001-05-21 10:03:00+00
 01010000A0E61000000000608E62222E400000E007FF9D2B400000E0609F555540@2001-06-10 14:03:00+00
 01010000A0E61000000000D07887A328400000505C1BE84D40000044AEDCF74540@2001-07-18 13:10:00+00
 01010000A0E610000000005404A91E52400000387402D1414000007069D9784F40@2001-04-26 00:13:00+00
(10 rows)

SELECT temp::tgeompoint FROM tbl_tgeogpoint3D LIMIT 10;
                                           temp                                            
-------------------------------------------------------------------------------------------
 01010000A0E6100000000024DA9682374000000012D7AD41400000B00959467A40@2001-06-22 10:37:00+00
 01010000A0E61000000000A8967CE83540000081F860F643400080A2589BD38540@2001-08-30 21:53:00+00
 01010000A0E6100000000024DA9682374000000012D7AD41400000B00959467A40@2001-06-22 10:37:00+00
 01010000A0E61000000000A8967CE83540000081F860F643400080A2589BD38540@2001-08-30 21:53:00+00
 01010000A0E61000000000885B6B312D400000ED0A12084E4000003F26D0318640@2001-03-25 21:59:00+00
 01010000A0E61000000000401948E40EC00000A4E7950A46400000EF6A07FB7140@2001-11-07 18:54:00+00
 01010000A0E61000000000C843043B20400000CF6D9C6F4B400000C398BA0B8A40@2001-03-25 21:59:00+00
 01010000A0E61000000000DC7CFA2D37400000BE28E08641400000AF3EC9E17B40@2001-11-07 18:54:00+00
 01010000A0E6100000000040824C6B02C00000CB9759724B400000A461C73C8E40@2001-12-23 08:21:00+00
 01010000A0E610000000003C6599203F400000C874E33051400000FABA46988140@2001-10-10 18:35:00+00
(10 rows)

SELECT asText(round(temp, 2)) FROM tbl_tgeompoint LIMIT 10;
                  astext                   
-------------------------------------------
 POINT(21.49 97.18)@2001-06-11 14:33:00+00
 POINT(90.3 54.24)@2001-08-11 06:38:00+00
 POINT(21.49 97.18)@2001-06-11 14:33:00+00
 POINT(90.3 54.24)@2001-08-11 06:38:00+00
 POINT(41.58 65.05)@2001-12-03 12:05:00+00
 POINT(67.12 35.75)@2001-08-06 05:33:00+00
 POINT(34.02 92.5)@2001-12-03 12:05:00+00
 POINT(48.8 39.79)@2001-08-06 05:33:00+00
 POINT(6.21 72.86)@2001-05-09 14:16:00+00
 POINT(35.47 22.96)@2001-10-09 17:44:00+00
(10 rows)

SELECT asText(round(temp, 2)) FROM tbl_tgeogpoint LIMIT 10;
                  astext                   
-------------------------------------------
 POINT(27.54 35.3)@2001-10-16 15:01:00+00
 POINT(-5.01 47.33)@2001-02-15 16:33:00+00
 POINT(27.54 35.3)@2001-10-16 15:01:00+00
 POINT(-5.01 47.33)@2001-02-15 16:33:00+00
 POINT(16.05 60.82)@2001-05-29 06:20:00+00
 POINT(23.57 44.36)@2001-10-03 06:00:00+00
 POINT(25.31 61.41)@2001-05-29 06:20:00+00
 POINT(19.63 66.22)@2001-10-03 06:00:00+00
 POINT(30.05 49.39)@2001-04-15 09:53:00+00
 POINT(-7.17 44.32)@2001-12-09 09:19:00+00
(10 rows)

SELECT asText(round(temp, 2)) FROM tbl_tgeompoint3D LIMIT 10;
                       astext                       
----------------------------------------------------
 POINT Z (59.14 18.26 87.38)@2001-01-01 05:13:00+00
 POINT Z (39.72 95.66 65.75)@2001-11-05 01:52:00+00
 POINT Z (59.14 18.26 87.38)@2001-01-01 05:13:00+00
 POINT Z (39.72 95.66 65.75)@2001-11-05 01:52:00+00
 POINT Z (34.89 24.82 54.52)@2001-05-21 10:03:00+00
 POINT Z (53.07 11.38 86.3)@2001-06-10 14:03:00+00
 POINT Z (73.55 47.95 78.06)@2001-05-21 10:03:00+00
 POINT Z (15.07 13.81 85.34)@2001-06-10 14:03:00+00
 POINT Z (12.32 59.81 43.94)@2001-07-18 13:10:00+00
 POINT Z (72.48 35.63 62.94)@2001-04-26 00:13:00+00
(10 rows)

SELECT asText(round(temp, 2)) FROM tbl_tgeogpoint3D LIMIT 10;
                       astext                        
-----------------------------------------------------
 POINT Z (23.51 35.36 420.4)@2001-06-22 10:37:00+00
 POINT Z (21.91 39.92 698.45)@2001-08-30 21:53:00+00
 POINT Z (23.51 35.36 420.4)@2001-06-22 10:37:00+00
 POINT Z (21.91 39.92 698.45)@2001-08-30 21:53:00+00
 POINT Z (14.6 60.06 710.23)@2001-03-25 21:59:00+00
 POINT Z (-3.86 44.08 287.69)@2001-11-07 18:54:00+00
 POINT Z (8.12 54.87 833.47)@2001-03-25 21:59:00+00
 POINT Z (23.18 35.05 446.11)@2001-11-07 18:54:00+00
 POINT Z (-2.3 54.89 967.6)@2001-12-23 08:21:00+00
 POINT Z (31.13 68.76 563.03)@2001-10-10 18:35:00+00
(10 rows)

SELECT round(MAX(twavg(getX(temp)))::numeric, 6) FROM tbl_tgeompoint;
   round   
-----------
 98.055514
(1 row)

SELECT round(MAX(twavg(getX(temp)))::numeric, 6) FROM tbl_tgeogpoint;
   round   
-----------
 30.050304
(1 row)

SELECT round(MAX(twavg(getY(temp)))::numeric, 6) FROM tbl_tgeompoint;
   round   
-----------
 99.507493
(1 row)

SELECT round(MAX(twavg(getY(temp)))::numeric, 6) FROM tbl_tgeogpoint;
   round   
-----------
 67.815801
(1 row)

SELECT round(MAX(twavg(getX(temp)))::numeric, 6) FROM tbl_tgeompoint3D;
   round   
-----------
 88.833620
(1 row)

SELECT round(MAX(twavg(getX(temp)))::numeric, 6) FROM tbl_tgeogpoint3D;
   round   
-----------
 31.711561
(1 row)

SELECT round(MAX(twavg(getY(temp)))::numeric, 6) FROM tbl_tgeompoint3D;
   round   
-----------
 97.438117
(1 row)

SELECT round(MAX(twavg(getY(temp)))::numeric, 6) FROM tbl_tgeogpoint3D;
   round   
-----------
 71.386957
(1 row)

SELECT round(MAX(twavg(getZ(temp)))::numeric, 6) FROM tbl_tgeompoint3D;
   round   
-----------
 97.118984
(1 row)

SELECT round(MAX(twavg(getZ(temp)))::numeric, 6) FROM tbl_tgeogpoint3D;
   round    
------------
 984.325312
(1 row)

SELECT trajectory(temp) FROM tbl_tgeompoint ORDER BY k LIMIT 10 ;
                 trajectory                 
--------------------------------------------
 01010000000000D0B7817C35400000BA9DD54B5840
 010100000000003E85299356400000008A7D1E4B40
 01010000000000D0B7817C35400000BA9DD54B5840
 010100000000003E85299356400000008A7D1E4B40
 010100000000006C0CDBC9444000006808F6425040
 01010000000000EC7DCCC75040000000274BE04140
 010100000000008C3BAC0241400000DE5A26205740
 01010000000000008AC9664840000028AB24E54340
 01010000000000A06B28DB1840000078CFBA365240
 010100000000006C4D92BB4140000018C7FAF53640
(10 rows)

SELECT trajectory(temp) FROM tbl_tgeogpoint ORDER BY k LIMIT 10 ;
                     trajectory                     
----------------------------------------------------
 0101000020E610000000001CC61C8A3B4000007E2CEEA64140
 0101000020E61000000000A0CD090614C00000712AEFA94740
 0101000020E610000000001CC61C8A3B4000007E2CEEA64140
 0101000020E61000000000A0CD090614C00000712AEFA94740
 0101000020E61000000000F818320C30400000AAC489684E40
 0101000020E610000000002CF4799237400000F3C2C82D4640
 0101000020E61000000000988F364E394000004522A6B44E40
 0101000020E61000000000805B63A033400000A98DCA8D5040
 0101000020E6100000000078BAE00C3E400000942579B14840
 0101000020E61000000000600E98AD1CC00000D5707C284640
(10 rows)

SELECT trajectory(temp) FROM tbl_tgeompoint3D ORDER BY k LIMIT 10 ;
                         trajectory                         
------------------------------------------------------------
 010100008000004453E6914D40000020108B4132400000C02D06D85540
 010100008000002804C5DC4340000004DDF4E9574000003828DE6F5040
 010100008000004453E6914D40000020108B4132400000C02D06D85540
 010100008000002804C5DC4340000004DDF4E9574000003828DE6F5040
 010100008000005034717141400000B0068CD138400000284C15424B40
 01010000800000AC2D7E884A400000306941C3264000004A88FD925540
 01010000800000BC726A63524000005CA7FFF8474000007C4D9A835340
 01010000800000608E62222E400000E007FF9D2B400000E0609F555540
 01010000800000D07887A328400000505C1BE84D40000044AEDCF74540
 010100008000005404A91E52400000387402D1414000007069D9784F40
(10 rows)

SELECT trajectory(temp) FROM tbl_tgeogpoint3D ORDER BY k LIMIT 10 ;
                             trajectory                             
--------------------------------------------------------------------
 01010000A0E6100000000024DA9682374000000012D7AD41400000B00959467A40
 01010000A0E61000000000A8967CE83540000081F860F643400080A2589BD38540
 01010000A0E6100000000024DA9682374000000012D7AD41400000B00959467A40
 01010000A0E61000000000A8967CE83540000081F860F643400080A2589BD38540
 01010000A0E61000000000885B6B312D400000ED0A12084E4000003F26D0318640
 01010000A0E61000000000401948E40EC00000A4E7950A46400000EF6A07FB7140
 01010000A0E61000000000C843043B20400000CF6D9C6F4B400000C398BA0B8A40
 01010000A0E61000000000DC7CFA2D37400000BE28E08641400000AF3EC9E17B40
 01010000A0E6100000000040824C6B02C00000CB9759724B400000A461C73C8E40
 01010000A0E610000000003C6599203F400000C874E33051400000FABA46988140
(10 rows)

SELECT round(MAX(length(temp))::numeric, 6) FROM tbl_tgeompoint;
    round    
-------------
 2517.034440
(1 row)

SELECT round(MAX(length(temp))::numeric, 6) FROM tbl_tgeompoint3D;
    round    
-------------
 2974.577302
(1 row)

SELECT COUNT(*) FROM tbl_tgeogpoint WHERE length(temp) = ST_Length(trajectory(temp));
 count 
-------
   100
(1 row)

SELECT COUNT(*) FROM tbl_tgeogpoint3D WHERE length(temp) = ST_Length(trajectory(temp));
 count 
-------
   100
(1 row)

SELECT round(MAX(maxValue(cumulativeLength(temp)))::numeric, 6) FROM tbl_tgeompoint;
    round    
-------------
 1781.066337
(1 row)

SELECT round(MAX(maxValue(cumulativeLength(temp)))::numeric, 6) FROM tbl_tgeogpoint;
      round      
-----------------
 67147405.621475
(1 row)

SELECT round(MAX(maxValue(cumulativeLength(temp)))::numeric, 6) FROM tbl_tgeompoint3D;
    round    
-------------
 2974.577302
(1 row)

SELECT round(MAX(maxValue(cumulativeLength(temp)))::numeric, 6) FROM tbl_tgeogpoint3D;
      round      
-----------------
 73304578.740012
(1 row)

SELECT round(MAX(maxValue(speed(temp)))::numeric, 6) FROM tbl_tgeompoint;
  round   
----------
 1.606515
(1 row)

SELECT round(MAX(maxValue(speed(temp)))::numeric, 6) FROM tbl_tgeompoint3D;
  round   
----------
 1.860218
(1 row)

SELECT COUNT(*) FROM tbl_tgeogpoint WHERE startValue(speed(temp)) <> 0 AND startTimestamp(temp) = startTimestamp(speed(temp))
AND abs(startValue(speed(temp)) - st_distance(startValue(temp), getValue(instantN(temp,2))) / EXTRACT(epoch FROM timestampN(temp,2) - startTimestamp(temp))) < 1e-5;
 count 
-------
    43
(1 row)

SELECT COUNT(*) FROM tbl_tgeogpoint3D WHERE startValue(speed(temp)) <> 0 AND startTimestamp(temp) = startTimestamp(speed(temp))
AND abs(startValue(speed(temp)) - st_distance(startValue(temp), getValue(instantN(temp,2))) / EXTRACT(epoch FROM timestampN(temp,2) - startTimestamp(temp))) < 1e-5;
 count 
-------
    37
(1 row)

SELECT ST_AsText(round(twcentroid(temp), 6)) FROM tbl_tgeompoint LIMIT 10;
         st_astext          
----------------------------
 POINT(21.486354 97.184913)
 POINT(90.299409 54.238206)
 POINT(21.486354 97.184913)
 POINT(90.299409 54.238206)
 POINT(41.576997 65.046267)
 POINT(67.121856 35.752293)
 POINT(34.020881 92.502341)
 POINT(48.803025 39.790182)
 POINT(6.214021 72.855152)
 POINT(35.465402 22.960858)
(10 rows)

SELECT ST_AsText(round(twcentroid(temp), 6)) FROM tbl_tgeompoint3D LIMIT 10;
                st_astext                
-----------------------------------------
 POINT Z (59.139841 18.256028 87.375377)
 POINT Z (39.724762 95.65557 65.747934)
 POINT Z (59.139841 18.256028 87.375377)
 POINT Z (39.724762 95.65557 65.747934)
 POINT Z (34.886267 24.818543 54.516275)
 POINT Z (53.066351 11.381358 86.296724)
 POINT Z (73.553372 47.945302 78.056293)
 POINT Z (15.067158 13.808586 85.337853)
 POINT Z (12.319393 59.813335 43.936422)
 POINT Z (72.479066 35.632887 62.944135)
(10 rows)

SELECT COUNT(*) FROM tbl_tgeompoint WHERE azimuth(temp) IS NOT NULL;
 count 
-------
    48
(1 row)

SELECT COUNT(*) FROM tbl_tgeompoint3D WHERE azimuth(temp) IS NOT NULL;
 count 
-------
    47
(1 row)

SELECT COUNT(*) FROM tbl_tgeogpoint WHERE azimuth(temp) IS NOT NULL;
 count 
-------
    48
(1 row)

SELECT COUNT(*) FROM tbl_tgeogpoint3D WHERE azimuth(temp) IS NOT NULL;
 count 
-------
    41
(1 row)

SELECT maxValue(round(degrees(bearing(g, temp)), 6)) FROM tbl_geom_point t1, tbl_tgeompoint t2
WHERE bearing(g, temp) IS NOT NULL ORDER BY 1 LIMIT 10;
 maxvalue 
----------
 0.009018
 0.015848
 0.052534
 0.190463
 0.289955
 0.359193
 0.416961
  0.48784
 0.835872
 0.867358
(10 rows)

SELECT maxValue(round(degrees(bearing(temp, g)), 6)) FROM tbl_tgeompoint t1, tbl_geom_point t2
WHERE bearing(temp, g) IS NOT NULL ORDER BY 1 LIMIT 10;
 maxvalue 
----------
 0.078812
 0.209797
 0.334809
  0.42836
 0.501102
 0.528077
  0.83027
 0.883466
 0.932342
 0.945449
(10 rows)

SELECT maxValue(round(degrees(bearing(t1.temp, t2.temp)), 6)) FROM tbl_tgeompoint t1, tbl_tgeompoint t2
WHERE bearing(t1.temp, t2.temp) IS NOT NULL ORDER BY 1 LIMIT 10;
 maxvalue 
----------
        0
        0
        0
        0
        0
        0
        0
        0
        0
        0
(10 rows)

SELECT maxValue(round(degrees(bearing(g, temp)), 6)) FROM tbl_geog_point t1, tbl_tgeogpoint t2
WHERE bearing(g, temp) IS NOT NULL ORDER BY 1 LIMIT 10;
 maxvalue 
----------
 0.115269
  0.13963
 0.202602
 0.235527
 0.249765
 0.334784
 0.429817
 0.553888
 0.615454
 0.660767
(10 rows)

SELECT maxValue(round(degrees(bearing(temp, g)), 6)) FROM tbl_tgeogpoint t1, tbl_geog_point t2
WHERE bearing(temp, g) IS NOT NULL ORDER BY 1 LIMIT 10;
 maxvalue 
----------
 0.004064
 0.105514
 0.132654
 0.134561
 0.202321
 0.261308
 0.336982
 0.336982
 0.593556
  0.60685
(10 rows)

SELECT maxValue(round(degrees(bearing(g, temp)), 6)) FROM tbl_geom_point3D t1, tbl_tgeompoint3D t2
WHERE bearing(g, temp) IS NOT NULL ORDER BY 1 LIMIT 10;
 maxvalue 
----------
 0.267812
 0.304557
 0.304557
 1.021946
 1.259606
 1.452458
  1.51804
 1.529286
 1.805816
 1.849261
(10 rows)

SELECT maxValue(round(degrees(bearing(temp, g)), 6)) FROM tbl_tgeompoint3D t1, tbl_geom_point3D t2
WHERE bearing(temp, g) IS NOT NULL ORDER BY 1 LIMIT 10;
 maxvalue 
----------
 0.210038
 0.219853
 0.224867
 0.236222
  0.45323
 0.470056
 0.570375
 0.586874
 0.752098
  0.81677
(10 rows)

SELECT maxValue(round(degrees(bearing(t1.temp, t2.temp)), 6)) FROM tbl_tgeompoint3D t1, tbl_tgeompoint3D t2
WHERE bearing(t1.temp, t2.temp) IS NOT NULL ORDER BY 1 LIMIT 10;
 maxvalue 
----------
        0
        0
        0
        0
        0
        0
        0
        0
        0
        0
(10 rows)

SELECT maxValue(round(degrees(bearing(g, temp)), 6)) FROM tbl_geog_point3D t1, tbl_tgeogpoint3D t2
WHERE bearing(g, temp) IS NOT NULL ORDER BY 1 LIMIT 10;
 maxvalue 
----------
 0.079562
 0.084041
 0.226365
 0.351235
 0.512867
 0.689224
 0.758698
 0.831691
 0.920679
 0.922596
(10 rows)

SELECT maxValue(round(degrees(bearing(temp, g)), 6)) FROM tbl_tgeogpoint3D t1, tbl_geog_point3D t2
WHERE bearing(temp, g) IS NOT NULL ORDER BY 1 LIMIT 10;
 maxvalue 
----------
 0.027846
 0.027846
 0.064724
 0.091037
 0.105204
 0.105335
 0.127987
 0.158826
 0.171682
 0.171682
(10 rows)

SELECT COUNT(*) FROM tbl_tgeompoint WHERE isSimple(temp);
 count 
-------
    57
(1 row)

SELECT COUNT(*) FROM tbl_tgeompoint3D WHERE isSimple(temp);
 count 
-------
    61
(1 row)

SELECT SUM(numInstants(t)) FROM tbl_tgeompoint, unnest(makeSimple(temp)) t;
 sum  
------
 1134
(1 row)

SELECT SUM(numInstants(t)) FROM tbl_tgeompoint3D, unnest(makeSimple(temp)) t;
 sum  
------
 1120
(1 row)

SELECT DISTINCT merge(makeSimple(temp)) = temp from tbl_tgeompoint;
 ?column? 
----------
 t
(1 row)

SELECT DISTINCT merge(makeSimple(temp)) = temp from tbl_tgeompoint3D;
 ?column? 
----------
 t
(1 row)

SELECT COUNT(*) FROM tbl_tgeompoint t1, tbl_geometry t2 WHERE

t1.k % 2 = 0 AND temp != merge(atGeometry(temp, g), minusGeometry(temp, g));
 count 
-------
     0
(1 row)

SELECT COUNT(*)  FROM tbl_tgeompoint t1, tbl_stbox t2 WHERE temp != merge(atStbox(temp, b), minusStbox(temp, b));
 count 
-------
     0
(1 row)

SELECT COUNT(*)  FROM tbl_tgeogpoint t1, tbl_geodstbox t2 WHERE temp != merge(atStbox(temp, b), minusStbox(temp, b));
 count 
-------
     0
(1 row)

set force_parallel_mode=off;
SET
