DROP INDEX IF EXISTS tbl_tgeompoint3D_rtree_idx;
NOTICE:  index "tbl_tgeompoint3d_rtree_idx" does not exist, skipping
DROP INDEX
DROP INDEX IF EXISTS tbl_tgeompoint3D_quadtree_idx;
NOTICE:  index "tbl_tgeompoint3d_quadtree_idx" does not exist, skipping
DROP INDEX
DROP INDEX IF EXISTS tbl_tgeompoint3D_kdtree_idx;
NOTICE:  index "tbl_tgeompoint3d_kdtree_idx" does not exist, skipping
DROP INDEX
DROP TABLE IF EXISTS test_posops3d;
NOTICE:  table "test_posops3d" does not exist, skipping
DROP TABLE
create TABLE test_posops3d(
  op CHAR(3),
  leftarg TEXT,
  rightarg TEXT,
  no_idx BIGINT,
  rtree_idx BIGINT,
  quadtree_idx BIGINT,
  kdtree_idx BIGINT
);
CREATE TABLE
INSERT INTO test_posops3d(op, leftarg, rightarg, no_idx)
SELECT '<<#', 'tstzspan', 'tgeompoint3D', COUNT(*) FROM tbl_tstzspan, tbl_tgeompoint3D WHERE p <<# temp;
INSERT 0 1
INSERT INTO test_posops3d(op, leftarg, rightarg, no_idx)
SELECT '#>>', 'tstzspan', 'tgeompoint3D', COUNT(*) FROM tbl_tstzspan, tbl_tgeompoint3D WHERE p #>> temp;
INSERT 0 1
INSERT INTO test_posops3d(op, leftarg, rightarg, no_idx)
SELECT '&<#', 'tstzspan', 'tgeompoint3D', COUNT(*) FROM tbl_tstzspan, tbl_tgeompoint3D WHERE p &<# temp;
INSERT 0 1
INSERT INTO test_posops3d(op, leftarg, rightarg, no_idx)
SELECT '#&>', 'tstzspan', 'tgeompoint3D', COUNT(*) FROM tbl_tstzspan, tbl_tgeompoint3D WHERE p #&> temp;
INSERT 0 1
INSERT INTO test_posops3d(op, leftarg, rightarg, no_idx)
SELECT '<<#', 'tstzspan', 'tgeogpoint3D', COUNT(*) FROM tbl_tstzspan, tbl_tgeogpoint3D WHERE p <<# temp;
INSERT 0 1
INSERT INTO test_posops3d(op, leftarg, rightarg, no_idx)
SELECT '#>>', 'tstzspan', 'tgeogpoint3D', COUNT(*) FROM tbl_tstzspan, tbl_tgeogpoint3D WHERE p #>> temp;
INSERT 0 1
INSERT INTO test_posops3d(op, leftarg, rightarg, no_idx)
SELECT '&<#', 'tstzspan', 'tgeogpoint3D', COUNT(*) FROM tbl_tstzspan, tbl_tgeogpoint3D WHERE p &<# temp;
INSERT 0 1
INSERT INTO test_posops3d(op, leftarg, rightarg, no_idx)
SELECT '#&>', 'tstzspan', 'tgeogpoint3D', COUNT(*) FROM tbl_tstzspan, tbl_tgeogpoint3D WHERE p #&> temp;
INSERT 0 1
INSERT INTO test_posops3d(op, leftarg, rightarg, no_idx)
SELECT '<<#', 'tgeompoint3D', 'tstzspan', COUNT(*) FROM tbl_tgeompoint3D, tbl_tstzspan WHERE temp <<# p;
INSERT 0 1
INSERT INTO test_posops3d(op, leftarg, rightarg, no_idx)
SELECT '#>>', 'tgeompoint3D', 'tstzspan', COUNT(*) FROM tbl_tgeompoint3D, tbl_tstzspan WHERE temp #>> p;
INSERT 0 1
INSERT INTO test_posops3d(op, leftarg, rightarg, no_idx)
SELECT '&<#', 'tgeompoint3D', 'tstzspan', COUNT(*) FROM tbl_tgeompoint3D, tbl_tstzspan WHERE temp &<# p;
INSERT 0 1
INSERT INTO test_posops3d(op, leftarg, rightarg, no_idx)
SELECT '#&>', 'tgeompoint3D', 'tstzspan', COUNT(*) FROM tbl_tgeompoint3D, tbl_tstzspan WHERE temp #&> p;
INSERT 0 1
INSERT INTO test_posops3d(op, leftarg, rightarg, no_idx)
SELECT '<<', 'tgeompoint3D', 'tgeompoint3D', COUNT(*) FROM tbl_tgeompoint3D t1, tbl_tgeompoint3D t2 WHERE t1.temp << t2.temp;
INSERT 0 1
INSERT INTO test_posops3d(op, leftarg, rightarg, no_idx)
SELECT '>>', 'tgeompoint3D', 'tgeompoint3D', COUNT(*) FROM tbl_tgeompoint3D t1, tbl_tgeompoint3D t2 WHERE t1.temp >> t2.temp;
INSERT 0 1
INSERT INTO test_posops3d(op, leftarg, rightarg, no_idx)
SELECT '&<', 'tgeompoint3D', 'tgeompoint3D', COUNT(*) FROM tbl_tgeompoint3D t1, tbl_tgeompoint3D t2 WHERE t1.temp &< t2.temp;
INSERT 0 1
INSERT INTO test_posops3d(op, leftarg, rightarg, no_idx)
SELECT '&>', 'tgeompoint3D', 'tgeompoint3D', COUNT(*) FROM tbl_tgeompoint3D t1, tbl_tgeompoint3D t2 WHERE t1.temp &> t2.temp;
INSERT 0 1
INSERT INTO test_posops3d(op, leftarg, rightarg, no_idx)
SELECT '<<|', 'tgeompoint3D', 'tgeompoint3D', COUNT(*) FROM tbl_tgeompoint3D t1, tbl_tgeompoint3D t2 WHERE t1.temp <<| t2.temp;
INSERT 0 1
INSERT INTO test_posops3d(op, leftarg, rightarg, no_idx)
SELECT '|>>', 'tgeompoint3D', 'tgeompoint3D', COUNT(*) FROM tbl_tgeompoint3D t1, tbl_tgeompoint3D t2 WHERE t1.temp |>> t2.temp;
INSERT 0 1
INSERT INTO test_posops3d(op, leftarg, rightarg, no_idx)
SELECT '&<|', 'tgeompoint3D', 'tgeompoint3D', COUNT(*) FROM tbl_tgeompoint3D t1, tbl_tgeompoint3D t2 WHERE t1.temp &<| t2.temp;
INSERT 0 1
INSERT INTO test_posops3d(op, leftarg, rightarg, no_idx)
SELECT '|&>', 'tgeompoint3D', 'tgeompoint3D', COUNT(*) FROM tbl_tgeompoint3D t1, tbl_tgeompoint3D t2 WHERE t1.temp |&> t2.temp;
INSERT 0 1
INSERT INTO test_posops3d(op, leftarg, rightarg, no_idx)
SELECT '<</', 'tgeompoint3D', 'tgeompoint3D', COUNT(*) FROM tbl_tgeompoint3D t1, tbl_tgeompoint3D t2 WHERE t1.temp <</ t2.temp;
INSERT 0 1
INSERT INTO test_posops3d(op, leftarg, rightarg, no_idx)
SELECT '/>>', 'tgeompoint3D', 'tgeompoint3D', COUNT(*) FROM tbl_tgeompoint3D t1, tbl_tgeompoint3D t2 WHERE t1.temp />> t2.temp;
INSERT 0 1
INSERT INTO test_posops3d(op, leftarg, rightarg, no_idx)
SELECT '&</', 'tgeompoint3D', 'tgeompoint3D', COUNT(*) FROM tbl_tgeompoint3D t1, tbl_tgeompoint3D t2 WHERE t1.temp &</ t2.temp;
INSERT 0 1
INSERT INTO test_posops3d(op, leftarg, rightarg, no_idx)
SELECT '/&>', 'tgeompoint3D', 'tgeompoint3D', COUNT(*) FROM tbl_tgeompoint3D t1, tbl_tgeompoint3D t2 WHERE t1.temp /&> t2.temp;
INSERT 0 1
INSERT INTO test_posops3d(op, leftarg, rightarg, no_idx)
SELECT '<<#', 'tgeompoint3D', 'tgeompoint3D', COUNT(*) FROM tbl_tgeompoint3D t1, tbl_tgeompoint3D t2 WHERE t1.temp <<# t2.temp;
INSERT 0 1
INSERT INTO test_posops3d(op, leftarg, rightarg, no_idx)
SELECT '#>>', 'tgeompoint3D', 'tgeompoint3D', COUNT(*) FROM tbl_tgeompoint3D t1, tbl_tgeompoint3D t2 WHERE t1.temp #>> t2.temp;
INSERT 0 1
INSERT INTO test_posops3d(op, leftarg, rightarg, no_idx)
SELECT '&<#', 'tgeompoint3D', 'tgeompoint3D', COUNT(*) FROM tbl_tgeompoint3D t1, tbl_tgeompoint3D t2 WHERE t1.temp &<# t2.temp;
INSERT 0 1
INSERT INTO test_posops3d(op, leftarg, rightarg, no_idx)
SELECT '#&>', 'tgeompoint3D', 'tgeompoint3D', COUNT(*) FROM tbl_tgeompoint3D t1, tbl_tgeompoint3D t2 WHERE t1.temp #&> t2.temp;
INSERT 0 1
INSERT INTO test_posops3d(op, leftarg, rightarg, no_idx)
SELECT '<<#', 'tgeogpoint3D', 'tstzspan', COUNT(*) FROM tbl_tgeogpoint3D, tbl_tstzspan WHERE temp <<# p;
INSERT 0 1
INSERT INTO test_posops3d(op, leftarg, rightarg, no_idx)
SELECT '#>>', 'tgeogpoint3D', 'tstzspan', COUNT(*) FROM tbl_tgeogpoint3D, tbl_tstzspan WHERE temp #>> p;
INSERT 0 1
INSERT INTO test_posops3d(op, leftarg, rightarg, no_idx)
SELECT '&<#', 'tgeogpoint3D', 'tstzspan', COUNT(*) FROM tbl_tgeogpoint3D, tbl_tstzspan WHERE temp &<# p;
INSERT 0 1
INSERT INTO test_posops3d(op, leftarg, rightarg, no_idx)
SELECT '#&>', 'tgeogpoint3D', 'tstzspan', COUNT(*) FROM tbl_tgeogpoint3D, tbl_tstzspan WHERE temp #&> p;
INSERT 0 1
CREATE INDEX tbl_tgeompoint3D_rtree_idx ON tbl_tgeompoint3D USING GIST(temp);
CREATE INDEX
UPDATE test_posops3d
SET rtree_idx = ( SELECT COUNT(*) FROM tbl_tstzspan, tbl_tgeompoint3D WHERE p <<# temp )
WHERE op = '<<#' AND leftarg = 'tstzspan' AND rightarg = 'tgeompoint3D';
UPDATE 1
UPDATE test_posops3d
SET rtree_idx = ( SELECT COUNT(*) FROM tbl_tstzspan, tbl_tgeompoint3D WHERE p #>> temp )
WHERE op = '#>>' AND leftarg = 'tstzspan' AND rightarg = 'tgeompoint3D';
UPDATE 1
UPDATE test_posops3d
SET rtree_idx = ( SELECT COUNT(*) FROM tbl_tstzspan, tbl_tgeompoint3D WHERE p &<# temp )
WHERE op = '&<#' AND leftarg = 'tstzspan' AND rightarg = 'tgeompoint3D';
UPDATE 1
UPDATE test_posops3d
SET rtree_idx = ( SELECT COUNT(*) FROM tbl_tstzspan, tbl_tgeompoint3D WHERE p #&> temp )
WHERE op = '#&>' AND leftarg = 'tstzspan' AND rightarg = 'tgeompoint3D';
UPDATE 1
UPDATE test_posops3d
SET rtree_idx = ( SELECT COUNT(*) FROM tbl_tstzspan, tbl_tgeogpoint3D WHERE p <<# temp )
WHERE op = '<<#' AND leftarg = 'tstzspan' AND rightarg = 'tgeogpoint3D';
UPDATE 1
UPDATE test_posops3d
SET rtree_idx = ( SELECT COUNT(*) FROM tbl_tstzspan, tbl_tgeogpoint3D WHERE p #>> temp )
WHERE op = '#>>' AND leftarg = 'tstzspan' AND rightarg = 'tgeogpoint3D';
UPDATE 1
UPDATE test_posops3d
SET rtree_idx = ( SELECT COUNT(*) FROM tbl_tstzspan, tbl_tgeogpoint3D WHERE p &<# temp )
WHERE op = '&<#' AND leftarg = 'tstzspan' AND rightarg = 'tgeogpoint3D';
UPDATE 1
UPDATE test_posops3d
SET rtree_idx = ( SELECT COUNT(*) FROM tbl_tstzspan, tbl_tgeogpoint3D WHERE p #&> temp )
WHERE op = '#&>' AND leftarg = 'tstzspan' AND rightarg = 'tgeogpoint3D';
UPDATE 1
UPDATE test_posops3d
SET rtree_idx = ( SELECT COUNT(*) FROM tbl_tgeompoint3D, tbl_tstzspan WHERE temp <<# p )
WHERE op = '<<#' AND leftarg = 'tgeompoint3D' AND rightarg = 'tstzspan';
UPDATE 1
UPDATE test_posops3d
SET rtree_idx = ( SELECT COUNT(*) FROM tbl_tgeompoint3D, tbl_tstzspan WHERE temp #>> p )
WHERE op = '#>>' AND leftarg = 'tgeompoint3D' AND rightarg = 'tstzspan';
UPDATE 1
UPDATE test_posops3d
SET rtree_idx = ( SELECT COUNT(*) FROM tbl_tgeompoint3D, tbl_tstzspan WHERE temp &<# p )
WHERE op = '&<#' AND leftarg = 'tgeompoint3D' AND rightarg = 'tstzspan';
UPDATE 1
UPDATE test_posops3d
SET rtree_idx = ( SELECT COUNT(*) FROM tbl_tgeompoint3D, tbl_tstzspan WHERE temp #&> p )
WHERE op = '#&>' AND leftarg = 'tgeompoint3D' AND rightarg = 'tstzspan';
UPDATE 1
UPDATE test_posops3d
SET rtree_idx = ( SELECT COUNT(*) FROM tbl_tgeompoint3D t1, tbl_tgeompoint3D t2 WHERE t1.temp << t2.temp )
WHERE op = '<<' AND leftarg = 'tgeompoint3D' AND rightarg = 'tgeompoint3D';
UPDATE 1
UPDATE test_posops3d
SET rtree_idx = ( SELECT COUNT(*) FROM tbl_tgeompoint3D t1, tbl_tgeompoint3D t2 WHERE t1.temp >> t2.temp )
WHERE op = '>>' AND leftarg = 'tgeompoint3D' AND rightarg = 'tgeompoint3D';
UPDATE 1
UPDATE test_posops3d
SET rtree_idx = ( SELECT COUNT(*) FROM tbl_tgeompoint3D t1, tbl_tgeompoint3D t2 WHERE t1.temp &< t2.temp )
WHERE op = '&<' AND leftarg = 'tgeompoint3D' AND rightarg = 'tgeompoint3D';
UPDATE 1
UPDATE test_posops3d
SET rtree_idx = ( SELECT COUNT(*) FROM tbl_tgeompoint3D t1, tbl_tgeompoint3D t2 WHERE t1.temp &> t2.temp )
WHERE op = '&>' AND leftarg = 'tgeompoint3D' AND rightarg = 'tgeompoint3D';
UPDATE 1
UPDATE test_posops3d
SET rtree_idx = ( SELECT COUNT(*) FROM tbl_tgeompoint3D t1, tbl_tgeompoint3D t2 WHERE t1.temp <<| t2.temp )
WHERE op = '<<|' AND leftarg = 'tgeompoint3D' AND rightarg = 'tgeompoint3D';
UPDATE 1
UPDATE test_posops3d
SET rtree_idx = ( SELECT COUNT(*) FROM tbl_tgeompoint3D t1, tbl_tgeompoint3D t2 WHERE t1.temp |>> t2.temp )
WHERE op = '|>>' AND leftarg = 'tgeompoint3D' AND rightarg = 'tgeompoint3D';
UPDATE 1
UPDATE test_posops3d
SET rtree_idx = ( SELECT COUNT(*) FROM tbl_tgeompoint3D t1, tbl_tgeompoint3D t2 WHERE t1.temp &<| t2.temp )
WHERE op = '&<|' AND leftarg = 'tgeompoint3D' AND rightarg = 'tgeompoint3D';
UPDATE 1
UPDATE test_posops3d
SET rtree_idx = ( SELECT COUNT(*) FROM tbl_tgeompoint3D t1, tbl_tgeompoint3D t2 WHERE t1.temp |&> t2.temp )
WHERE op = '|&>' AND leftarg = 'tgeompoint3D' AND rightarg = 'tgeompoint3D';
UPDATE 1
UPDATE test_posops3d
SET rtree_idx = ( SELECT COUNT(*) FROM tbl_tgeompoint3D t1, tbl_tgeompoint3D t2 WHERE t1.temp <</ t2.temp )
WHERE op = '<</' AND leftarg = 'tgeompoint3D' AND rightarg = 'tgeompoint3D';
UPDATE 1
UPDATE test_posops3d
SET rtree_idx = ( SELECT COUNT(*) FROM tbl_tgeompoint3D t1, tbl_tgeompoint3D t2 WHERE t1.temp />> t2.temp )
WHERE op = '/>>' AND leftarg = 'tgeompoint3D' AND rightarg = 'tgeompoint3D';
UPDATE 1
UPDATE test_posops3d
SET rtree_idx = ( SELECT COUNT(*) FROM tbl_tgeompoint3D t1, tbl_tgeompoint3D t2 WHERE t1.temp &</ t2.temp )
WHERE op = '&</' AND leftarg = 'tgeompoint3D' AND rightarg = 'tgeompoint3D';
UPDATE 1
UPDATE test_posops3d
SET rtree_idx = ( SELECT COUNT(*) FROM tbl_tgeompoint3D t1, tbl_tgeompoint3D t2 WHERE t1.temp /&> t2.temp )
WHERE op = '/&>' AND leftarg = 'tgeompoint3D' AND rightarg = 'tgeompoint3D';
UPDATE 1
UPDATE test_posops3d
SET rtree_idx = ( SELECT COUNT(*) FROM tbl_tgeompoint3D t1, tbl_tgeompoint3D t2 WHERE t1.temp <<# t2.temp )
WHERE op = '<<#' AND leftarg = 'tgeompoint3D' AND rightarg = 'tgeompoint3D';
UPDATE 1
UPDATE test_posops3d
SET rtree_idx = ( SELECT COUNT(*) FROM tbl_tgeompoint3D t1, tbl_tgeompoint3D t2 WHERE t1.temp #>> t2.temp )
WHERE op = '#>>' AND leftarg = 'tgeompoint3D' AND rightarg = 'tgeompoint3D';
UPDATE 1
UPDATE test_posops3d
SET rtree_idx = ( SELECT COUNT(*) FROM tbl_tgeompoint3D t1, tbl_tgeompoint3D t2 WHERE t1.temp &<# t2.temp )
WHERE op = '&<#' AND leftarg = 'tgeompoint3D' AND rightarg = 'tgeompoint3D';
UPDATE 1
UPDATE test_posops3d
SET rtree_idx = ( SELECT COUNT(*) FROM tbl_tgeompoint3D t1, tbl_tgeompoint3D t2 WHERE t1.temp #&> t2.temp )
WHERE op = '#&>' AND leftarg = 'tgeompoint3D' AND rightarg = 'tgeompoint3D';
UPDATE 1
UPDATE test_posops3d
SET rtree_idx = ( SELECT COUNT(*) FROM tbl_tgeogpoint3D, tbl_tstzspan WHERE temp <<# p )
WHERE op = '<<#' AND leftarg = 'tgeogpoint3D' AND rightarg = 'tstzspan';
UPDATE 1
UPDATE test_posops3d
SET rtree_idx = ( SELECT COUNT(*) FROM tbl_tgeogpoint3D, tbl_tstzspan WHERE temp #>> p )
WHERE op = '#>>' AND leftarg = 'tgeogpoint3D' AND rightarg = 'tstzspan';
UPDATE 1
UPDATE test_posops3d
SET rtree_idx = ( SELECT COUNT(*) FROM tbl_tgeogpoint3D, tbl_tstzspan WHERE temp &<# p )
WHERE op = '&<#' AND leftarg = 'tgeogpoint3D' AND rightarg = 'tstzspan';
UPDATE 1
UPDATE test_posops3d
SET rtree_idx = ( SELECT COUNT(*) FROM tbl_tgeogpoint3D, tbl_tstzspan WHERE temp #&> p )
WHERE op = '#&>' AND leftarg = 'tgeogpoint3D' AND rightarg = 'tstzspan';
UPDATE 1
DROP INDEX tbl_tgeompoint3D_rtree_idx;
DROP INDEX
CREATE INDEX tbl_tgeompoint3D_quadtree_idx ON tbl_tgeompoint3D USING SPGIST(temp);
CREATE INDEX
UPDATE test_posops3d
SET quadtree_idx = ( SELECT COUNT(*) FROM tbl_tstzspan, tbl_tgeompoint3D WHERE p <<# temp )
WHERE op = '<<#' AND leftarg = 'tstzspan' AND rightarg = 'tgeompoint3D';
UPDATE 1
UPDATE test_posops3d
SET quadtree_idx = ( SELECT COUNT(*) FROM tbl_tstzspan, tbl_tgeompoint3D WHERE p #>> temp )
WHERE op = '#>>' AND leftarg = 'tstzspan' AND rightarg = 'tgeompoint3D';
UPDATE 1
UPDATE test_posops3d
SET quadtree_idx = ( SELECT COUNT(*) FROM tbl_tstzspan, tbl_tgeompoint3D WHERE p &<# temp )
WHERE op = '&<#' AND leftarg = 'tstzspan' AND rightarg = 'tgeompoint3D';
UPDATE 1
UPDATE test_posops3d
SET quadtree_idx = ( SELECT COUNT(*) FROM tbl_tstzspan, tbl_tgeompoint3D WHERE p #&> temp )
WHERE op = '#&>' AND leftarg = 'tstzspan' AND rightarg = 'tgeompoint3D';
UPDATE 1
UPDATE test_posops3d
SET quadtree_idx = ( SELECT COUNT(*) FROM tbl_tstzspan, tbl_tgeogpoint3D WHERE p <<# temp )
WHERE op = '<<#' AND leftarg = 'tstzspan' AND rightarg = 'tgeogpoint3D';
UPDATE 1
UPDATE test_posops3d
SET quadtree_idx = ( SELECT COUNT(*) FROM tbl_tstzspan, tbl_tgeogpoint3D WHERE p #>> temp )
WHERE op = '#>>' AND leftarg = 'tstzspan' AND rightarg = 'tgeogpoint3D';
UPDATE 1
UPDATE test_posops3d
SET quadtree_idx = ( SELECT COUNT(*) FROM tbl_tstzspan, tbl_tgeogpoint3D WHERE p &<# temp )
WHERE op = '&<#' AND leftarg = 'tstzspan' AND rightarg = 'tgeogpoint3D';
UPDATE 1
UPDATE test_posops3d
SET quadtree_idx = ( SELECT COUNT(*) FROM tbl_tstzspan, tbl_tgeogpoint3D WHERE p #&> temp )
WHERE op = '#&>' AND leftarg = 'tstzspan' AND rightarg = 'tgeogpoint3D';
UPDATE 1
UPDATE test_posops3d
SET quadtree_idx = ( SELECT COUNT(*) FROM tbl_tgeompoint3D, tbl_tstzspan WHERE temp <<# p )
WHERE op = '<<#' AND leftarg = 'tgeompoint3D' AND rightarg = 'tstzspan';
UPDATE 1
UPDATE test_posops3d
SET quadtree_idx = ( SELECT COUNT(*) FROM tbl_tgeompoint3D, tbl_tstzspan WHERE temp #>> p )
WHERE op = '#>>' AND leftarg = 'tgeompoint3D' AND rightarg = 'tstzspan';
UPDATE 1
UPDATE test_posops3d
SET quadtree_idx = ( SELECT COUNT(*) FROM tbl_tgeompoint3D, tbl_tstzspan WHERE temp &<# p )
WHERE op = '&<#' AND leftarg = 'tgeompoint3D' AND rightarg = 'tstzspan';
UPDATE 1
UPDATE test_posops3d
SET quadtree_idx = ( SELECT COUNT(*) FROM tbl_tgeompoint3D, tbl_tstzspan WHERE temp #&> p )
WHERE op = '#&>' AND leftarg = 'tgeompoint3D' AND rightarg = 'tstzspan';
UPDATE 1
UPDATE test_posops3d
SET quadtree_idx = ( SELECT COUNT(*) FROM tbl_tgeompoint3D t1, tbl_tgeompoint3D t2 WHERE t1.temp << t2.temp )
WHERE op = '<<' AND leftarg = 'tgeompoint3D' AND rightarg = 'tgeompoint3D';
UPDATE 1
UPDATE test_posops3d
SET quadtree_idx = ( SELECT COUNT(*) FROM tbl_tgeompoint3D t1, tbl_tgeompoint3D t2 WHERE t1.temp >> t2.temp )
WHERE op = '>>' AND leftarg = 'tgeompoint3D' AND rightarg = 'tgeompoint3D';
UPDATE 1
UPDATE test_posops3d
SET quadtree_idx = ( SELECT COUNT(*) FROM tbl_tgeompoint3D t1, tbl_tgeompoint3D t2 WHERE t1.temp &< t2.temp )
WHERE op = '&<' AND leftarg = 'tgeompoint3D' AND rightarg = 'tgeompoint3D';
UPDATE 1
UPDATE test_posops3d
SET quadtree_idx = ( SELECT COUNT(*) FROM tbl_tgeompoint3D t1, tbl_tgeompoint3D t2 WHERE t1.temp &> t2.temp )
WHERE op = '&>' AND leftarg = 'tgeompoint3D' AND rightarg = 'tgeompoint3D';
UPDATE 1
UPDATE test_posops3d
SET quadtree_idx = ( SELECT COUNT(*) FROM tbl_tgeompoint3D t1, tbl_tgeompoint3D t2 WHERE t1.temp <<| t2.temp )
WHERE op = '<<|' AND leftarg = 'tgeompoint3D' AND rightarg = 'tgeompoint3D';
UPDATE 1
UPDATE test_posops3d
SET quadtree_idx = ( SELECT COUNT(*) FROM tbl_tgeompoint3D t1, tbl_tgeompoint3D t2 WHERE t1.temp |>> t2.temp )
WHERE op = '|>>' AND leftarg = 'tgeompoint3D' AND rightarg = 'tgeompoint3D';
UPDATE 1
UPDATE test_posops3d
SET quadtree_idx = ( SELECT COUNT(*) FROM tbl_tgeompoint3D t1, tbl_tgeompoint3D t2 WHERE t1.temp &<| t2.temp )
WHERE op = '&<|' AND leftarg = 'tgeompoint3D' AND rightarg = 'tgeompoint3D';
UPDATE 1
UPDATE test_posops3d
SET quadtree_idx = ( SELECT COUNT(*) FROM tbl_tgeompoint3D t1, tbl_tgeompoint3D t2 WHERE t1.temp |&> t2.temp )
WHERE op = '|&>' AND leftarg = 'tgeompoint3D' AND rightarg = 'tgeompoint3D';
UPDATE 1
UPDATE test_posops3d
SET quadtree_idx = ( SELECT COUNT(*) FROM tbl_tgeompoint3D t1, tbl_tgeompoint3D t2 WHERE t1.temp <</ t2.temp )
WHERE op = '<</' AND leftarg = 'tgeompoint3D' AND rightarg = 'tgeompoint3D';
UPDATE 1
UPDATE test_posops3d
SET quadtree_idx = ( SELECT COUNT(*) FROM tbl_tgeompoint3D t1, tbl_tgeompoint3D t2 WHERE t1.temp />> t2.temp )
WHERE op = '/>>' AND leftarg = 'tgeompoint3D' AND rightarg = 'tgeompoint3D';
UPDATE 1
UPDATE test_posops3d
SET quadtree_idx = ( SELECT COUNT(*) FROM tbl_tgeompoint3D t1, tbl_tgeompoint3D t2 WHERE t1.temp &</ t2.temp )
WHERE op = '&</' AND leftarg = 'tgeompoint3D' AND rightarg = 'tgeompoint3D';
UPDATE 1
UPDATE test_posops3d
SET quadtree_idx = ( SELECT COUNT(*) FROM tbl_tgeompoint3D t1, tbl_tgeompoint3D t2 WHERE t1.temp /&> t2.temp )
WHERE op = '/&>' AND leftarg = 'tgeompoint3D' AND rightarg = 'tgeompoint3D';
UPDATE 1
UPDATE test_posops3d
SET quadtree_idx = ( SELECT COUNT(*) FROM tbl_tgeompoint3D t1, tbl_tgeompoint3D t2 WHERE t1.temp <<# t2.temp )
WHERE op = '<<#' AND leftarg = 'tgeompoint3D' AND rightarg = 'tgeompoint3D';
UPDATE 1
UPDATE test_posops3d
SET quadtree_idx = ( SELECT COUNT(*) FROM tbl_tgeompoint3D t1, tbl_tgeompoint3D t2 WHERE t1.temp #>> t2.temp )
WHERE op = '#>>' AND leftarg = 'tgeompoint3D' AND rightarg = 'tgeompoint3D';
UPDATE 1
UPDATE test_posops3d
SET quadtree_idx = ( SELECT COUNT(*) FROM tbl_tgeompoint3D t1, tbl_tgeompoint3D t2 WHERE t1.temp &<# t2.temp )
WHERE op = '&<#' AND leftarg = 'tgeompoint3D' AND rightarg = 'tgeompoint3D';
UPDATE 1
UPDATE test_posops3d
SET quadtree_idx = ( SELECT COUNT(*) FROM tbl_tgeompoint3D t1, tbl_tgeompoint3D t2 WHERE t1.temp #&> t2.temp )
WHERE op = '#&>' AND leftarg = 'tgeompoint3D' AND rightarg = 'tgeompoint3D';
UPDATE 1
UPDATE test_posops3d
SET quadtree_idx = ( SELECT COUNT(*) FROM tbl_tgeogpoint3D, tbl_tstzspan WHERE temp <<# p )
WHERE op = '<<#' AND leftarg = 'tgeogpoint3D' AND rightarg = 'tstzspan';
UPDATE 1
UPDATE test_posops3d
SET quadtree_idx = ( SELECT COUNT(*) FROM tbl_tgeogpoint3D, tbl_tstzspan WHERE temp #>> p )
WHERE op = '#>>' AND leftarg = 'tgeogpoint3D' AND rightarg = 'tstzspan';
UPDATE 1
UPDATE test_posops3d
SET quadtree_idx = ( SELECT COUNT(*) FROM tbl_tgeogpoint3D, tbl_tstzspan WHERE temp &<# p )
WHERE op = '&<#' AND leftarg = 'tgeogpoint3D' AND rightarg = 'tstzspan';
UPDATE 1
UPDATE test_posops3d
SET quadtree_idx = ( SELECT COUNT(*) FROM tbl_tgeogpoint3D, tbl_tstzspan WHERE temp #&> p )
WHERE op = '#&>' AND leftarg = 'tgeogpoint3D' AND rightarg = 'tstzspan';
UPDATE 1
DROP INDEX tbl_tgeompoint3D_quadtree_idx;
DROP INDEX
DROP INDEX tbl_tgeompoint3D_rtree_idx;
ERROR:  index "tbl_tgeompoint3d_rtree_idx" does not exist
CREATE INDEX tbl_tgeompoint3D_kdtree_idx ON tbl_tgeompoint3D USING SPGIST(temp tgeompoint_kdtree_ops);
CREATE INDEX
UPDATE test_posops3d
SET kdtree_idx = ( SELECT COUNT(*) FROM tbl_tstzspan, tbl_tgeompoint3D WHERE p <<# temp )
WHERE op = '<<#' AND leftarg = 'tstzspan' AND rightarg = 'tgeompoint3D';
UPDATE 1
UPDATE test_posops3d
SET kdtree_idx = ( SELECT COUNT(*) FROM tbl_tstzspan, tbl_tgeompoint3D WHERE p #>> temp )
WHERE op = '#>>' AND leftarg = 'tstzspan' AND rightarg = 'tgeompoint3D';
UPDATE 1
UPDATE test_posops3d
SET kdtree_idx = ( SELECT COUNT(*) FROM tbl_tstzspan, tbl_tgeompoint3D WHERE p &<# temp )
WHERE op = '&<#' AND leftarg = 'tstzspan' AND rightarg = 'tgeompoint3D';
UPDATE 1
UPDATE test_posops3d
SET kdtree_idx = ( SELECT COUNT(*) FROM tbl_tstzspan, tbl_tgeompoint3D WHERE p #&> temp )
WHERE op = '#&>' AND leftarg = 'tstzspan' AND rightarg = 'tgeompoint3D';
UPDATE 1
UPDATE test_posops3d
SET kdtree_idx = ( SELECT COUNT(*) FROM tbl_tstzspan, tbl_tgeogpoint3D WHERE p <<# temp )
WHERE op = '<<#' AND leftarg = 'tstzspan' AND rightarg = 'tgeogpoint3D';
UPDATE 1
UPDATE test_posops3d
SET kdtree_idx = ( SELECT COUNT(*) FROM tbl_tstzspan, tbl_tgeogpoint3D WHERE p #>> temp )
WHERE op = '#>>' AND leftarg = 'tstzspan' AND rightarg = 'tgeogpoint3D';
UPDATE 1
UPDATE test_posops3d
SET kdtree_idx = ( SELECT COUNT(*) FROM tbl_tstzspan, tbl_tgeogpoint3D WHERE p &<# temp )
WHERE op = '&<#' AND leftarg = 'tstzspan' AND rightarg = 'tgeogpoint3D';
UPDATE 1
UPDATE test_posops3d
SET kdtree_idx = ( SELECT COUNT(*) FROM tbl_tstzspan, tbl_tgeogpoint3D WHERE p #&> temp )
WHERE op = '#&>' AND leftarg = 'tstzspan' AND rightarg = 'tgeogpoint3D';
UPDATE 1
UPDATE test_posops3d
SET kdtree_idx = ( SELECT COUNT(*) FROM tbl_tgeompoint3D, tbl_tstzspan WHERE temp <<# p )
WHERE op = '<<#' AND leftarg = 'tgeompoint3D' AND rightarg = 'tstzspan';
UPDATE 1
UPDATE test_posops3d
SET kdtree_idx = ( SELECT COUNT(*) FROM tbl_tgeompoint3D, tbl_tstzspan WHERE temp #>> p )
WHERE op = '#>>' AND leftarg = 'tgeompoint3D' AND rightarg = 'tstzspan';
UPDATE 1
UPDATE test_posops3d
SET kdtree_idx = ( SELECT COUNT(*) FROM tbl_tgeompoint3D, tbl_tstzspan WHERE temp &<# p )
WHERE op = '&<#' AND leftarg = 'tgeompoint3D' AND rightarg = 'tstzspan';
UPDATE 1
UPDATE test_posops3d
SET kdtree_idx = ( SELECT COUNT(*) FROM tbl_tgeompoint3D, tbl_tstzspan WHERE temp #&> p )
WHERE op = '#&>' AND leftarg = 'tgeompoint3D' AND rightarg = 'tstzspan';
UPDATE 1
UPDATE test_posops3d
SET kdtree_idx = ( SELECT COUNT(*) FROM tbl_tgeompoint3D t1, tbl_tgeompoint3D t2 WHERE t1.temp << t2.temp )
WHERE op = '<<' AND leftarg = 'tgeompoint3D' AND rightarg = 'tgeompoint3D';
UPDATE 1
UPDATE test_posops3d
SET kdtree_idx = ( SELECT COUNT(*) FROM tbl_tgeompoint3D t1, tbl_tgeompoint3D t2 WHERE t1.temp >> t2.temp )
WHERE op = '>>' AND leftarg = 'tgeompoint3D' AND rightarg = 'tgeompoint3D';
UPDATE 1
UPDATE test_posops3d
SET kdtree_idx = ( SELECT COUNT(*) FROM tbl_tgeompoint3D t1, tbl_tgeompoint3D t2 WHERE t1.temp &< t2.temp )
WHERE op = '&<' AND leftarg = 'tgeompoint3D' AND rightarg = 'tgeompoint3D';
UPDATE 1
UPDATE test_posops3d
SET kdtree_idx = ( SELECT COUNT(*) FROM tbl_tgeompoint3D t1, tbl_tgeompoint3D t2 WHERE t1.temp &> t2.temp )
WHERE op = '&>' AND leftarg = 'tgeompoint3D' AND rightarg = 'tgeompoint3D';
UPDATE 1
UPDATE test_posops3d
SET kdtree_idx = ( SELECT COUNT(*) FROM tbl_tgeompoint3D t1, tbl_tgeompoint3D t2 WHERE t1.temp <<| t2.temp )
WHERE op = '<<|' AND leftarg = 'tgeompoint3D' AND rightarg = 'tgeompoint3D';
UPDATE 1
UPDATE test_posops3d
SET kdtree_idx = ( SELECT COUNT(*) FROM tbl_tgeompoint3D t1, tbl_tgeompoint3D t2 WHERE t1.temp |>> t2.temp )
WHERE op = '|>>' AND leftarg = 'tgeompoint3D' AND rightarg = 'tgeompoint3D';
UPDATE 1
UPDATE test_posops3d
SET kdtree_idx = ( SELECT COUNT(*) FROM tbl_tgeompoint3D t1, tbl_tgeompoint3D t2 WHERE t1.temp &<| t2.temp )
WHERE op = '&<|' AND leftarg = 'tgeompoint3D' AND rightarg = 'tgeompoint3D';
UPDATE 1
UPDATE test_posops3d
SET kdtree_idx = ( SELECT COUNT(*) FROM tbl_tgeompoint3D t1, tbl_tgeompoint3D t2 WHERE t1.temp |&> t2.temp )
WHERE op = '|&>' AND leftarg = 'tgeompoint3D' AND rightarg = 'tgeompoint3D';
UPDATE 1
UPDATE test_posops3d
SET kdtree_idx = ( SELECT COUNT(*) FROM tbl_tgeompoint3D t1, tbl_tgeompoint3D t2 WHERE t1.temp <</ t2.temp )
WHERE op = '<</' AND leftarg = 'tgeompoint3D' AND rightarg = 'tgeompoint3D';
UPDATE 1
UPDATE test_posops3d
SET kdtree_idx = ( SELECT COUNT(*) FROM tbl_tgeompoint3D t1, tbl_tgeompoint3D t2 WHERE t1.temp />> t2.temp )
WHERE op = '/>>' AND leftarg = 'tgeompoint3D' AND rightarg = 'tgeompoint3D';
UPDATE 1
UPDATE test_posops3d
SET kdtree_idx = ( SELECT COUNT(*) FROM tbl_tgeompoint3D t1, tbl_tgeompoint3D t2 WHERE t1.temp &</ t2.temp )
WHERE op = '&</' AND leftarg = 'tgeompoint3D' AND rightarg = 'tgeompoint3D';
UPDATE 1
UPDATE test_posops3d
SET kdtree_idx = ( SELECT COUNT(*) FROM tbl_tgeompoint3D t1, tbl_tgeompoint3D t2 WHERE t1.temp /&> t2.temp )
WHERE op = '/&>' AND leftarg = 'tgeompoint3D' AND rightarg = 'tgeompoint3D';
UPDATE 1
UPDATE test_posops3d
SET kdtree_idx = ( SELECT COUNT(*) FROM tbl_tgeompoint3D t1, tbl_tgeompoint3D t2 WHERE t1.temp <<# t2.temp )
WHERE op = '<<#' AND leftarg = 'tgeompoint3D' AND rightarg = 'tgeompoint3D';
UPDATE 1
UPDATE test_posops3d
SET kdtree_idx = ( SELECT COUNT(*) FROM tbl_tgeompoint3D t1, tbl_tgeompoint3D t2 WHERE t1.temp #>> t2.temp )
WHERE op = '#>>' AND leftarg = 'tgeompoint3D' AND rightarg = 'tgeompoint3D';
UPDATE 1
UPDATE test_posops3d
SET kdtree_idx = ( SELECT COUNT(*) FROM tbl_tgeompoint3D t1, tbl_tgeompoint3D t2 WHERE t1.temp &<# t2.temp )
WHERE op = '&<#' AND leftarg = 'tgeompoint3D' AND rightarg = 'tgeompoint3D';
UPDATE 1
UPDATE test_posops3d
SET kdtree_idx = ( SELECT COUNT(*) FROM tbl_tgeompoint3D t1, tbl_tgeompoint3D t2 WHERE t1.temp #&> t2.temp )
WHERE op = '#&>' AND leftarg = 'tgeompoint3D' AND rightarg = 'tgeompoint3D';
UPDATE 1
UPDATE test_posops3d
SET kdtree_idx = ( SELECT COUNT(*) FROM tbl_tgeogpoint3D, tbl_tstzspan WHERE temp <<# p )
WHERE op = '<<#' AND leftarg = 'tgeogpoint3D' AND rightarg = 'tstzspan';
UPDATE 1
UPDATE test_posops3d
SET kdtree_idx = ( SELECT COUNT(*) FROM tbl_tgeogpoint3D, tbl_tstzspan WHERE temp #>> p )
WHERE op = '#>>' AND leftarg = 'tgeogpoint3D' AND rightarg = 'tstzspan';
UPDATE 1
UPDATE test_posops3d
SET kdtree_idx = ( SELECT COUNT(*) FROM tbl_tgeogpoint3D, tbl_tstzspan WHERE temp &<# p )
WHERE op = '&<#' AND leftarg = 'tgeogpoint3D' AND rightarg = 'tstzspan';
UPDATE 1
UPDATE test_posops3d
SET kdtree_idx = ( SELECT COUNT(*) FROM tbl_tgeogpoint3D, tbl_tstzspan WHERE temp #&> p )
WHERE op = '#&>' AND leftarg = 'tgeogpoint3D' AND rightarg = 'tstzspan';
UPDATE 1
DROP INDEX tbl_tgeompoint3D_kdtree_idx;
DROP INDEX
SELECT * FROM test_posops3d
WHERE no_idx <> rtree_idx OR no_idx <> quadtree_idx OR no_idx <> kdtree_idx OR
  no_idx IS NULL OR rtree_idx IS NULL OR quadtree_idx IS NULL OR kdtree_idx IS NULL
ORDER BY op, leftarg, rightarg;
 op | leftarg | rightarg | no_idx | rtree_idx | quadtree_idx | kdtree_idx 
----+---------+----------+--------+-----------+--------------+------------
(0 rows)

DROP TABLE test_posops3d;
DROP TABLE
