SELECT asText(tcentroid(temp)) FROM (VALUES
(NULL::tgeompoint),('Point(1 1)@2000-01-01'::tgeompoint),(NULL::tgeompoint)) t(temp);
               astext                
-------------------------------------
 {POINT(1 1)@2000-01-01 00:00:00+00}
(1 row)

SELECT asText(tcentroid(temp)) FROM (VALUES
  (tgeompoint '[Point(1 1)@2000-01-01, Point(2 2)@2000-01-02)'),
  (tgeompoint '[Point(3 3)@2000-01-03, Point(4 4)@2000-01-04)'),
  (tgeompoint '[Point(2 2)@2000-01-02, Point(3 3)@2000-01-03)')) t(temp);
                                  astext                                  
--------------------------------------------------------------------------
 {[POINT(1 1)@2000-01-01 00:00:00+00, POINT(4 4)@2000-01-04 00:00:00+00)}
(1 row)

SELECT asText(tcentroid(temp)) FROM (VALUES
  (tgeompoint '[Point(1 1 1)@2000-01-01, Point(2 2 2)@2000-01-02)'),
  (tgeompoint '[Point(3 3 3)@2000-01-03, Point(4 4 4)@2000-01-04)'),
  (tgeompoint '[Point(2 2 2)@2000-01-02, Point(3 3 3)@2000-01-03)')) t(temp);
                                       astext                                       
------------------------------------------------------------------------------------
 {[POINT Z (1 1 1)@2000-01-01 00:00:00+00, POINT Z (4 4 4)@2000-01-04 00:00:00+00)}
(1 row)

/* Errors */
SELECT asText(tcentroid(temp)) FROM (VALUES
  (tgeompoint 'Point(0 0)@2000-01-01'),
  (tgeompoint 'srid=5676;Point(1 1)@2000-01-01'),
  ('Point(2 2)@2000-01-01')) t(temp);
ERROR:  Geometries must have the same SRID for temporal aggregation
SELECT asText(tcentroid(temp)) FROM (VALUES
  (tgeompoint 'Point(0 0)@2000-01-01'),
  (tgeompoint 'Point(1 1)@2000-01-01'),
  ('Point(2 2 2)@2000-01-01')) t(temp);
ERROR:  Geometries must have the same dimensionality for temporal aggregation
SELECT asText(tcentroid(temp)) FROM (VALUES
  (tgeompoint 'Point(0 0)@2000-01-01'),
  (tgeompoint '{Point(1 1)@2000-01-01, Point(2 2)@2000-01-02}'),
  ('Point(2 2 2)@2000-01-01')) t(temp);
ERROR:  Geometries must have the same dimensionality for temporal aggregation
SELECT asText(tcentroid(temp)) FROM (VALUES
  (tgeompoint 'Point(0 0)@2000-01-01'),
  (tgeompoint '[Point(1 1)@2000-01-01, Point(2 2)@2000-01-02]'),
  ('Point(2 2 2)@2000-01-01')) t(temp);
ERROR:  Cannot aggregate temporal values of different type
SELECT asText(tcentroid(temp)) FROM (VALUES
  (tgeompoint '[Point(0 0)@2000-01-01]'),
  (tgeompoint 'Interp=Step;[Point(1 1)@2000-01-01, Point(2 2)@2000-01-02]'),
  ('Point(2 2 2)@2000-01-01')) t(temp);
ERROR:  Cannot aggregate temporal values of different interpolation
SELECT extent(temp) FROM (VALUES
(NULL::tgeompoint),('Point(1 1)@2000-01-01'::tgeompoint),(NULL::tgeompoint)) t(temp);
                                  extent                                  
--------------------------------------------------------------------------
 STBOX XT(((1,1),(1,1)),[2000-01-01 00:00:00+00, 2000-01-01 00:00:00+00])
(1 row)

SELECT extent(temp) FROM (VALUES
  (tgeompoint '[Point(1 1)@2000-01-01, Point(2 2)@2000-01-02)'),
  (tgeompoint '[Point(3 3)@2000-01-03, Point(4 4)@2000-01-04)'),
  (tgeompoint '[Point(2 2)@2000-01-02, Point(3 3)@2000-01-03)')) t(temp);
                                  extent                                  
--------------------------------------------------------------------------
 STBOX XT(((1,1),(4,4)),[2000-01-01 00:00:00+00, 2000-01-04 00:00:00+00))
(1 row)

SELECT round(extent(temp), 13) FROM (VALUES
  (tgeogpoint '[Point(1 1 1)@2000-01-01, Point(2 2 2)@2000-01-02)'),
  (tgeogpoint '[Point(3 3 3)@2000-01-03, Point(4 4 4)@2000-01-04)'),
  (tgeogpoint '[Point(2 2 2)@2000-01-02, Point(3 3 3)@2000-01-03)')) t(temp);
                                                                                    round                                                                                     
------------------------------------------------------------------------------------------------------------------------------------------------------------------------------
 SRID=4326;GEODSTBOX ZT(((0.9951340343708,0.0174497483513,0.0174524064373),(0.9996954135095,0.06958655048,0.0697564737441)),[2000-01-01 00:00:00+00, 2000-01-04 00:00:00+00))
(1 row)

/* Errors */
SELECT extent(temp) FROM (VALUES
  (tgeompoint 'Point(1 1 1)@2000-01-01'),
  (tgeompoint 'Point(1 1)@2000-01-01')) t(temp);
ERROR:  The arguments must be of the same dimensionality
WITH temp(inst) AS (
  SELECT tgeompoint 'Point(1 1)@2000-01-01' UNION
  SELECT tgeompoint 'Point(2 2)@2000-01-02' UNION
  SELECT tgeompoint 'Point(3 3)@2000-01-03' UNION
  SELECT tgeompoint 'Point(4 4)@2000-01-04' UNION
  SELECT tgeompoint 'Point(5 5)@2000-01-05'  )
SELECT asText(appendInstant(inst ORDER BY inst)) FROM temp;
                                 astext                                 
------------------------------------------------------------------------
 [POINT(1 1)@2000-01-01 00:00:00+00, POINT(5 5)@2000-01-05 00:00:00+00]
(1 row)

WITH temp(inst) AS (
  SELECT tgeompoint 'Point(1 1)@2000-01-01' UNION
  SELECT tgeompoint 'Point(1 1)@2000-01-01' UNION
  SELECT tgeompoint 'Point(2 2)@2000-01-02' UNION
  SELECT tgeompoint 'Point(2 2)@2000-01-02' UNION
  SELECT tgeompoint 'Point(3 3)@2000-01-03' UNION
  SELECT tgeompoint 'Point(4 4)@2000-01-04' UNION
  SELECT tgeompoint 'Point(5 5)@2000-01-05'  )
SELECT asText(appendInstant(inst ORDER BY inst)) FROM temp;
                                 astext                                 
------------------------------------------------------------------------
 [POINT(1 1)@2000-01-01 00:00:00+00, POINT(5 5)@2000-01-05 00:00:00+00]
(1 row)

WITH temp(inst) AS (
  SELECT tgeogpoint 'Point(1 1)@2000-01-01' UNION
  SELECT tgeogpoint 'Point(2 2)@2000-01-02' UNION
  SELECT tgeogpoint 'Point(3 3)@2000-01-03' UNION
  SELECT tgeogpoint 'Point(4 4)@2000-01-04' UNION
  SELECT tgeogpoint 'Point(5 5)@2000-01-05' )
SELECT asText(appendInstant(inst ORDER BY inst)) FROM temp;
                                                                                     astext                                                                                      
---------------------------------------------------------------------------------------------------------------------------------------------------------------------------------
 [POINT(1 1)@2000-01-01 00:00:00+00, POINT(2 2)@2000-01-02 00:00:00+00, POINT(3 3)@2000-01-03 00:00:00+00, POINT(4 4)@2000-01-04 00:00:00+00, POINT(5 5)@2000-01-05 00:00:00+00]
(1 row)

WITH temp(inst) AS (
  SELECT tgeompoint_inst(ST_Point(extract(day from d)::int % 2, extract(day from d)::int % 2), d)
  FROM generate_series(timestamptz '1900-01-01', '2000-01-10', interval '1 day') AS d )
SELECT numInstants(appendInstant(inst ORDER BY inst)) FROM temp;
 numinstants 
-------------
       36534
(1 row)

/* Errors */
WITH temp(inst) AS (
  SELECT tgeompoint 'Point(1 1)@2000-01-01' UNION
  SELECT tgeompoint 'Point(2 2)@2000-01-01' UNION
  SELECT tgeompoint 'Point(2 2)@2000-01-02' UNION
  SELECT tgeompoint 'Point(2 2)@2000-01-02' UNION
  SELECT tgeompoint 'Point(3 3)@2000-01-03' UNION
  SELECT tgeompoint 'Point(4 4)@2000-01-04' UNION
  SELECT tgeompoint 'Point(5 5)@2000-01-05'  )
SELECT asText(appendInstant(inst ORDER BY inst)) FROM temp;
ERROR:  The temporal values have different value at their common timestamp 2000-01-01 00:00:00+00
WITH temp(inst) AS (
  SELECT tgeompoint 'Point(1 1)@2000-01-01' UNION
  SELECT tgeompoint 'Point(2 2)@2000-01-02' UNION
  SELECT tgeompoint 'Point(4 4)@2000-01-04' UNION
  SELECT tgeompoint 'Point(5 5)@2000-01-05' UNION
  SELECT tgeompoint 'Point(7 7)@2000-01-07' )
SELECT asText(appendInstant(inst, sqrt(2), NULL ORDER BY inst)) FROM temp;
                                                                                        astext                                                                                         
---------------------------------------------------------------------------------------------------------------------------------------------------------------------------------------
 {[POINT(1 1)@2000-01-01 00:00:00+00, POINT(2 2)@2000-01-02 00:00:00+00], [POINT(4 4)@2000-01-04 00:00:00+00, POINT(5 5)@2000-01-05 00:00:00+00], [POINT(7 7)@2000-01-07 00:00:00+00]}
(1 row)

WITH temp(inst) AS (
  SELECT tgeompoint 'Point(1 1 1)@2000-01-01' UNION
  SELECT tgeompoint 'Point(2 2 2)@2000-01-02' UNION
  SELECT tgeompoint 'Point(2 2 2)@2000-01-04' UNION
  SELECT tgeompoint 'Point(5 5 5)@2000-01-05' UNION
  SELECT tgeompoint 'Point(7 7 7)@2000-01-07' )
SELECT asText(appendInstant(inst, sqrt(3), '1 day' ORDER BY inst)) FROM temp;
                                                                                                      astext                                                                                                      
------------------------------------------------------------------------------------------------------------------------------------------------------------------------------------------------------------------
 {[POINT Z (1 1 1)@2000-01-01 00:00:00+00, POINT Z (2 2 2)@2000-01-02 00:00:00+00], [POINT Z (2 2 2)@2000-01-04 00:00:00+00], [POINT Z (5 5 5)@2000-01-05 00:00:00+00], [POINT Z (7 7 7)@2000-01-07 00:00:00+00]}
(1 row)

WITH temp1(k, inst) AS (
  SELECT 1, tgeompoint 'Point(1 1)@2000-01-01' UNION
  SELECT 2, tgeompoint 'Point(2 2)@2000-01-02' UNION
  SELECT 3, tgeompoint 'Point(3 3)@2000-01-03' UNION
  SELECT 4, tgeompoint 'Point(4 4)@2000-01-04' UNION
  SELECT 5, tgeompoint 'Point(5 5)@2000-01-05' UNION
  SELECT 6, tgeompoint 'Point(6 6)@2000-01-06' UNION
  SELECT 7, tgeompoint 'Point(7 7)@2000-01-07' UNION
  SELECT 8, tgeompoint 'Point(8 8)@2000-01-08'  ),
temp2(k, seq) AS (
  SELECT k / 3, appendInstant(inst ORDER BY inst)
  FROM temp1
  GROUP BY k / 3)
SELECT astext(appendSequence(seq ORDER BY seq)) FROM temp2;
                                                                                                          astext                                                                                                          
--------------------------------------------------------------------------------------------------------------------------------------------------------------------------------------------------------------------------
 {[POINT(1 1)@2000-01-01 00:00:00+00, POINT(2 2)@2000-01-02 00:00:00+00], [POINT(3 3)@2000-01-03 00:00:00+00, POINT(5 5)@2000-01-05 00:00:00+00], [POINT(6 6)@2000-01-06 00:00:00+00, POINT(8 8)@2000-01-08 00:00:00+00]}
(1 row)

WITH temp1(k, inst) AS (
  SELECT 1, tgeogpoint 'Point(1 1)@2000-01-01' UNION
  SELECT 2, tgeogpoint 'Point(2 2)@2000-01-02' UNION
  SELECT 3, tgeogpoint 'Point(3 3)@2000-01-03' UNION
  SELECT 4, tgeogpoint 'Point(4 4)@2000-01-04' UNION
  SELECT 5, tgeogpoint 'Point(5 5)@2000-01-05' UNION
  SELECT 6, tgeogpoint 'Point(6 6)@2000-01-06' UNION
  SELECT 7, tgeogpoint 'Point(7 7)@2000-01-07' UNION
  SELECT 8, tgeogpoint 'Point(8 8)@2000-01-08'  ),
temp2(seq) AS (
  SELECT appendInstant(inst ORDER BY inst)
  FROM temp1
  GROUP BY k / 3)
SELECT astext(appendSequence(seq ORDER BY seq)) FROM temp2;
                                                                                                                                             astext                                                                                                                                             
------------------------------------------------------------------------------------------------------------------------------------------------------------------------------------------------------------------------------------------------------------------------------------------------
 {[POINT(1 1)@2000-01-01 00:00:00+00, POINT(2 2)@2000-01-02 00:00:00+00], [POINT(3 3)@2000-01-03 00:00:00+00, POINT(4 4)@2000-01-04 00:00:00+00, POINT(5 5)@2000-01-05 00:00:00+00], [POINT(6 6)@2000-01-06 00:00:00+00, POINT(7 7)@2000-01-07 00:00:00+00, POINT(8 8)@2000-01-08 00:00:00+00]}
(1 row)

WITH temp1(k, inst) AS (
  SELECT extract(day from d)::int % 2,
    tgeompoint_inst(ST_Point(extract(day from d)::int % 2,extract(day from d)::int % 2), d)
  FROM generate_series(timestamptz '1900-01-01', '2000-01-10', interval '1 day') AS d ),
temp2(seq) AS (
  SELECT appendInstant(inst ORDER BY inst)
  FROM temp1
  GROUP BY k / 3)
SELECT numInstants(appendSequence(seq ORDER BY seq)) FROM temp2;
 numinstants 
-------------
       36534
(1 row)

