SELECT COUNT(*) FROM tbl_geometry, tbl_tgeompoint
  WHERE tContains(g, temp) IS NOT NULL;
 count 
-------
  9400
(1 row)

SELECT COUNT(*) FROM tbl_geometry, tbl_tgeompoint_step_seq
  WHERE tContains(g, seq) IS NOT NULL;
 count 
-------
  9400
(1 row)

SELECT COUNT(*) FROM tbl_geometry, tbl_tgeompoint_step_seqset
  WHERE tContains(g, ss) IS NOT NULL;
 count 
-------
  9400
(1 row)

SELECT COUNT(*) FROM tbl_geometry, tbl_tgeompoint
  WHERE geometrytype(trajectory(temp)) <> 'GEOMETRYCOLLECTION' AND
  tContains(g, temp) ?= true <> eContains(g, temp);
 count 
-------
     0
(1 row)

SELECT COUNT(*) FROM tbl_geometry, tbl_tgeompoint_step_seq
  WHERE tContains(g, seq) ?= true <> eContains(g, seq);
 count 
-------
     0
(1 row)

SELECT COUNT(*) FROM tbl_geometry, tbl_tgeompoint_step_seqset
  WHERE tContains(g, ss) ?= true <> eContains(g, ss);
 count 
-------
     0
(1 row)

SELECT COUNT(*) FROM tbl_geom_point, tbl_tgeompoint
  WHERE tDisjoint(g, temp) IS NOT NULL;
 count 
-------
  9900
(1 row)

SELECT COUNT(*) FROM tbl_tgeompoint, tbl_geom_point
  WHERE tDisjoint(temp, g) IS NOT NULL;
 count 
-------
  9900
(1 row)

SELECT COUNT(*) FROM tbl_geom_point, tbl_tgeompoint_step_seq
  WHERE tDisjoint(g, seq) IS NOT NULL;
 count 
-------
  9900
(1 row)

SELECT COUNT(*) FROM tbl_geom_point, tbl_tgeompoint_step_seqset
  WHERE tDisjoint(g, ss) IS NOT NULL;
 count 
-------
  9900
(1 row)

SELECT COUNT(*) FROM tbl_geom_point, tbl_tgeompoint
  WHERE tDisjoint(g, temp) ?= true <> eDisjoint(g, temp);
 count 
-------
     0
(1 row)

SELECT COUNT(*) FROM tbl_tgeompoint, tbl_geom_point
  WHERE tDisjoint(temp, g) ?= true <> eDisjoint(temp, g);
 count 
-------
     0
(1 row)

SELECT COUNT(*) FROM tbl_geom_point, tbl_tgeompoint_step_seq
  WHERE tDisjoint(g, seq) ?= true <> eDisjoint(g, seq);
 count 
-------
     0
(1 row)

SELECT COUNT(*) FROM tbl_geom_point, tbl_tgeompoint_step_seqset
  WHERE tDisjoint(g, ss) ?= true <> eDisjoint(g, ss);
 count 
-------
     0
(1 row)

SELECT COUNT(*) FROM tbl_tgeompoint t1, tbl_tgeompoint t2
  WHERE tDisjoint(t1.temp, t2.temp) ?= true <> eDisjoint(t1.temp, t2.temp);
 count 
-------
     0
(1 row)

SELECT COUNT(*) FROM tbl_tgeompoint3D t1, tbl_tgeompoint3D t2
  WHERE tDisjoint(t1.temp, t2.temp) ?= true <> eDisjoint(t1.temp, t2.temp);
 count 
-------
     0
(1 row)

SELECT COUNT(*) FROM tbl_geom_point, tbl_tgeompoint
  WHERE tIntersects(g, temp) IS NOT NULL;
 count 
-------
  9900
(1 row)

SELECT COUNT(*) FROM tbl_tgeompoint, tbl_geom_point
  WHERE tIntersects(temp, g) IS NOT NULL;
 count 
-------
  9900
(1 row)

SELECT COUNT(*) FROM tbl_geom_point, tbl_tgeompoint_step_seq
  WHERE tIntersects(g, seq) IS NOT NULL;
 count 
-------
  9900
(1 row)

SELECT COUNT(*) FROM tbl_geom_point, tbl_tgeompoint_step_seqset
  WHERE tIntersects(g, ss) IS NOT NULL;
 count 
-------
  9900
(1 row)

SELECT COUNT(*) FROM tbl_geom_point, tbl_tgeompoint
  WHERE tIntersects(g, temp) ?= true <> eIntersects(g, temp);
 count 
-------
     0
(1 row)

SELECT COUNT(*) FROM tbl_tgeompoint, tbl_geom_point
  WHERE tIntersects(temp, g) ?= true <> eIntersects(temp, g);
 count 
-------
     0
(1 row)

SELECT COUNT(*) FROM tbl_geom_point, tbl_tgeompoint_step_seq
  WHERE tIntersects(g, seq) ?= true <> eIntersects(g, seq);
 count 
-------
     0
(1 row)

SELECT COUNT(*) FROM tbl_geom_point, tbl_tgeompoint_step_seqset
  WHERE tIntersects(g, ss) ?= true <> eIntersects(g, ss);
 count 
-------
     0
(1 row)

SELECT COUNT(*) FROM tbl_tgeompoint t1, tbl_tgeompoint t2
  WHERE tIntersects(t1.temp, t2.temp) ?= true <> eIntersects(t1.temp, t2.temp);
 count 
-------
     0
(1 row)

SELECT COUNT(*) FROM tbl_tgeompoint3D t1, tbl_tgeompoint3D t2
  WHERE tIntersects(t1.temp, t2.temp) ?= true <> eIntersects(t1.temp, t2.temp);
 count 
-------
     0
(1 row)

SELECT COUNT(*) FROM tbl_geometry, tbl_tgeompoint
  WHERE tTouches(g, temp) IS NOT NULL;
 count 
-------
  9400
(1 row)

SELECT COUNT(*) FROM tbl_tgeompoint, tbl_geom_point
  WHERE tTouches(temp, g) IS NOT NULL;
 count 
-------
  9900
(1 row)

SELECT COUNT(*) FROM tbl_geometry, tbl_tgeompoint_step_seq
  WHERE tTouches(g, seq) IS NOT NULL;
 count 
-------
  9400
(1 row)

SELECT COUNT(*) FROM tbl_geometry, tbl_tgeompoint_step_seqset
  WHERE tTouches(g, ss) IS NOT NULL;
 count 
-------
  9400
(1 row)

SELECT COUNT(*) FROM tbl_geometry, tbl_tgeompoint
  WHERE tTouches(g, temp) ?= true <> eTouches(g, temp);
 count 
-------
     0
(1 row)

SELECT COUNT(*) FROM tbl_tgeompoint, tbl_geometry
  WHERE tTouches(temp, g) ?= true <> eTouches(temp, g);
 count 
-------
     0
(1 row)

SELECT COUNT(*) FROM tbl_geometry, tbl_tgeompoint_step_seq
  WHERE tTouches(g, seq) ?= true <> eTouches(g, seq);
 count 
-------
     0
(1 row)

SELECT COUNT(*) FROM tbl_geometry, tbl_tgeompoint_step_seqset
  WHERE tTouches(g, ss) ?= true <> eTouches(g, ss);
 count 
-------
     0
(1 row)

SELECT COUNT(*) FROM tbl_geom_point, tbl_tgeompoint
  WHERE tDwithin(g, temp, 10) IS NOT NULL;
 count 
-------
  9900
(1 row)

SELECT COUNT(*) FROM tbl_tgeompoint, tbl_geom_point
  WHERE tDwithin(temp, g, 10) IS NOT NULL;
 count 
-------
  9900
(1 row)

SELECT COUNT(*) FROM tbl_tgeompoint t1, tbl_tgeompoint t2
  WHERE tDwithin(t1.temp, t2.temp, 10) IS NOT NULL;
 count 
-------
   152
(1 row)

SELECT COUNT(*) FROM tbl_geom_point, tbl_tgeompoint_step_seq
  WHERE tDwithin(g, seq, 10) IS NOT NULL;
 count 
-------
  9900
(1 row)

SELECT COUNT(*) FROM tbl_geom_point, tbl_tgeompoint_step_seqset
  WHERE tDwithin(g, ss, 10) IS NOT NULL;
 count 
-------
  9900
(1 row)

SELECT COUNT(*) FROM tbl_tgeompoint t1, tbl_tgeompoint3D t2
  WHERE tDwithin(t1.temp, t2.temp, 10) IS NOT NULL;
 count 
-------
     0
(1 row)

SELECT COUNT(*) FROM tbl_tgeompoint3D t1, tbl_tgeompoint t2
  WHERE tDwithin(t1.temp, t2.temp, 10) IS NOT NULL;
 count 
-------
     0
(1 row)

SELECT COUNT(*) FROM tbl_geom_point, tbl_tgeompoint
  WHERE tDwithin(g, temp, 10) ?= true <> edwithin(g, temp, 10);
 count 
-------
     0
(1 row)

SELECT COUNT(*) FROM tbl_tgeompoint, tbl_geom_point
  WHERE tDwithin(temp, g, 10) ?= true <> edwithin(temp, g, 10);
 count 
-------
     0
(1 row)

SELECT COUNT(*) FROM tbl_tgeompoint t1, tbl_tgeompoint t2
  WHERE tDwithin(t1.temp, t2.temp, 10) ?= true <> edwithin(t1.temp, t2.temp, 10);
 count 
-------
     0
(1 row)

SELECT COUNT(*) FROM tbl_geom_point, tbl_tgeompoint_step_seq
  WHERE tDwithin(g, seq, 10) ?= true <> edwithin(g, seq, 10);
 count 
-------
     0
(1 row)

SELECT COUNT(*) FROM tbl_geom_point, tbl_tgeompoint_step_seqset
  WHERE tDwithin(g, ss, 10) ?= true <> edwithin(g, ss, 10);
 count 
-------
     0
(1 row)

SELECT COUNT(*) FROM tbl_tgeompoint t1, tbl_tgeompoint3D t2
  WHERE tDwithin(t1.temp, t2.temp, 10) ?= true <> edwithin(t1.temp, t2.temp, 10);
 count 
-------
     0
(1 row)

SELECT COUNT(*) FROM tbl_tgeompoint3D t1, tbl_tgeompoint t2
  WHERE tDwithin(t1.temp, t2.temp, 10) ?= true <> edwithin(t1.temp, t2.temp, 10);
 count 
-------
     0
(1 row)

