/*****************************************************************************
 * Temporal addition
 *****************************************************************************/
SELECT count(*) FROM tbl_tint, tbl_int WHERE i + temp IS NOT NULL;
 count 
-------
 10000
(1 row)

SELECT count(*) FROM tbl_tfloat, tbl_int WHERE i + temp IS NOT NULL;
 count 
-------
 10000
(1 row)

SELECT count(*) FROM tbl_tint, tbl_float WHERE f + temp IS NOT NULL;
 count 
-------
 10000
(1 row)

SELECT count(*) FROM tbl_tfloat, tbl_float WHERE f + temp IS NOT NULL;
 count 
-------
 10000
(1 row)

SELECT count(*) FROM tbl_tint, tbl_int WHERE temp + i IS NOT NULL;
 count 
-------
 10000
(1 row)

SELECT count(*) FROM tbl_tint, tbl_float WHERE temp + f IS NOT NULL;
 count 
-------
 10000
(1 row)

SELECT count(*) FROM tbl_tint t1, tbl_tint t2 WHERE t1.temp + t2.temp IS NOT NULL;
 count 
-------
   154
(1 row)

SELECT count(*) FROM tbl_tint t1, tbl_tfloat t2 WHERE t1.temp + t2.temp IS NOT NULL;
 count 
-------
     4
(1 row)

SELECT count(*) FROM tbl_tfloat, tbl_int WHERE temp + i IS NOT NULL;
 count 
-------
 10000
(1 row)

SELECT count(*) FROM tbl_tfloat, tbl_float WHERE temp + f IS NOT NULL;
 count 
-------
 10000
(1 row)

SELECT count(*) FROM tbl_tfloat t1, tbl_tint t2 WHERE t1.temp + t2.temp IS NOT NULL;
 count 
-------
     4
(1 row)

SELECT count(*) FROM tbl_tfloat t1, tbl_tfloat t2 WHERE t1.temp + t2.temp IS NOT NULL;
 count 
-------
   150
(1 row)

/*****************************************************************************
 * Temporal subtraction
 *****************************************************************************/
SELECT count(*) FROM tbl_tint, tbl_int WHERE i - temp IS NOT NULL;
 count 
-------
 10000
(1 row)

SELECT count(*) FROM tbl_tfloat, tbl_int WHERE i - temp IS NOT NULL;
 count 
-------
 10000
(1 row)

SELECT count(*) FROM tbl_tint, tbl_float WHERE f - temp IS NOT NULL;
 count 
-------
 10000
(1 row)

SELECT count(*) FROM tbl_tfloat, tbl_float WHERE f - temp IS NOT NULL;
 count 
-------
 10000
(1 row)

SELECT count(*) FROM tbl_tint, tbl_int WHERE temp - i IS NOT NULL;
 count 
-------
 10000
(1 row)

SELECT count(*) FROM tbl_tint, tbl_float WHERE temp - f IS NOT NULL;
 count 
-------
 10000
(1 row)

SELECT count(*) FROM tbl_tint t1, tbl_tint t2 WHERE t1.temp - t2.temp IS NOT NULL;
 count 
-------
   154
(1 row)

SELECT count(*) FROM tbl_tint t1, tbl_tfloat t2 WHERE t1.temp - t2.temp IS NOT NULL;
 count 
-------
     4
(1 row)

SELECT count(*) FROM tbl_tfloat, tbl_int WHERE temp - i IS NOT NULL;
 count 
-------
 10000
(1 row)

SELECT count(*) FROM tbl_tfloat, tbl_float WHERE temp - f IS NOT NULL;
 count 
-------
 10000
(1 row)

SELECT count(*) FROM tbl_tfloat t1, tbl_tint t2 WHERE t1.temp - t2.temp IS NOT NULL;
 count 
-------
     4
(1 row)

SELECT count(*) FROM tbl_tfloat t1, tbl_tfloat t2 WHERE t1.temp - t2.temp IS NOT NULL;
 count 
-------
   150
(1 row)

/*****************************************************************************
 * Temporal multiplication
 *****************************************************************************/
SELECT count(*) FROM tbl_tint, tbl_int WHERE i * temp IS NOT NULL;
 count 
-------
 10000
(1 row)

SELECT count(*) FROM tbl_tfloat, tbl_int WHERE i * temp IS NOT NULL;
 count 
-------
 10000
(1 row)

SELECT count(*) FROM tbl_tint, tbl_float WHERE f * temp IS NOT NULL;
 count 
-------
 10000
(1 row)

SELECT count(*) FROM tbl_tfloat, tbl_float WHERE f * temp IS NOT NULL;
 count 
-------
 10000
(1 row)

SELECT count(*) FROM tbl_tint, tbl_int WHERE temp * i IS NOT NULL;
 count 
-------
 10000
(1 row)

SELECT count(*) FROM tbl_tint, tbl_float WHERE temp * f IS NOT NULL;
 count 
-------
 10000
(1 row)

SELECT count(*) FROM tbl_tint t1, tbl_tint t2 WHERE t1.temp * t2.temp IS NOT NULL;
 count 
-------
   154
(1 row)

SELECT count(*) FROM tbl_tint t1, tbl_tfloat t2 WHERE t1.temp * t2.temp IS NOT NULL;
 count 
-------
     4
(1 row)

SELECT count(*) FROM tbl_tfloat, tbl_int WHERE temp * i IS NOT NULL;
 count 
-------
 10000
(1 row)

SELECT count(*) FROM tbl_tfloat, tbl_float WHERE temp * f IS NOT NULL;
 count 
-------
 10000
(1 row)

SELECT count(*) FROM tbl_tfloat t1, tbl_tint t2 WHERE t1.temp * t2.temp IS NOT NULL;
 count 
-------
     4
(1 row)

SELECT count(*) FROM tbl_tfloat t1, tbl_tfloat t2 WHERE t1.temp * t2.temp IS NOT NULL;
 count 
-------
   150
(1 row)

/*****************************************************************************
 * Temporal division
 *****************************************************************************/
SELECT count(*) FROM tbl_tint, tbl_int WHERE i / temp IS NOT NULL;
 count 
-------
 10000
(1 row)

SELECT count(*) FROM tbl_tfloat, tbl_int WHERE i / temp IS NOT NULL;
 count 
-------
 10000
(1 row)

SELECT count(*) FROM tbl_tint, tbl_float WHERE f / temp IS NOT NULL;
 count 
-------
 10000
(1 row)

SELECT count(*) FROM tbl_tfloat, tbl_float WHERE f / temp IS NOT NULL;
 count 
-------
 10000
(1 row)

SELECT count(*) FROM tbl_tint, tbl_int WHERE temp / i IS NOT NULL;
 count 
-------
 10000
(1 row)

SELECT count(*) FROM tbl_tint, tbl_float WHERE temp / f IS NOT NULL;
 count 
-------
 10000
(1 row)

SELECT count(*) FROM tbl_tint t1, tbl_tint t2 WHERE t1.temp / t2.temp IS NOT NULL;
 count 
-------
   154
(1 row)

SELECT count(*) FROM tbl_tint t1, tbl_tfloat t2 WHERE t1.temp / t2.temp IS NOT NULL;
 count 
-------
     4
(1 row)

SELECT count(*) FROM tbl_tfloat, tbl_int WHERE temp / i IS NOT NULL;
 count 
-------
 10000
(1 row)

SELECT count(*) FROM tbl_tfloat, tbl_float WHERE temp / f IS NOT NULL;
 count 
-------
 10000
(1 row)

SELECT count(*) FROM tbl_tfloat t1, tbl_tint t2 WHERE t1.temp / t2.temp IS NOT NULL;
 count 
-------
     4
(1 row)

SELECT count(*) FROM tbl_tfloat t1, tbl_tfloat t2 WHERE t1.temp / t2.temp IS NOT NULL;
 count 
-------
   150
(1 row)

/*****************************************************************************
 * Temporal round and degrees
 *****************************************************************************/
SELECT count(*) FROM tbl_tfloat WHERE round(temp, 1) IS NOT NULL;
 count 
-------
   100
(1 row)

SELECT count(*) FROM tbl_tfloat WHERE degrees(temp) IS NOT NULL;
 count 
-------
   100
(1 row)

/*****************************************************************************/
